../Drivers/BSP/Components/lsm6dsv16x/lsm6dsv16x_reg.c:48:16:lsm6dsv16x_read_reg	40	static
../Drivers/BSP/Components/lsm6dsv16x/lsm6dsv16x_reg.c:74:16:lsm6dsv16x_write_reg	40	static
../Drivers/BSP/Components/lsm6dsv16x/lsm6dsv16x_reg.c:102:13:bytecpy	16	static
../Drivers/BSP/Components/lsm6dsv16x/lsm6dsv16x_reg.c:121:9:lsm6dsv16x_from_sflp_to_mg	16	static
../Drivers/BSP/Components/lsm6dsv16x/lsm6dsv16x_reg.c:126:9:lsm6dsv16x_from_fs2_to_mg	16	static
../Drivers/BSP/Components/lsm6dsv16x/lsm6dsv16x_reg.c:131:9:lsm6dsv16x_from_fs4_to_mg	16	static
../Drivers/BSP/Components/lsm6dsv16x/lsm6dsv16x_reg.c:136:9:lsm6dsv16x_from_fs8_to_mg	16	static
../Drivers/BSP/Components/lsm6dsv16x/lsm6dsv16x_reg.c:141:9:lsm6dsv16x_from_fs16_to_mg	16	static
../Drivers/BSP/Components/lsm6dsv16x/lsm6dsv16x_reg.c:146:9:lsm6dsv16x_from_fs125_to_mdps	16	static
../Drivers/BSP/Components/lsm6dsv16x/lsm6dsv16x_reg.c:151:9:lsm6dsv16x_from_fs250_to_mdps	16	static
../Drivers/BSP/Components/lsm6dsv16x/lsm6dsv16x_reg.c:156:9:lsm6dsv16x_from_fs500_to_mdps	16	static
../Drivers/BSP/Components/lsm6dsv16x/lsm6dsv16x_reg.c:161:9:lsm6dsv16x_from_fs1000_to_mdps	16	static
../Drivers/BSP/Components/lsm6dsv16x/lsm6dsv16x_reg.c:166:9:lsm6dsv16x_from_fs2000_to_mdps	16	static
../Drivers/BSP/Components/lsm6dsv16x/lsm6dsv16x_reg.c:171:9:lsm6dsv16x_from_fs4000_to_mdps	16	static
../Drivers/BSP/Components/lsm6dsv16x/lsm6dsv16x_reg.c:176:9:lsm6dsv16x_from_lsb_to_celsius	16	static
../Drivers/BSP/Components/lsm6dsv16x/lsm6dsv16x_reg.c:181:9:lsm6dsv16x_from_lsb_to_nsec	16	static
../Drivers/BSP/Components/lsm6dsv16x/lsm6dsv16x_reg.c:186:9:lsm6dsv16x_from_lsb_to_mv	16	static
../Drivers/BSP/Components/lsm6dsv16x/lsm6dsv16x_reg.c:212:9:lsm6dsv16x_xl_offset_on_out_set	24	static
../Drivers/BSP/Components/lsm6dsv16x/lsm6dsv16x_reg.c:235:9:lsm6dsv16x_xl_offset_on_out_get	24	static
../Drivers/BSP/Components/lsm6dsv16x/lsm6dsv16x_reg.c:254:9:lsm6dsv16x_xl_offset_mg_set	56	static
../Drivers/BSP/Components/lsm6dsv16x/lsm6dsv16x_reg.c:327:9:lsm6dsv16x_xl_offset_mg_get	40	static
../Drivers/BSP/Components/lsm6dsv16x/lsm6dsv16x_reg.c:374:9:lsm6dsv16x_reset_set	32	static
../Drivers/BSP/Components/lsm6dsv16x/lsm6dsv16x_reg.c:405:9:lsm6dsv16x_reset_get	32	static
../Drivers/BSP/Components/lsm6dsv16x/lsm6dsv16x_reg.c:452:9:lsm6dsv16x_mem_bank_set	24	static
../Drivers/BSP/Components/lsm6dsv16x/lsm6dsv16x_reg.c:478:9:lsm6dsv16x_mem_bank_get	24	static
../Drivers/BSP/Components/lsm6dsv16x/lsm6dsv16x_reg.c:520:9:lsm6dsv16x_device_id_get	24	static
../Drivers/BSP/Components/lsm6dsv16x/lsm6dsv16x_reg.c:537:9:lsm6dsv16x_xl_data_rate_set	32	static
../Drivers/BSP/Components/lsm6dsv16x/lsm6dsv16x_reg.c:577:9:lsm6dsv16x_xl_data_rate_get	32	static
../Drivers/BSP/Components/lsm6dsv16x/lsm6dsv16x_reg.c:784:9:lsm6dsv16x_xl_mode_set	24	static
../Drivers/BSP/Components/lsm6dsv16x/lsm6dsv16x_reg.c:808:9:lsm6dsv16x_xl_mode_get	24	static
../Drivers/BSP/Components/lsm6dsv16x/lsm6dsv16x_reg.c:865:9:lsm6dsv16x_gy_data_rate_set	32	static
../Drivers/BSP/Components/lsm6dsv16x/lsm6dsv16x_reg.c:901:9:lsm6dsv16x_gy_data_rate_get	32	static
../Drivers/BSP/Components/lsm6dsv16x/lsm6dsv16x_reg.c:1108:9:lsm6dsv16x_gy_mode_set	24	static
../Drivers/BSP/Components/lsm6dsv16x/lsm6dsv16x_reg.c:1131:9:lsm6dsv16x_gy_mode_get	24	static
../Drivers/BSP/Components/lsm6dsv16x/lsm6dsv16x_reg.c:1176:9:lsm6dsv16x_auto_increment_set	24	static
../Drivers/BSP/Components/lsm6dsv16x/lsm6dsv16x_reg.c:1199:9:lsm6dsv16x_auto_increment_get	24	static
../Drivers/BSP/Components/lsm6dsv16x/lsm6dsv16x_reg.c:1218:9:lsm6dsv16x_block_data_update_set	24	static
../Drivers/BSP/Components/lsm6dsv16x/lsm6dsv16x_reg.c:1242:9:lsm6dsv16x_block_data_update_get	24	static
../Drivers/BSP/Components/lsm6dsv16x/lsm6dsv16x_reg.c:1261:9:lsm6dsv16x_odr_trig_cfg_set	24	static
../Drivers/BSP/Components/lsm6dsv16x/lsm6dsv16x_reg.c:1290:9:lsm6dsv16x_odr_trig_cfg_get	24	static
../Drivers/BSP/Components/lsm6dsv16x/lsm6dsv16x_reg.c:1309:9:lsm6dsv16x_data_ready_mode_set	24	static
../Drivers/BSP/Components/lsm6dsv16x/lsm6dsv16x_reg.c:1334:9:lsm6dsv16x_data_ready_mode_get	24	static
../Drivers/BSP/Components/lsm6dsv16x/lsm6dsv16x_reg.c:1368:9:lsm6dsv16x_interrupt_enable_set	32	static
../Drivers/BSP/Components/lsm6dsv16x/lsm6dsv16x_reg.c:1398:9:lsm6dsv16x_interrupt_enable_get	32	static
../Drivers/BSP/Components/lsm6dsv16x/lsm6dsv16x_reg.c:1426:9:lsm6dsv16x_gy_full_scale_set	24	static
../Drivers/BSP/Components/lsm6dsv16x/lsm6dsv16x_reg.c:1451:9:lsm6dsv16x_gy_full_scale_get	24	static
../Drivers/BSP/Components/lsm6dsv16x/lsm6dsv16x_reg.c:1505:9:lsm6dsv16x_xl_full_scale_set	24	static
../Drivers/BSP/Components/lsm6dsv16x/lsm6dsv16x_reg.c:1530:9:lsm6dsv16x_xl_full_scale_get	24	static
../Drivers/BSP/Components/lsm6dsv16x/lsm6dsv16x_reg.c:1576:9:lsm6dsv16x_xl_dual_channel_set	24	static
../Drivers/BSP/Components/lsm6dsv16x/lsm6dsv16x_reg.c:1600:9:lsm6dsv16x_xl_dual_channel_get	24	static
../Drivers/BSP/Components/lsm6dsv16x/lsm6dsv16x_reg.c:1619:9:lsm6dsv16x_xl_self_test_set	24	static
../Drivers/BSP/Components/lsm6dsv16x/lsm6dsv16x_reg.c:1644:9:lsm6dsv16x_xl_self_test_get	24	static
../Drivers/BSP/Components/lsm6dsv16x/lsm6dsv16x_reg.c:1686:9:lsm6dsv16x_gy_self_test_set	24	static
../Drivers/BSP/Components/lsm6dsv16x/lsm6dsv16x_reg.c:1711:9:lsm6dsv16x_gy_self_test_get	24	static
../Drivers/BSP/Components/lsm6dsv16x/lsm6dsv16x_reg.c:1753:9:lsm6dsv16x_ois_xl_self_test_set	24	static
../Drivers/BSP/Components/lsm6dsv16x/lsm6dsv16x_reg.c:1778:9:lsm6dsv16x_ois_xl_self_test_get	24	static
../Drivers/BSP/Components/lsm6dsv16x/lsm6dsv16x_reg.c:1820:9:lsm6dsv16x_ois_gy_self_test_set	24	static
../Drivers/BSP/Components/lsm6dsv16x/lsm6dsv16x_reg.c:1846:9:lsm6dsv16x_ois_gy_self_test_get	24	static
../Drivers/BSP/Components/lsm6dsv16x/lsm6dsv16x_reg.c:1898:9:lsm6dsv16x_pin_int1_route_set	32	static
../Drivers/BSP/Components/lsm6dsv16x/lsm6dsv16x_reg.c:1958:9:lsm6dsv16x_pin_int1_route_get	32	static
../Drivers/BSP/Components/lsm6dsv16x/lsm6dsv16x_reg.c:2004:9:lsm6dsv16x_pin_int2_route_set	32	static
../Drivers/BSP/Components/lsm6dsv16x/lsm6dsv16x_reg.c:2069:9:lsm6dsv16x_pin_int2_route_get	32	static
../Drivers/BSP/Components/lsm6dsv16x/lsm6dsv16x_reg.c:2131:9:lsm6dsv16x_all_sources_get	88	static
../Drivers/BSP/Components/lsm6dsv16x/lsm6dsv16x_reg.c:2284:9:lsm6dsv16x_flag_data_ready_get	24	static
../Drivers/BSP/Components/lsm6dsv16x/lsm6dsv16x_reg.c:2311:9:lsm6dsv16x_int_ack_mask_set	24	static
../Drivers/BSP/Components/lsm6dsv16x/lsm6dsv16x_reg.c:2328:9:lsm6dsv16x_int_ack_mask_get	24	static
../Drivers/BSP/Components/lsm6dsv16x/lsm6dsv16x_reg.c:2345:9:lsm6dsv16x_temperature_raw_get	24	static
../Drivers/BSP/Components/lsm6dsv16x/lsm6dsv16x_reg.c:2370:9:lsm6dsv16x_angular_rate_raw_get	32	static
../Drivers/BSP/Components/lsm6dsv16x/lsm6dsv16x_reg.c:2399:9:lsm6dsv16x_ois_angular_rate_raw_get	32	static
../Drivers/BSP/Components/lsm6dsv16x/lsm6dsv16x_reg.c:2428:9:lsm6dsv16x_ois_eis_angular_rate_raw_get	32	static
../Drivers/BSP/Components/lsm6dsv16x/lsm6dsv16x_reg.c:2457:9:lsm6dsv16x_acceleration_raw_get	32	static
../Drivers/BSP/Components/lsm6dsv16x/lsm6dsv16x_reg.c:2486:9:lsm6dsv16x_dual_acceleration_raw_get	32	static
../Drivers/BSP/Components/lsm6dsv16x/lsm6dsv16x_reg.c:2515:9:lsm6dsv16x_ah_qvar_raw_get	24	static
../Drivers/BSP/Components/lsm6dsv16x/lsm6dsv16x_reg.c:2540:9:lsm6dsv16x_odr_cal_reg_get	24	static
../Drivers/BSP/Components/lsm6dsv16x/lsm6dsv16x_reg.c:2559:9:lsm6dsv16x_ln_pg_write	48	static
../Drivers/BSP/Components/lsm6dsv16x/lsm6dsv16x_reg.c:2673:9:lsm6dsv16x_ln_pg_read	48	static
../Drivers/BSP/Components/lsm6dsv16x/lsm6dsv16x_reg.c:2780:9:lsm6dsv16x_emb_function_dbg_set	24	static
../Drivers/BSP/Components/lsm6dsv16x/lsm6dsv16x_reg.c:2804:9:lsm6dsv16x_emb_function_dbg_get	24	static
../Drivers/BSP/Components/lsm6dsv16x/lsm6dsv16x_reg.c:2841:9:lsm6dsv16x_den_polarity_set	24	static
../Drivers/BSP/Components/lsm6dsv16x/lsm6dsv16x_reg.c:2866:9:lsm6dsv16x_den_polarity_get	24	static
../Drivers/BSP/Components/lsm6dsv16x/lsm6dsv16x_reg.c:2904:9:lsm6dsv16x_den_conf_set	24	static
../Drivers/BSP/Components/lsm6dsv16x/lsm6dsv16x_reg.c:2962:9:lsm6dsv16x_den_conf_get	24	static
../Drivers/BSP/Components/lsm6dsv16x/lsm6dsv16x_reg.c:3039:9:lsm6dsv16x_eis_gy_full_scale_set	24	static
../Drivers/BSP/Components/lsm6dsv16x/lsm6dsv16x_reg.c:3064:9:lsm6dsv16x_eis_gy_full_scale_get	24	static
../Drivers/BSP/Components/lsm6dsv16x/lsm6dsv16x_reg.c:3113:9:lsm6dsv16x_eis_gy_on_spi2_set	24	static
../Drivers/BSP/Components/lsm6dsv16x/lsm6dsv16x_reg.c:3137:9:lsm6dsv16x_eis_gy_on_spi2_get	24	static
../Drivers/BSP/Components/lsm6dsv16x/lsm6dsv16x_reg.c:3156:9:lsm6dsv16x_gy_eis_data_rate_set	24	static
../Drivers/BSP/Components/lsm6dsv16x/lsm6dsv16x_reg.c:3181:9:lsm6dsv16x_gy_eis_data_rate_get	24	static
../Drivers/BSP/Components/lsm6dsv16x/lsm6dsv16x_reg.c:3235:9:lsm6dsv16x_fifo_watermark_set	24	static
../Drivers/BSP/Components/lsm6dsv16x/lsm6dsv16x_reg.c:3259:9:lsm6dsv16x_fifo_watermark_get	24	static
../Drivers/BSP/Components/lsm6dsv16x/lsm6dsv16x_reg.c:3278:9:lsm6dsv16x_fifo_xl_dual_fsm_batch_set	24	static
../Drivers/BSP/Components/lsm6dsv16x/lsm6dsv16x_reg.c:3301:9:lsm6dsv16x_fifo_xl_dual_fsm_batch_get	24	static
../Drivers/BSP/Components/lsm6dsv16x/lsm6dsv16x_reg.c:3320:9:lsm6dsv16x_fifo_compress_algo_set	24	static
../Drivers/BSP/Components/lsm6dsv16x/lsm6dsv16x_reg.c:3344:9:lsm6dsv16x_fifo_compress_algo_get	24	static
../Drivers/BSP/Components/lsm6dsv16x/lsm6dsv16x_reg.c:3389:9:lsm6dsv16x_fifo_virtual_sens_odr_chg_set	24	static
../Drivers/BSP/Components/lsm6dsv16x/lsm6dsv16x_reg.c:3412:9:lsm6dsv16x_fifo_virtual_sens_odr_chg_get	24	static
../Drivers/BSP/Components/lsm6dsv16x/lsm6dsv16x_reg.c:3432:9:lsm6dsv16x_fifo_compress_algo_real_time_set	32	static
../Drivers/BSP/Components/lsm6dsv16x/lsm6dsv16x_reg.c:3470:9:lsm6dsv16x_fifo_compress_algo_real_time_get	24	static
../Drivers/BSP/Components/lsm6dsv16x/lsm6dsv16x_reg.c:3491:9:lsm6dsv16x_fifo_stop_on_wtm_set	24	static
../Drivers/BSP/Components/lsm6dsv16x/lsm6dsv16x_reg.c:3514:9:lsm6dsv16x_fifo_stop_on_wtm_get	24	static
../Drivers/BSP/Components/lsm6dsv16x/lsm6dsv16x_reg.c:3533:9:lsm6dsv16x_fifo_xl_batch_set	24	static
../Drivers/BSP/Components/lsm6dsv16x/lsm6dsv16x_reg.c:3557:9:lsm6dsv16x_fifo_xl_batch_get	24	static
../Drivers/BSP/Components/lsm6dsv16x/lsm6dsv16x_reg.c:3639:9:lsm6dsv16x_fifo_gy_batch_set	24	static
../Drivers/BSP/Components/lsm6dsv16x/lsm6dsv16x_reg.c:3663:9:lsm6dsv16x_fifo_gy_batch_get	24	static
../Drivers/BSP/Components/lsm6dsv16x/lsm6dsv16x_reg.c:3745:9:lsm6dsv16x_fifo_mode_set	24	static
../Drivers/BSP/Components/lsm6dsv16x/lsm6dsv16x_reg.c:3768:9:lsm6dsv16x_fifo_mode_get	24	static
../Drivers/BSP/Components/lsm6dsv16x/lsm6dsv16x_reg.c:3824:9:lsm6dsv16x_fifo_gy_eis_batch_set	24	static
../Drivers/BSP/Components/lsm6dsv16x/lsm6dsv16x_reg.c:3847:9:lsm6dsv16x_fifo_gy_eis_batch_get	24	static
../Drivers/BSP/Components/lsm6dsv16x/lsm6dsv16x_reg.c:3866:9:lsm6dsv16x_fifo_temp_batch_set	24	static
../Drivers/BSP/Components/lsm6dsv16x/lsm6dsv16x_reg.c:3890:9:lsm6dsv16x_fifo_temp_batch_get	24	static
../Drivers/BSP/Components/lsm6dsv16x/lsm6dsv16x_reg.c:3935:9:lsm6dsv16x_fifo_timestamp_batch_set	24	static
../Drivers/BSP/Components/lsm6dsv16x/lsm6dsv16x_reg.c:3959:9:lsm6dsv16x_fifo_timestamp_batch_get	24	static
../Drivers/BSP/Components/lsm6dsv16x/lsm6dsv16x_reg.c:4005:9:lsm6dsv16x_fifo_batch_counter_threshold_set	32	static
../Drivers/BSP/Components/lsm6dsv16x/lsm6dsv16x_reg.c:4033:9:lsm6dsv16x_fifo_batch_counter_threshold_get	24	static
../Drivers/BSP/Components/lsm6dsv16x/lsm6dsv16x_reg.c:4059:9:lsm6dsv16x_fifo_batch_cnt_event_set	24	static
../Drivers/BSP/Components/lsm6dsv16x/lsm6dsv16x_reg.c:4083:9:lsm6dsv16x_fifo_batch_cnt_event_get	24	static
../Drivers/BSP/Components/lsm6dsv16x/lsm6dsv16x_reg.c:4117:9:lsm6dsv16x_fifo_status_get	32	static
../Drivers/BSP/Components/lsm6dsv16x/lsm6dsv16x_reg.c:4152:9:lsm6dsv16x_fifo_out_raw_get	32	static
../Drivers/BSP/Components/lsm6dsv16x/lsm6dsv16x_reg.c:4306:9:lsm6dsv16x_fifo_stpcnt_batch_set	24	static
../Drivers/BSP/Components/lsm6dsv16x/lsm6dsv16x_reg.c:4334:9:lsm6dsv16x_fifo_stpcnt_batch_get	24	static
../Drivers/BSP/Components/lsm6dsv16x/lsm6dsv16x_reg.c:4361:9:lsm6dsv16x_fifo_mlc_batch_set	24	static
../Drivers/BSP/Components/lsm6dsv16x/lsm6dsv16x_reg.c:4389:9:lsm6dsv16x_fifo_mlc_batch_get	24	static
../Drivers/BSP/Components/lsm6dsv16x/lsm6dsv16x_reg.c:4416:9:lsm6dsv16x_fifo_mlc_filt_batch_set	24	static
../Drivers/BSP/Components/lsm6dsv16x/lsm6dsv16x_reg.c:4444:9:lsm6dsv16x_fifo_mlc_filt_batch_get	24	static
../Drivers/BSP/Components/lsm6dsv16x/lsm6dsv16x_reg.c:4471:9:lsm6dsv16x_fifo_sh_batch_slave_set	24	static
../Drivers/BSP/Components/lsm6dsv16x/lsm6dsv16x_reg.c:4499:9:lsm6dsv16x_fifo_sh_batch_slave_get	32	static
../Drivers/BSP/Components/lsm6dsv16x/lsm6dsv16x_reg.c:4526:9:lsm6dsv16x_fifo_sflp_batch_set	24	static
../Drivers/BSP/Components/lsm6dsv16x/lsm6dsv16x_reg.c:4556:9:lsm6dsv16x_fifo_sflp_batch_get	24	static
../Drivers/BSP/Components/lsm6dsv16x/lsm6dsv16x_reg.c:4598:9:lsm6dsv16x_filt_anti_spike_set	24	static
../Drivers/BSP/Components/lsm6dsv16x/lsm6dsv16x_reg.c:4623:9:lsm6dsv16x_filt_anti_spike_get	24	static
../Drivers/BSP/Components/lsm6dsv16x/lsm6dsv16x_reg.c:4661:9:lsm6dsv16x_filt_settling_mask_set	32	static
../Drivers/BSP/Components/lsm6dsv16x/lsm6dsv16x_reg.c:4701:9:lsm6dsv16x_filt_settling_mask_get	32	static
../Drivers/BSP/Components/lsm6dsv16x/lsm6dsv16x_reg.c:4728:9:lsm6dsv16x_filt_ois_settling_mask_set	24	static
../Drivers/BSP/Components/lsm6dsv16x/lsm6dsv16x_reg.c:4753:9:lsm6dsv16x_filt_ois_settling_mask_get	24	static
../Drivers/BSP/Components/lsm6dsv16x/lsm6dsv16x_reg.c:4774:9:lsm6dsv16x_filt_gy_lp1_bandwidth_set	24	static
../Drivers/BSP/Components/lsm6dsv16x/lsm6dsv16x_reg.c:4798:9:lsm6dsv16x_filt_gy_lp1_bandwidth_get	24	static
../Drivers/BSP/Components/lsm6dsv16x/lsm6dsv16x_reg.c:4860:9:lsm6dsv16x_filt_gy_lp1_set	24	static
../Drivers/BSP/Components/lsm6dsv16x/lsm6dsv16x_reg.c:4884:9:lsm6dsv16x_filt_gy_lp1_get	24	static
../Drivers/BSP/Components/lsm6dsv16x/lsm6dsv16x_reg.c:4903:9:lsm6dsv16x_filt_xl_lp2_bandwidth_set	24	static
../Drivers/BSP/Components/lsm6dsv16x/lsm6dsv16x_reg.c:4927:9:lsm6dsv16x_filt_xl_lp2_bandwidth_get	24	static
../Drivers/BSP/Components/lsm6dsv16x/lsm6dsv16x_reg.c:4989:9:lsm6dsv16x_filt_xl_lp2_set	24	static
../Drivers/BSP/Components/lsm6dsv16x/lsm6dsv16x_reg.c:5012:9:lsm6dsv16x_filt_xl_lp2_get	24	static
../Drivers/BSP/Components/lsm6dsv16x/lsm6dsv16x_reg.c:5031:9:lsm6dsv16x_filt_xl_hp_set	24	static
../Drivers/BSP/Components/lsm6dsv16x/lsm6dsv16x_reg.c:5054:9:lsm6dsv16x_filt_xl_hp_get	24	static
../Drivers/BSP/Components/lsm6dsv16x/lsm6dsv16x_reg.c:5073:9:lsm6dsv16x_filt_xl_fast_settling_set	24	static
../Drivers/BSP/Components/lsm6dsv16x/lsm6dsv16x_reg.c:5096:9:lsm6dsv16x_filt_xl_fast_settling_get	24	static
../Drivers/BSP/Components/lsm6dsv16x/lsm6dsv16x_reg.c:5115:9:lsm6dsv16x_filt_xl_hp_mode_set	24	static
../Drivers/BSP/Components/lsm6dsv16x/lsm6dsv16x_reg.c:5139:9:lsm6dsv16x_filt_xl_hp_mode_get	24	static
../Drivers/BSP/Components/lsm6dsv16x/lsm6dsv16x_reg.c:5177:9:lsm6dsv16x_filt_wkup_act_feed_set	32	static
../Drivers/BSP/Components/lsm6dsv16x/lsm6dsv16x_reg.c:5212:9:lsm6dsv16x_filt_wkup_act_feed_get	32	static
../Drivers/BSP/Components/lsm6dsv16x/lsm6dsv16x_reg.c:5256:9:lsm6dsv16x_mask_trigger_xl_settl_set	24	static
../Drivers/BSP/Components/lsm6dsv16x/lsm6dsv16x_reg.c:5280:9:lsm6dsv16x_mask_trigger_xl_settl_get	24	static
../Drivers/BSP/Components/lsm6dsv16x/lsm6dsv16x_reg.c:5299:9:lsm6dsv16x_filt_sixd_feed_set	24	static
../Drivers/BSP/Components/lsm6dsv16x/lsm6dsv16x_reg.c:5324:9:lsm6dsv16x_filt_sixd_feed_get	24	static
../Drivers/BSP/Components/lsm6dsv16x/lsm6dsv16x_reg.c:5362:9:lsm6dsv16x_filt_gy_eis_lp_bandwidth_set	24	static
../Drivers/BSP/Components/lsm6dsv16x/lsm6dsv16x_reg.c:5387:9:lsm6dsv16x_filt_gy_eis_lp_bandwidth_get	24	static
../Drivers/BSP/Components/lsm6dsv16x/lsm6dsv16x_reg.c:5425:9:lsm6dsv16x_filt_gy_ois_lp_bandwidth_set	24	static
../Drivers/BSP/Components/lsm6dsv16x/lsm6dsv16x_reg.c:5450:9:lsm6dsv16x_filt_gy_ois_lp_bandwidth_get	24	static
../Drivers/BSP/Components/lsm6dsv16x/lsm6dsv16x_reg.c:5497:9:lsm6dsv16x_filt_xl_ois_lp_bandwidth_set	24	static
../Drivers/BSP/Components/lsm6dsv16x/lsm6dsv16x_reg.c:5522:9:lsm6dsv16x_filt_xl_ois_lp_bandwidth_get	24	static
../Drivers/BSP/Components/lsm6dsv16x/lsm6dsv16x_reg.c:5597:9:lsm6dsv16x_fsm_permission_set	24	static
../Drivers/BSP/Components/lsm6dsv16x/lsm6dsv16x_reg.c:5622:9:lsm6dsv16x_fsm_permission_get	24	static
../Drivers/BSP/Components/lsm6dsv16x/lsm6dsv16x_reg.c:5660:9:lsm6dsv16x_fsm_permission_status	24	static
../Drivers/BSP/Components/lsm6dsv16x/lsm6dsv16x_reg.c:5680:9:lsm6dsv16x_fsm_mode_set	32	static
../Drivers/BSP/Components/lsm6dsv16x/lsm6dsv16x_reg.c:5735:9:lsm6dsv16x_fsm_mode_get	24	static
../Drivers/BSP/Components/lsm6dsv16x/lsm6dsv16x_reg.c:5768:9:lsm6dsv16x_fsm_long_cnt_set	24	static
../Drivers/BSP/Components/lsm6dsv16x/lsm6dsv16x_reg.c:5791:9:lsm6dsv16x_fsm_long_cnt_get	24	static
../Drivers/BSP/Components/lsm6dsv16x/lsm6dsv16x_reg.c:5818:9:lsm6dsv16x_fsm_out_get	24	static
../Drivers/BSP/Components/lsm6dsv16x/lsm6dsv16x_reg.c:5837:9:lsm6dsv16x_fsm_data_rate_set	24	static
../Drivers/BSP/Components/lsm6dsv16x/lsm6dsv16x_reg.c:5867:9:lsm6dsv16x_fsm_data_rate_get	24	static
../Drivers/BSP/Components/lsm6dsv16x/lsm6dsv16x_reg.c:5934:17:npy_floatbits_to_halfbits	32	static
../Drivers/BSP/Components/lsm6dsv16x/lsm6dsv16x_reg.c:6072:17:npy_float_to_half	24	static
../Drivers/BSP/Components/lsm6dsv16x/lsm6dsv16x_reg.c:6093:9:lsm6dsv16x_sflp_game_gbias_set	80	static
../Drivers/BSP/Components/lsm6dsv16x/lsm6dsv16x_reg.c:6255:9:lsm6dsv16x_fsm_ext_sens_sensitivity_set	24	static
../Drivers/BSP/Components/lsm6dsv16x/lsm6dsv16x_reg.c:6275:9:lsm6dsv16x_fsm_ext_sens_sensitivity_get	24	static
../Drivers/BSP/Components/lsm6dsv16x/lsm6dsv16x_reg.c:6301:9:lsm6dsv16x_fsm_ext_sens_offset_set	40	static
../Drivers/BSP/Components/lsm6dsv16x/lsm6dsv16x_reg.c:6326:9:lsm6dsv16x_fsm_ext_sens_offset_get	32	static
../Drivers/BSP/Components/lsm6dsv16x/lsm6dsv16x_reg.c:6356:9:lsm6dsv16x_fsm_ext_sens_matrix_set	40	static
../Drivers/BSP/Components/lsm6dsv16x/lsm6dsv16x_reg.c:6387:9:lsm6dsv16x_fsm_ext_sens_matrix_get	32	static
../Drivers/BSP/Components/lsm6dsv16x/lsm6dsv16x_reg.c:6423:9:lsm6dsv16x_fsm_ext_sens_z_orient_set	24	static
../Drivers/BSP/Components/lsm6dsv16x/lsm6dsv16x_reg.c:6444:9:lsm6dsv16x_fsm_ext_sens_z_orient_get	24	static
../Drivers/BSP/Components/lsm6dsv16x/lsm6dsv16x_reg.c:6498:9:lsm6dsv16x_fsm_ext_sens_y_orient_set	24	static
../Drivers/BSP/Components/lsm6dsv16x/lsm6dsv16x_reg.c:6522:9:lsm6dsv16x_fsm_ext_sens_y_orient_get	24	static
../Drivers/BSP/Components/lsm6dsv16x/lsm6dsv16x_reg.c:6576:9:lsm6dsv16x_fsm_ext_sens_x_orient_set	24	static
../Drivers/BSP/Components/lsm6dsv16x/lsm6dsv16x_reg.c:6600:9:lsm6dsv16x_fsm_ext_sens_x_orient_get	24	static
../Drivers/BSP/Components/lsm6dsv16x/lsm6dsv16x_reg.c:6654:9:lsm6dsv16x_fsm_long_cnt_timeout_set	24	static
../Drivers/BSP/Components/lsm6dsv16x/lsm6dsv16x_reg.c:6675:9:lsm6dsv16x_fsm_long_cnt_timeout_get	24	static
../Drivers/BSP/Components/lsm6dsv16x/lsm6dsv16x_reg.c:6701:9:lsm6dsv16x_fsm_number_of_programs_set	24	static
../Drivers/BSP/Components/lsm6dsv16x/lsm6dsv16x_reg.c:6726:9:lsm6dsv16x_fsm_number_of_programs_get	24	static
../Drivers/BSP/Components/lsm6dsv16x/lsm6dsv16x_reg.c:6746:9:lsm6dsv16x_fsm_start_address_set	24	static
../Drivers/BSP/Components/lsm6dsv16x/lsm6dsv16x_reg.c:6767:9:lsm6dsv16x_fsm_start_address_get	24	static
../Drivers/BSP/Components/lsm6dsv16x/lsm6dsv16x_reg.c:6805:9:lsm6dsv16x_ff_time_windows_set	32	static
../Drivers/BSP/Components/lsm6dsv16x/lsm6dsv16x_reg.c:6834:9:lsm6dsv16x_ff_time_windows_get	32	static
../Drivers/BSP/Components/lsm6dsv16x/lsm6dsv16x_reg.c:6856:9:lsm6dsv16x_ff_thresholds_set	24	static
../Drivers/BSP/Components/lsm6dsv16x/lsm6dsv16x_reg.c:6880:9:lsm6dsv16x_ff_thresholds_get	24	static
../Drivers/BSP/Components/lsm6dsv16x/lsm6dsv16x_reg.c:6957:9:lsm6dsv16x_mlc_set	32	static
../Drivers/BSP/Components/lsm6dsv16x/lsm6dsv16x_reg.c:7008:9:lsm6dsv16x_mlc_get	32	static
../Drivers/BSP/Components/lsm6dsv16x/lsm6dsv16x_reg.c:7053:9:lsm6dsv16x_mlc_data_rate_set	24	static
../Drivers/BSP/Components/lsm6dsv16x/lsm6dsv16x_reg.c:7083:9:lsm6dsv16x_mlc_data_rate_get	24	static
../Drivers/BSP/Components/lsm6dsv16x/lsm6dsv16x_reg.c:7143:9:lsm6dsv16x_mlc_out_get	24	static
../Drivers/BSP/Components/lsm6dsv16x/lsm6dsv16x_reg.c:7165:9:lsm6dsv16x_mlc_ext_sens_sensitivity_set	24	static
../Drivers/BSP/Components/lsm6dsv16x/lsm6dsv16x_reg.c:7187:9:lsm6dsv16x_mlc_ext_sens_sensitivity_get	24	static
../Drivers/BSP/Components/lsm6dsv16x/lsm6dsv16x_reg.c:7227:9:lsm6dsv16x_ois_ctrl_mode_set	24	static
../Drivers/BSP/Components/lsm6dsv16x/lsm6dsv16x_reg.c:7251:9:lsm6dsv16x_ois_ctrl_mode_get	24	static
../Drivers/BSP/Components/lsm6dsv16x/lsm6dsv16x_reg.c:7289:9:lsm6dsv16x_ois_reset_set	24	static
../Drivers/BSP/Components/lsm6dsv16x/lsm6dsv16x_reg.c:7312:9:lsm6dsv16x_ois_reset_get	24	static
../Drivers/BSP/Components/lsm6dsv16x/lsm6dsv16x_reg.c:7331:9:lsm6dsv16x_ois_interface_pull_up_set	24	static
../Drivers/BSP/Components/lsm6dsv16x/lsm6dsv16x_reg.c:7354:9:lsm6dsv16x_ois_interface_pull_up_get	24	static
../Drivers/BSP/Components/lsm6dsv16x/lsm6dsv16x_reg.c:7373:9:lsm6dsv16x_ois_handshake_from_ui_set	24	static
../Drivers/BSP/Components/lsm6dsv16x/lsm6dsv16x_reg.c:7398:9:lsm6dsv16x_ois_handshake_from_ui_get	24	static
../Drivers/BSP/Components/lsm6dsv16x/lsm6dsv16x_reg.c:7424:9:lsm6dsv16x_ois_handshake_from_ois_set	24	static
../Drivers/BSP/Components/lsm6dsv16x/lsm6dsv16x_reg.c:7449:9:lsm6dsv16x_ois_handshake_from_ois_get	24	static
../Drivers/BSP/Components/lsm6dsv16x/lsm6dsv16x_reg.c:7475:9:lsm6dsv16x_ois_shared_set	24	static
../Drivers/BSP/Components/lsm6dsv16x/lsm6dsv16x_reg.c:7492:9:lsm6dsv16x_ois_shared_get	24	static
../Drivers/BSP/Components/lsm6dsv16x/lsm6dsv16x_reg.c:7509:9:lsm6dsv16x_ois_on_spi2_set	24	static
../Drivers/BSP/Components/lsm6dsv16x/lsm6dsv16x_reg.c:7532:9:lsm6dsv16x_ois_on_spi2_get	24	static
../Drivers/BSP/Components/lsm6dsv16x/lsm6dsv16x_reg.c:7551:9:lsm6dsv16x_ois_chain_set	24	static
../Drivers/BSP/Components/lsm6dsv16x/lsm6dsv16x_reg.c:7575:9:lsm6dsv16x_ois_chain_get	24	static
../Drivers/BSP/Components/lsm6dsv16x/lsm6dsv16x_reg.c:7600:9:lsm6dsv16x_ois_gy_full_scale_set	24	static
../Drivers/BSP/Components/lsm6dsv16x/lsm6dsv16x_reg.c:7624:9:lsm6dsv16x_ois_gy_full_scale_get	24	static
../Drivers/BSP/Components/lsm6dsv16x/lsm6dsv16x_reg.c:7674:9:lsm6dsv16x_ois_xl_full_scale_set	24	static
../Drivers/BSP/Components/lsm6dsv16x/lsm6dsv16x_reg.c:7698:9:lsm6dsv16x_ois_xl_full_scale_get	24	static
../Drivers/BSP/Components/lsm6dsv16x/lsm6dsv16x_reg.c:7757:9:lsm6dsv16x_6d_threshold_set	24	static
../Drivers/BSP/Components/lsm6dsv16x/lsm6dsv16x_reg.c:7781:9:lsm6dsv16x_6d_threshold_get	24	static
../Drivers/BSP/Components/lsm6dsv16x/lsm6dsv16x_reg.c:7827:9:lsm6dsv16x_4d_mode_set	24	static
../Drivers/BSP/Components/lsm6dsv16x/lsm6dsv16x_reg.c:7850:9:lsm6dsv16x_4d_mode_get	24	static
../Drivers/BSP/Components/lsm6dsv16x/lsm6dsv16x_reg.c:7882:9:lsm6dsv16x_ah_qvar_zin_set	24	static
../Drivers/BSP/Components/lsm6dsv16x/lsm6dsv16x_reg.c:7906:9:lsm6dsv16x_ah_qvar_zin_get	24	static
../Drivers/BSP/Components/lsm6dsv16x/lsm6dsv16x_reg.c:7952:9:lsm6dsv16x_ah_qvar_mode_set	24	static
../Drivers/BSP/Components/lsm6dsv16x/lsm6dsv16x_reg.c:7976:9:lsm6dsv16x_ah_qvar_mode_get	24	static
../Drivers/BSP/Components/lsm6dsv16x/lsm6dsv16x_reg.c:8009:9:lsm6dsv16x_i3c_reset_mode_set	24	static
../Drivers/BSP/Components/lsm6dsv16x/lsm6dsv16x_reg.c:8033:9:lsm6dsv16x_i3c_reset_mode_get	24	static
../Drivers/BSP/Components/lsm6dsv16x/lsm6dsv16x_reg.c:8071:9:lsm6dsv16x_i3c_int_en_set	24	static
../Drivers/BSP/Components/lsm6dsv16x/lsm6dsv16x_reg.c:8094:9:lsm6dsv16x_i3c_int_en_get	24	static
../Drivers/BSP/Components/lsm6dsv16x/lsm6dsv16x_reg.c:8113:9:lsm6dsv16x_i3c_ibi_time_set	24	static
../Drivers/BSP/Components/lsm6dsv16x/lsm6dsv16x_reg.c:8137:9:lsm6dsv16x_i3c_ibi_time_get	24	static
../Drivers/BSP/Components/lsm6dsv16x/lsm6dsv16x_reg.c:8196:9:lsm6dsv16x_sh_master_interface_pull_up_set	24	static
../Drivers/BSP/Components/lsm6dsv16x/lsm6dsv16x_reg.c:8220:9:lsm6dsv16x_sh_master_interface_pull_up_get	24	static
../Drivers/BSP/Components/lsm6dsv16x/lsm6dsv16x_reg.c:8240:9:lsm6dsv16x_sh_read_data_raw_get	32	static
../Drivers/BSP/Components/lsm6dsv16x/lsm6dsv16x_reg.c:8260:9:lsm6dsv16x_sh_slave_connected_set	24	static
../Drivers/BSP/Components/lsm6dsv16x/lsm6dsv16x_reg.c:8290:9:lsm6dsv16x_sh_slave_connected_get	24	static
../Drivers/BSP/Components/lsm6dsv16x/lsm6dsv16x_reg.c:8338:9:lsm6dsv16x_sh_master_set	24	static
../Drivers/BSP/Components/lsm6dsv16x/lsm6dsv16x_reg.c:8367:9:lsm6dsv16x_sh_master_get	24	static
../Drivers/BSP/Components/lsm6dsv16x/lsm6dsv16x_reg.c:8390:9:lsm6dsv16x_sh_pass_through_set	24	static
../Drivers/BSP/Components/lsm6dsv16x/lsm6dsv16x_reg.c:8419:9:lsm6dsv16x_sh_pass_through_get	24	static
../Drivers/BSP/Components/lsm6dsv16x/lsm6dsv16x_reg.c:8442:9:lsm6dsv16x_sh_syncro_mode_set	24	static
../Drivers/BSP/Components/lsm6dsv16x/lsm6dsv16x_reg.c:8472:9:lsm6dsv16x_sh_syncro_mode_get	24	static
../Drivers/BSP/Components/lsm6dsv16x/lsm6dsv16x_reg.c:8512:9:lsm6dsv16x_sh_write_mode_set	24	static
../Drivers/BSP/Components/lsm6dsv16x/lsm6dsv16x_reg.c:8542:9:lsm6dsv16x_sh_write_mode_get	24	static
../Drivers/BSP/Components/lsm6dsv16x/lsm6dsv16x_reg.c:8582:9:lsm6dsv16x_sh_reset_set	24	static
../Drivers/BSP/Components/lsm6dsv16x/lsm6dsv16x_reg.c:8611:9:lsm6dsv16x_sh_reset_get	24	static
../Drivers/BSP/Components/lsm6dsv16x/lsm6dsv16x_reg.c:8637:9:lsm6dsv16x_sh_cfg_write	24	static
../Drivers/BSP/Components/lsm6dsv16x/lsm6dsv16x_reg.c:8681:9:lsm6dsv16x_sh_data_rate_set	24	static
../Drivers/BSP/Components/lsm6dsv16x/lsm6dsv16x_reg.c:8711:9:lsm6dsv16x_sh_data_rate_get	24	static
../Drivers/BSP/Components/lsm6dsv16x/lsm6dsv16x_reg.c:8770:9:lsm6dsv16x_sh_slv_cfg_read	40	static
../Drivers/BSP/Components/lsm6dsv16x/lsm6dsv16x_reg.c:8824:9:lsm6dsv16x_sh_status_get	24	static
../Drivers/BSP/Components/lsm6dsv16x/lsm6dsv16x_reg.c:8855:9:lsm6dsv16x_ui_sdo_pull_up_set	24	static
../Drivers/BSP/Components/lsm6dsv16x/lsm6dsv16x_reg.c:8878:9:lsm6dsv16x_ui_sdo_pull_up_get	24	static
../Drivers/BSP/Components/lsm6dsv16x/lsm6dsv16x_reg.c:8897:9:lsm6dsv16x_ui_i2c_i3c_mode_set	24	static
../Drivers/BSP/Components/lsm6dsv16x/lsm6dsv16x_reg.c:8921:9:lsm6dsv16x_ui_i2c_i3c_mode_get	24	static
../Drivers/BSP/Components/lsm6dsv16x/lsm6dsv16x_reg.c:8959:9:lsm6dsv16x_spi_mode_set	24	static
../Drivers/BSP/Components/lsm6dsv16x/lsm6dsv16x_reg.c:8982:9:lsm6dsv16x_spi_mode_get	24	static
../Drivers/BSP/Components/lsm6dsv16x/lsm6dsv16x_reg.c:9019:9:lsm6dsv16x_ui_sda_pull_up_set	24	static
../Drivers/BSP/Components/lsm6dsv16x/lsm6dsv16x_reg.c:9042:9:lsm6dsv16x_ui_sda_pull_up_get	24	static
../Drivers/BSP/Components/lsm6dsv16x/lsm6dsv16x_reg.c:9061:9:lsm6dsv16x_spi2_mode_set	24	static
../Drivers/BSP/Components/lsm6dsv16x/lsm6dsv16x_reg.c:9084:9:lsm6dsv16x_spi2_mode_get	24	static
../Drivers/BSP/Components/lsm6dsv16x/lsm6dsv16x_reg.c:9135:9:lsm6dsv16x_sigmot_mode_set	24	static
../Drivers/BSP/Components/lsm6dsv16x/lsm6dsv16x_reg.c:9163:9:lsm6dsv16x_sigmot_mode_get	24	static
../Drivers/BSP/Components/lsm6dsv16x/lsm6dsv16x_reg.c:9202:9:lsm6dsv16x_stpcnt_mode_set	32	static
../Drivers/BSP/Components/lsm6dsv16x/lsm6dsv16x_reg.c:9256:9:lsm6dsv16x_stpcnt_mode_get	32	static
../Drivers/BSP/Components/lsm6dsv16x/lsm6dsv16x_reg.c:9292:9:lsm6dsv16x_stpcnt_steps_get	24	static
../Drivers/BSP/Components/lsm6dsv16x/lsm6dsv16x_reg.c:9319:9:lsm6dsv16x_stpcnt_rst_step_set	24	static
../Drivers/BSP/Components/lsm6dsv16x/lsm6dsv16x_reg.c:9353:9:lsm6dsv16x_stpcnt_rst_step_get	24	static
../Drivers/BSP/Components/lsm6dsv16x/lsm6dsv16x_reg.c:9380:9:lsm6dsv16x_stpcnt_debounce_set	24	static
../Drivers/BSP/Components/lsm6dsv16x/lsm6dsv16x_reg.c:9405:9:lsm6dsv16x_stpcnt_debounce_get	24	static
../Drivers/BSP/Components/lsm6dsv16x/lsm6dsv16x_reg.c:9425:9:lsm6dsv16x_stpcnt_period_set	24	static
../Drivers/BSP/Components/lsm6dsv16x/lsm6dsv16x_reg.c:9446:9:lsm6dsv16x_stpcnt_period_get	24	static
../Drivers/BSP/Components/lsm6dsv16x/lsm6dsv16x_reg.c:9484:9:lsm6dsv16x_sflp_game_rotation_set	24	static
../Drivers/BSP/Components/lsm6dsv16x/lsm6dsv16x_reg.c:9519:9:lsm6dsv16x_sflp_game_rotation_get	24	static
../Drivers/BSP/Components/lsm6dsv16x/lsm6dsv16x_reg.c:9546:9:lsm6dsv16x_sflp_data_rate_set	24	static
../Drivers/BSP/Components/lsm6dsv16x/lsm6dsv16x_reg.c:9581:9:lsm6dsv16x_sflp_data_rate_get	24	static
../Drivers/BSP/Components/lsm6dsv16x/lsm6dsv16x_reg.c:9650:9:lsm6dsv16x_tap_detection_set	24	static
../Drivers/BSP/Components/lsm6dsv16x/lsm6dsv16x_reg.c:9676:9:lsm6dsv16x_tap_detection_get	24	static
../Drivers/BSP/Components/lsm6dsv16x/lsm6dsv16x_reg.c:9703:9:lsm6dsv16x_tap_thresholds_set	32	static
../Drivers/BSP/Components/lsm6dsv16x/lsm6dsv16x_reg.c:9738:9:lsm6dsv16x_tap_thresholds_get	32	static
../Drivers/BSP/Components/lsm6dsv16x/lsm6dsv16x_reg.c:9769:9:lsm6dsv16x_tap_axis_priority_set	24	static
../Drivers/BSP/Components/lsm6dsv16x/lsm6dsv16x_reg.c:9793:9:lsm6dsv16x_tap_axis_priority_get	24	static
../Drivers/BSP/Components/lsm6dsv16x/lsm6dsv16x_reg.c:9847:9:lsm6dsv16x_tap_time_windows_set	24	static
../Drivers/BSP/Components/lsm6dsv16x/lsm6dsv16x_reg.c:9873:9:lsm6dsv16x_tap_time_windows_get	24	static
../Drivers/BSP/Components/lsm6dsv16x/lsm6dsv16x_reg.c:9900:9:lsm6dsv16x_tap_mode_set	24	static
../Drivers/BSP/Components/lsm6dsv16x/lsm6dsv16x_reg.c:9923:9:lsm6dsv16x_tap_mode_get	24	static
../Drivers/BSP/Components/lsm6dsv16x/lsm6dsv16x_reg.c:9973:9:lsm6dsv16x_tilt_mode_set	24	static
../Drivers/BSP/Components/lsm6dsv16x/lsm6dsv16x_reg.c:10001:9:lsm6dsv16x_tilt_mode_get	24	static
../Drivers/BSP/Components/lsm6dsv16x/lsm6dsv16x_reg.c:10041:9:lsm6dsv16x_timestamp_raw_get	24	static
../Drivers/BSP/Components/lsm6dsv16x/lsm6dsv16x_reg.c:10068:9:lsm6dsv16x_timestamp_set	24	static
../Drivers/BSP/Components/lsm6dsv16x/lsm6dsv16x_reg.c:10091:9:lsm6dsv16x_timestamp_get	24	static
../Drivers/BSP/Components/lsm6dsv16x/lsm6dsv16x_reg.c:10123:9:lsm6dsv16x_act_mode_set	24	static
../Drivers/BSP/Components/lsm6dsv16x/lsm6dsv16x_reg.c:10146:9:lsm6dsv16x_act_mode_get	24	static
../Drivers/BSP/Components/lsm6dsv16x/lsm6dsv16x_reg.c:10191:9:lsm6dsv16x_act_from_sleep_to_act_dur_set	24	static
../Drivers/BSP/Components/lsm6dsv16x/lsm6dsv16x_reg.c:10215:9:lsm6dsv16x_act_from_sleep_to_act_dur_get	24	static
../Drivers/BSP/Components/lsm6dsv16x/lsm6dsv16x_reg.c:10261:9:lsm6dsv16x_act_sleep_xl_odr_set	24	static
../Drivers/BSP/Components/lsm6dsv16x/lsm6dsv16x_reg.c:10285:9:lsm6dsv16x_act_sleep_xl_odr_get	24	static
../Drivers/BSP/Components/lsm6dsv16x/lsm6dsv16x_reg.c:10331:9:lsm6dsv16x_act_thresholds_set	40	static
../Drivers/BSP/Components/lsm6dsv16x/lsm6dsv16x_reg.c:10373:9:lsm6dsv16x_act_thresholds_get	40	static
../Drivers/BSP/Components/lsm6dsv16x/lsm6dsv16x_reg.c:10410:9:lsm6dsv16x_act_wkup_time_windows_set	24	static
../Drivers/BSP/Components/lsm6dsv16x/lsm6dsv16x_reg.c:10435:9:lsm6dsv16x_act_wkup_time_windows_get	24	static
