../Drivers/BSP/Components/sht40ad1b/sht40ad1b.c:89:9:SHT40AD1B_RegisterBusIO	24	static
../Drivers/BSP/Components/sht40ad1b/sht40ad1b.c:130:9:SHT40AD1B_Init	16	static
../Drivers/BSP/Components/sht40ad1b/sht40ad1b.c:146:9:SHT40AD1B_DeInit	16	static
../Drivers/BSP/Components/sht40ad1b/sht40ad1b.c:159:9:SHT40AD1B_ReadID	16	static
../Drivers/BSP/Components/sht40ad1b/sht40ad1b.c:170:9:SHT40AD1B_GetCapabilities	16	static
../Drivers/BSP/Components/sht40ad1b/sht40ad1b.c:193:9:SHT40AD1B_Get_Init_Status	16	static
../Drivers/BSP/Components/sht40ad1b/sht40ad1b.c:210:9:SHT40AD1B_HUM_Enable	16	static
../Drivers/BSP/Components/sht40ad1b/sht40ad1b.c:228:9:SHT40AD1B_HUM_Disable	16	static
../Drivers/BSP/Components/sht40ad1b/sht40ad1b.c:247:9:SHT40AD1B_HUM_GetOutputDataRate	16	static
../Drivers/BSP/Components/sht40ad1b/sht40ad1b.c:260:9:SHT40AD1B_HUM_SetOutputDataRate	16	static
../Drivers/BSP/Components/sht40ad1b/sht40ad1b.c:272:9:SHT40AD1B_HUM_GetHumidity	16	static
../Drivers/BSP/Components/sht40ad1b/sht40ad1b.c:290:9:SHT40AD1B_HUM_Get_DRDY_Status	16	static
../Drivers/BSP/Components/sht40ad1b/sht40ad1b.c:302:9:SHT40AD1B_TEMP_Enable	16	static
../Drivers/BSP/Components/sht40ad1b/sht40ad1b.c:320:9:SHT40AD1B_TEMP_Disable	16	static
../Drivers/BSP/Components/sht40ad1b/sht40ad1b.c:339:9:SHT40AD1B_TEMP_GetOutputDataRate	16	static
../Drivers/BSP/Components/sht40ad1b/sht40ad1b.c:352:9:SHT40AD1B_TEMP_SetOutputDataRate	16	static
../Drivers/BSP/Components/sht40ad1b/sht40ad1b.c:364:9:SHT40AD1B_TEMP_GetTemperature	16	static
../Drivers/BSP/Components/sht40ad1b/sht40ad1b.c:382:9:SHT40AD1B_TEMP_Get_DRDY_Status	16	static
../Drivers/BSP/Components/sht40ad1b/sht40ad1b.c:403:16:GetData	24	static
../Drivers/BSP/Components/sht40ad1b/sht40ad1b.c:426:16:ReadRegWrap	32	static
../Drivers/BSP/Components/sht40ad1b/sht40ad1b.c:449:16:WriteRegWrap	32	static
