../Drivers/BSP/IKS4A1/iks4a1_env_sensors_ex.c:55:9:IKS4A1_ENV_SENSOR_Read_Register	32	static
../Drivers/BSP/IKS4A1/iks4a1_env_sensors_ex.c:253:9:IKS4A1_ENV_SENSOR_Write_Register	24	static
../Drivers/BSP/IKS4A1/iks4a1_env_sensors_ex.c:453:9:IKS4A1_ENV_SENSOR_Get_DRDY_Status	32	static
../Drivers/BSP/IKS4A1/iks4a1_env_sensors_ex.c:875:9:IKS4A1_ENV_SENSOR_FIFO_Get_Data	32	static
../Drivers/BSP/IKS4A1/iks4a1_env_sensors_ex.c:934:9:IKS4A1_ENV_SENSOR_FIFO_Get_Fth_Status	24	static
../Drivers/BSP/IKS4A1/iks4a1_env_sensors_ex.c:993:9:IKS4A1_ENV_SENSOR_FIFO_Get_Full_Status	24	static
../Drivers/BSP/IKS4A1/iks4a1_env_sensors_ex.c:1052:9:IKS4A1_ENV_SENSOR_FIFO_Get_Num_Samples	24	static
../Drivers/BSP/IKS4A1/iks4a1_env_sensors_ex.c:1111:9:IKS4A1_ENV_SENSOR_FIFO_Get_Ovr_Status	24	static
../Drivers/BSP/IKS4A1/iks4a1_env_sensors_ex.c:1170:9:IKS4A1_ENV_SENSOR_FIFO_Reset_Interrupt	24	static
../Drivers/BSP/IKS4A1/iks4a1_env_sensors_ex.c:1229:9:IKS4A1_ENV_SENSOR_FIFO_Set_Interrupt	24	static
../Drivers/BSP/IKS4A1/iks4a1_env_sensors_ex.c:1288:9:IKS4A1_ENV_SENSOR_FIFO_Set_Mode	24	static
../Drivers/BSP/IKS4A1/iks4a1_env_sensors_ex.c:1347:9:IKS4A1_ENV_SENSOR_FIFO_Set_Watermark_Level	24	static
../Drivers/BSP/IKS4A1/iks4a1_env_sensors_ex.c:1406:9:IKS4A1_ENV_SENSOR_FIFO_Stop_On_Watermark	24	static
../Drivers/BSP/IKS4A1/iks4a1_env_sensors_ex.c:1465:9:IKS4A1_ENV_SENSOR_Set_High_Temperature_Threshold	24	static
../Drivers/BSP/IKS4A1/iks4a1_env_sensors_ex.c:1498:9:IKS4A1_ENV_SENSOR_Set_Low_Temperature_Threshold	24	static
../Drivers/BSP/IKS4A1/iks4a1_env_sensors_ex.c:1533:9:IKS4A1_ENV_SENSOR_Get_Temperature_Limit_Status	32	static
../Drivers/BSP/IKS4A1/iks4a1_env_sensors_ex.c:1567:9:IKS4A1_ENV_SENSOR_Set_Event_Pin	24	static
../Drivers/BSP/IKS4A1/iks4a1_env_sensors_ex.c:1599:9:IKS4A1_ENV_SENSOR_Set_One_Shot	24	static
../Drivers/BSP/IKS4A1/iks4a1_env_sensors_ex.c:1749:9:IKS4A1_ENV_SENSOR_Get_One_Shot_Status	24	static
