../Drivers/BSP/Components/lsm6dso16is/lsm6dso16is.c:100:9:LSM6DSO16IS_RegisterBusIO	24	static
../Drivers/BSP/Components/lsm6dso16is/lsm6dso16is.c:157:9:LSM6DSO16IS_Init	24	static
../Drivers/BSP/Components/lsm6dso16is/lsm6dso16is.c:223:9:LSM6DSO16IS_DeInit	24	static
../Drivers/BSP/Components/lsm6dso16is/lsm6dso16is.c:256:9:LSM6DSO16IS_ReadID	24	static
../Drivers/BSP/Components/lsm6dso16is/lsm6dso16is.c:274:9:LSM6DSO16IS_GetCapabilities	16	static
../Drivers/BSP/Components/lsm6dso16is/lsm6dso16is.c:298:9:LSM6DSO16IS_ACC_Enable	24	static
../Drivers/BSP/Components/lsm6dso16is/lsm6dso16is.c:326:9:LSM6DSO16IS_ACC_Disable	24	static
../Drivers/BSP/Components/lsm6dso16is/lsm6dso16is.c:361:9:LSM6DSO16IS_ACC_GetSensitivity	24	static
../Drivers/BSP/Components/lsm6dso16is/lsm6dso16is.c:405:9:LSM6DSO16IS_ACC_GetOutputDataRate	24	static
../Drivers/BSP/Components/lsm6dso16is/lsm6dso16is.c:490:9:LSM6DSO16IS_ACC_SetOutputDataRate	24	static
../Drivers/BSP/Components/lsm6dso16is/lsm6dso16is.c:513:9:LSM6DSO16IS_ACC_GetFullScale	24	static
../Drivers/BSP/Components/lsm6dso16is/lsm6dso16is.c:556:9:LSM6DSO16IS_ACC_SetFullScale	24	static
../Drivers/BSP/Components/lsm6dso16is/lsm6dso16is.c:580:9:LSM6DSO16IS_ACC_GetAxesRaw	32	static
../Drivers/BSP/Components/lsm6dso16is/lsm6dso16is.c:605:9:LSM6DSO16IS_ACC_GetAxes	32	static
../Drivers/BSP/Components/lsm6dso16is/lsm6dso16is.c:636:9:LSM6DSO16IS_GYRO_Enable	24	static
../Drivers/BSP/Components/lsm6dso16is/lsm6dso16is.c:664:9:LSM6DSO16IS_GYRO_Disable	24	static
../Drivers/BSP/Components/lsm6dso16is/lsm6dso16is.c:699:9:LSM6DSO16IS_GYRO_GetSensitivity	24	static
../Drivers/BSP/Components/lsm6dso16is/lsm6dso16is.c:747:9:LSM6DSO16IS_GYRO_GetOutputDataRate	24	static
../Drivers/BSP/Components/lsm6dso16is/lsm6dso16is.c:828:9:LSM6DSO16IS_GYRO_SetOutputDataRate	24	static
../Drivers/BSP/Components/lsm6dso16is/lsm6dso16is.c:851:9:LSM6DSO16IS_GYRO_GetFullScale	24	static
../Drivers/BSP/Components/lsm6dso16is/lsm6dso16is.c:898:9:LSM6DSO16IS_GYRO_SetFullScale	24	static
../Drivers/BSP/Components/lsm6dso16is/lsm6dso16is.c:923:9:LSM6DSO16IS_GYRO_GetAxesRaw	32	static
../Drivers/BSP/Components/lsm6dso16is/lsm6dso16is.c:948:9:LSM6DSO16IS_GYRO_GetAxes	32	static
../Drivers/BSP/Components/lsm6dso16is/lsm6dso16is.c:981:9:LSM6DSO16IS_Read_Reg	32	static
../Drivers/BSP/Components/lsm6dso16is/lsm6dso16is.c:1000:9:LSM6DSO16IS_Write_Reg	24	static
../Drivers/BSP/Components/lsm6dso16is/lsm6dso16is.c:1018:9:LSM6DSO16IS_ACC_Set_SelfTest	24	static
../Drivers/BSP/Components/lsm6dso16is/lsm6dso16is.c:1041:9:LSM6DSO16IS_ACC_Get_DRDY_Status	24	static
../Drivers/BSP/Components/lsm6dso16is/lsm6dso16is.c:1059:9:LSM6DSO16IS_ACC_Get_Init_Status	24	static
../Drivers/BSP/Components/lsm6dso16is/lsm6dso16is.c:1079:9:LSM6DSO16IS_ACC_Set_INT1_DRDY	24	static
../Drivers/BSP/Components/lsm6dso16is/lsm6dso16is.c:1112:9:LSM6DSO16IS_GYRO_Set_SelfTest	24	static
../Drivers/BSP/Components/lsm6dso16is/lsm6dso16is.c:1136:9:LSM6DSO16IS_GYRO_Get_DRDY_Status	24	static
../Drivers/BSP/Components/lsm6dso16is/lsm6dso16is.c:1154:9:LSM6DSO16IS_GYRO_Get_Init_Status	24	static
../Drivers/BSP/Components/lsm6dso16is/lsm6dso16is.c:1174:9:LSM6DSO16IS_GYRO_Set_INT1_DRDY	24	static
../Drivers/BSP/Components/lsm6dso16is/lsm6dso16is.c:1207:9:LSM6DSO16IS_Set_DRDY_Mode	24	static
../Drivers/BSP/Components/lsm6dso16is/lsm6dso16is.c:1230:9:LSM6DSO16IS_Set_Mem_Bank	24	static
../Drivers/BSP/Components/lsm6dso16is/lsm6dso16is.c:1261:16:LSM6DSO16IS_ACC_SetOutputDataRate_When_Enabled	24	static
../Drivers/BSP/Components/lsm6dso16is/lsm6dso16is.c:1292:16:LSM6DSO16IS_ACC_SetOutputDataRate_When_Disabled	16	static
../Drivers/BSP/Components/lsm6dso16is/lsm6dso16is.c:1314:16:LSM6DSO16IS_GYRO_SetOutputDataRate_When_Enabled	24	static
../Drivers/BSP/Components/lsm6dso16is/lsm6dso16is.c:1345:16:LSM6DSO16IS_GYRO_SetOutputDataRate_When_Disabled	16	static
../Drivers/BSP/Components/lsm6dso16is/lsm6dso16is.c:1369:16:ReadRegWrap	40	static
../Drivers/BSP/Components/lsm6dso16is/lsm6dso16is.c:1384:16:WriteRegWrap	40	static
