Archive member included to satisfy reference by file (symbol)

C:/ST/STM32CubeIDE_1.12.1/STM32CubeIDE/plugins/com.st.stm32cube.ide.mcu.externaltools.gnu-tools-for-stm32.12.3.rel1.win32_1.1.0.202410251130/tools/bin/../lib/gcc/arm-none-eabi/12.3.1/../../../../arm-none-eabi/lib/thumb/v7e-m+fp/hard\libc_nano.a(libc_a-exit.o)
                              C:/ST/STM32CubeIDE_1.12.1/STM32CubeIDE/plugins/com.st.stm32cube.ide.mcu.externaltools.gnu-tools-for-stm32.12.3.rel1.win32_1.1.0.202410251130/tools/bin/../lib/gcc/arm-none-eabi/12.3.1/../../../../arm-none-eabi/lib/thumb/v7e-m+fp/hard/crt0.o (exit)
C:/ST/STM32CubeIDE_1.12.1/STM32CubeIDE/plugins/com.st.stm32cube.ide.mcu.externaltools.gnu-tools-for-stm32.12.3.rel1.win32_1.1.0.202410251130/tools/bin/../lib/gcc/arm-none-eabi/12.3.1/../../../../arm-none-eabi/lib/thumb/v7e-m+fp/hard\libc_nano.a(libc_a-findfp.o)
                              C:/ST/STM32CubeIDE_1.12.1/STM32CubeIDE/plugins/com.st.stm32cube.ide.mcu.externaltools.gnu-tools-for-stm32.12.3.rel1.win32_1.1.0.202410251130/tools/bin/../lib/gcc/arm-none-eabi/12.3.1/../../../../arm-none-eabi/lib/thumb/v7e-m+fp/hard\libc_nano.a(libc_a-exit.o) (__stdio_exit_handler)
C:/ST/STM32CubeIDE_1.12.1/STM32CubeIDE/plugins/com.st.stm32cube.ide.mcu.externaltools.gnu-tools-for-stm32.12.3.rel1.win32_1.1.0.202410251130/tools/bin/../lib/gcc/arm-none-eabi/12.3.1/../../../../arm-none-eabi/lib/thumb/v7e-m+fp/hard\libc_nano.a(libc_a-fwalk.o)
                              C:/ST/STM32CubeIDE_1.12.1/STM32CubeIDE/plugins/com.st.stm32cube.ide.mcu.externaltools.gnu-tools-for-stm32.12.3.rel1.win32_1.1.0.202410251130/tools/bin/../lib/gcc/arm-none-eabi/12.3.1/../../../../arm-none-eabi/lib/thumb/v7e-m+fp/hard\libc_nano.a(libc_a-findfp.o) (_fwalk_sglue)
C:/ST/STM32CubeIDE_1.12.1/STM32CubeIDE/plugins/com.st.stm32cube.ide.mcu.externaltools.gnu-tools-for-stm32.12.3.rel1.win32_1.1.0.202410251130/tools/bin/../lib/gcc/arm-none-eabi/12.3.1/../../../../arm-none-eabi/lib/thumb/v7e-m+fp/hard\libc_nano.a(libc_a-printf.o)
                              ./MEMS/App/app_mems.o (printf)
C:/ST/STM32CubeIDE_1.12.1/STM32CubeIDE/plugins/com.st.stm32cube.ide.mcu.externaltools.gnu-tools-for-stm32.12.3.rel1.win32_1.1.0.202410251130/tools/bin/../lib/gcc/arm-none-eabi/12.3.1/../../../../arm-none-eabi/lib/thumb/v7e-m+fp/hard\libc_nano.a(libc_a-snprintf.o)
                              ./MEMS/App/app_mems.o (snprintf)
C:/ST/STM32CubeIDE_1.12.1/STM32CubeIDE/plugins/com.st.stm32cube.ide.mcu.externaltools.gnu-tools-for-stm32.12.3.rel1.win32_1.1.0.202410251130/tools/bin/../lib/gcc/arm-none-eabi/12.3.1/../../../../arm-none-eabi/lib/thumb/v7e-m+fp/hard\libc_nano.a(libc_a-stdio.o)
                              C:/ST/STM32CubeIDE_1.12.1/STM32CubeIDE/plugins/com.st.stm32cube.ide.mcu.externaltools.gnu-tools-for-stm32.12.3.rel1.win32_1.1.0.202410251130/tools/bin/../lib/gcc/arm-none-eabi/12.3.1/../../../../arm-none-eabi/lib/thumb/v7e-m+fp/hard\libc_nano.a(libc_a-findfp.o) (__sread)
C:/ST/STM32CubeIDE_1.12.1/STM32CubeIDE/plugins/com.st.stm32cube.ide.mcu.externaltools.gnu-tools-for-stm32.12.3.rel1.win32_1.1.0.202410251130/tools/bin/../lib/gcc/arm-none-eabi/12.3.1/../../../../arm-none-eabi/lib/thumb/v7e-m+fp/hard\libc_nano.a(libc_a-memset.o)
                              C:/ST/STM32CubeIDE_1.12.1/STM32CubeIDE/plugins/com.st.stm32cube.ide.mcu.externaltools.gnu-tools-for-stm32.12.3.rel1.win32_1.1.0.202410251130/tools/bin/../lib/gcc/arm-none-eabi/12.3.1/../../../../arm-none-eabi/lib/thumb/v7e-m+fp/hard/crt0.o (memset)
C:/ST/STM32CubeIDE_1.12.1/STM32CubeIDE/plugins/com.st.stm32cube.ide.mcu.externaltools.gnu-tools-for-stm32.12.3.rel1.win32_1.1.0.202410251130/tools/bin/../lib/gcc/arm-none-eabi/12.3.1/../../../../arm-none-eabi/lib/thumb/v7e-m+fp/hard\libc_nano.a(libc_a-closer.o)
                              C:/ST/STM32CubeIDE_1.12.1/STM32CubeIDE/plugins/com.st.stm32cube.ide.mcu.externaltools.gnu-tools-for-stm32.12.3.rel1.win32_1.1.0.202410251130/tools/bin/../lib/gcc/arm-none-eabi/12.3.1/../../../../arm-none-eabi/lib/thumb/v7e-m+fp/hard\libc_nano.a(libc_a-stdio.o) (_close_r)
C:/ST/STM32CubeIDE_1.12.1/STM32CubeIDE/plugins/com.st.stm32cube.ide.mcu.externaltools.gnu-tools-for-stm32.12.3.rel1.win32_1.1.0.202410251130/tools/bin/../lib/gcc/arm-none-eabi/12.3.1/../../../../arm-none-eabi/lib/thumb/v7e-m+fp/hard\libc_nano.a(libc_a-reent.o)
                              C:/ST/STM32CubeIDE_1.12.1/STM32CubeIDE/plugins/com.st.stm32cube.ide.mcu.externaltools.gnu-tools-for-stm32.12.3.rel1.win32_1.1.0.202410251130/tools/bin/../lib/gcc/arm-none-eabi/12.3.1/../../../../arm-none-eabi/lib/thumb/v7e-m+fp/hard\libc_nano.a(libc_a-closer.o) (errno)
C:/ST/STM32CubeIDE_1.12.1/STM32CubeIDE/plugins/com.st.stm32cube.ide.mcu.externaltools.gnu-tools-for-stm32.12.3.rel1.win32_1.1.0.202410251130/tools/bin/../lib/gcc/arm-none-eabi/12.3.1/../../../../arm-none-eabi/lib/thumb/v7e-m+fp/hard\libc_nano.a(libc_a-impure.o)
[...]
Memory Configuration

Name             Origin             Length             Attributes
RAM              0x20000000         0x0001c000         xrw
FLASH            0x08000000         0x00080000         xr
*default*        0x00000000         0xffffffff

Linker script and memory map

LOAD C:/ST/STM32CubeIDE_1.12.1/STM32CubeIDE/plugins/com.st.stm32cube.ide.mcu.externaltools.gnu-tools-for-stm32.12.3.rel1.win32_1.1.0.202410251130/tools/bin/../lib/gcc/arm-none-eabi/12.3.1/thumb/v7e-m+fp/hard/crti.o
LOAD C:/ST/STM32CubeIDE_1.12.1/STM32CubeIDE/plugins/com.st.stm32cube.ide.mcu.externaltools.gnu-tools-for-stm32.12.3.rel1.win32_1.1.0.202410251130/tools/bin/../lib/gcc/arm-none-eabi/12.3.1/thumb/v7e-m+fp/hard/crtbegin.o
LOAD C:/ST/STM32CubeIDE_1.12.1/STM32CubeIDE/plugins/com.st.stm32cube.ide.mcu.externaltools.gnu-tools-for-stm32.12.3.rel1.win32_1.1.0.202410251130/tools/bin/../lib/gcc/arm-none-eabi/12.3.1/../../../../arm-none-eabi/lib/thumb/v7e-m+fp/hard/crt0.o
LOAD ./Core/Src/main.o
LOAD ./Core/Src/stm32g4xx_hal_msp.o
LOAD ./Core/Src/stm32g4xx_it.o
LOAD ./Core/Src/stm32g4xx_nucleo_bus.o
LOAD ./Core/Src/syscalls.o
LOAD ./Core/Src/sysmem.o
LOAD ./Core/Src/system_stm32g4xx.o
LOAD ./Core/Startup/startup_stm32g491retx.o
LOAD ./Drivers/BSP/Components/lis2duxs12/lis2duxs12.o
LOAD ./Drivers/BSP/Components/lis2duxs12/lis2duxs12_reg.o
LOAD ./Drivers/BSP/Components/lis2mdl/lis2mdl.o
LOAD ./Drivers/BSP/Components/lis2mdl/lis2mdl_reg.o
LOAD ./Drivers/BSP/Components/lps22df/lps22df.o
LOAD ./Drivers/BSP/Components/lps22df/lps22df_reg.o
LOAD ./Drivers/BSP/Components/lsm6dso16is/lsm6dso16is.o
LOAD ./Drivers/BSP/Components/lsm6dso16is/lsm6dso16is_reg.o
LOAD ./Drivers/BSP/Components/lsm6dsv16x/lsm6dsv16x.o
LOAD ./Drivers/BSP/Components/lsm6dsv16x/lsm6dsv16x_reg.o
LOAD ./Drivers/BSP/Components/sht40ad1b/sht40ad1b.o
LOAD ./Drivers/BSP/Components/sht40ad1b/sht40ad1b_reg.o
LOAD ./Drivers/BSP/Components/stts22h/stts22h.o
LOAD ./Drivers/BSP/Components/stts22h/stts22h_reg.o
LOAD ./Drivers/BSP/IKS4A1/iks4a1_env_sensors.o
LOAD ./Drivers/BSP/IKS4A1/iks4a1_env_sensors_ex.o
LOAD ./Drivers/BSP/IKS4A1/iks4a1_motion_sensors.o
LOAD ./Drivers/BSP/IKS4A1/iks4a1_motion_sensors_ex.o
LOAD ./Drivers/BSP/STM32G4xx_Nucleo/stm32g4xx_nucleo.o
LOAD ./Drivers/STM32G4xx_HAL_Driver/Src/stm32g4xx_hal.o
LOAD ./Drivers/STM32G4xx_HAL_Driver/Src/stm32g4xx_hal_cortex.o
LOAD ./Drivers/STM32G4xx_HAL_Driver/Src/stm32g4xx_hal_dma.o
LOAD ./Drivers/STM32G4xx_HAL_Driver/Src/stm32g4xx_hal_dma_ex.o
LOAD ./Drivers/STM32G4xx_HAL_Driver/Src/stm32g4xx_hal_exti.o
LOAD ./Drivers/STM32G4xx_HAL_Driver/Src/stm32g4xx_hal_flash.o
LOAD ./Drivers/STM32G4xx_HAL_Driver/Src/stm32g4xx_hal_flash_ex.o
LOAD ./Drivers/STM32G4xx_HAL_Driver/Src/stm32g4xx_hal_flash_ramfunc.o
LOAD ./Drivers/STM32G4xx_HAL_Driver/Src/stm32g4xx_hal_gpio.o
LOAD ./Drivers/STM32G4xx_HAL_Driver/Src/stm32g4xx_hal_i2c.o
LOAD ./Drivers/STM32G4xx_HAL_Driver/Src/stm32g4xx_hal_i2c_ex.o
LOAD ./Drivers/STM32G4xx_HAL_Driver/Src/stm32g4xx_hal_pwr.o
LOAD ./Drivers/STM32G4xx_HAL_Driver/Src/stm32g4xx_hal_pwr_ex.o
LOAD ./Drivers/STM32G4xx_HAL_Driver/Src/stm32g4xx_hal_rcc.o
LOAD ./Drivers/STM32G4xx_HAL_Driver/Src/stm32g4xx_hal_rcc_ex.o
LOAD ./Drivers/STM32G4xx_HAL_Driver/Src/stm32g4xx_hal_uart.o
LOAD ./Drivers/STM32G4xx_HAL_Driver/Src/stm32g4xx_hal_uart_ex.o
LOAD ./Drivers/STM32G4xx_HAL_Driver/Src/stm32g4xx_hal_usart.o
LOAD ./Drivers/STM32G4xx_HAL_Driver/Src/stm32g4xx_hal_usart_ex.o
LOAD ./MEMS/App/app_mems.o
START GROUP
LOAD C:/ST/STM32CubeIDE_1.12.1/STM32CubeIDE/plugins/com.st.stm32cube.ide.mcu.externaltools.gnu-tools-for-stm32.12.3.rel1.win32_1.1.0.202410251130/tools/bin/../lib/gcc/arm-none-eabi/12.3.1/../../../../arm-none-eabi/lib/thumb/v7e-m+fp/hard\libc_nano.a
LOAD C:/ST/STM32CubeIDE_1.12.1/STM32CubeIDE/plugins/com.st.stm32cube.ide.mcu.externaltools.gnu-tools-for-stm32.12.3.rel1.win32_1.1.0.202410251130/tools/bin/../lib/gcc/arm-none-eabi/12.3.1/../../../../arm-none-eabi/lib/thumb/v7e-m+fp/hard\libm.a
END GROUP
START GROUP
LOAD C:/ST/STM32CubeIDE_1.12.1/STM32CubeIDE/plugins/com.st.stm32cube.ide.mcu.externaltools.gnu-tools-for-stm32.12.3.rel1.win32_1.1.0.202410251130/tools/bin/../lib/gcc/arm-none-eabi/12.3.1/thumb/v7e-m+fp/hard\libgcc.a
LOAD C:/ST/STM32CubeIDE_1.12.1/STM32CubeIDE/plugins/com.st.stm32cube.ide.mcu.externaltools.gnu-tools-for-stm32.12.3.rel1.win32_1.1.0.202410251130/tools/bin/../lib/gcc/arm-none-eabi/12.3.1/../../../../arm-none-eabi/lib/thumb/v7e-m+fp/hard\libc_nano.a
END GROUP
START GROUP
LOAD C:/ST/STM32CubeIDE_1.12.1/STM32CubeIDE/plugins/com.st.stm32cube.ide.mcu.externaltools.gnu-tools-for-stm32.12.3.rel1.win32_1.1.0.202410251130/tools/bin/../lib/gcc/arm-none-eabi/12.3.1/thumb/v7e-m+fp/hard\libgcc.a
LOAD C:/ST/STM32CubeIDE_1.12.1/STM32CubeIDE/plugins/com.st.stm32cube.ide.mcu.externaltools.gnu-tools-for-stm32.12.3.rel1.win32_1.1.0.202410251130/tools/bin/../lib/gcc/arm-none-eabi/12.3.1/../../../../arm-none-eabi/lib/thumb/v7e-m+fp/hard\libc_nano.a
LOAD C:/ST/STM32CubeIDE_1.12.1/STM32CubeIDE/plugins/com.st.stm32cube.ide.mcu.externaltools.gnu-tools-for-stm32.12.3.rel1.win32_1.1.0.202410251130/tools/bin/../lib/gcc/arm-none-eabi/12.3.1/../../../../arm-none-eabi/lib/thumb/v7e-m+fp/hard\libnosys.a
END GROUP
START GROUP
LOAD C:/ST/STM32CubeIDE_1.12.1/STM32CubeIDE/plugins/com.st.stm32cube.ide.mcu.externaltools.gnu-tools-for-stm32.12.3.rel1.win32_1.1.0.202410251130/tools/bin/../lib/gcc/arm-none-eabi/12.3.1/thumb/v7e-m+fp/hard\libgcc.a
LOAD C:/ST/STM32CubeIDE_1.12.1/STM32CubeIDE/plugins/com.st.stm32cube.ide.mcu.externaltools.gnu-tools-for-stm32.12.3.rel1.win32_1.1.0.202410251130/tools/bin/../lib/gcc/arm-none-eabi/12.3.1/../../../../arm-none-eabi/lib/thumb/v7e-m+fp/hard\libc_nano.a
LOAD C:/ST/STM32CubeIDE_1.12.1/STM32CubeIDE/plugins/com.st.stm32cube.ide.mcu.externaltools.gnu-tools-for-stm32.12.3.rel1.win32_1.1.0.202410251130/tools/bin/../lib/gcc/arm-none-eabi/12.3.1/../../../../arm-none-eabi/lib/thumb/v7e-m+fp/hard\libnosys.a
END GROUP
LOAD C:/ST/STM32CubeIDE_1.12.1/STM32CubeIDE/plugins/com.st.stm32cube.ide.mcu.externaltools.gnu-tools-for-stm32.12.3.rel1.win32_1.1.0.202410251130/tools/bin/../lib/gcc/arm-none-eabi/12.3.1/thumb/v7e-m+fp/hard/crtend.o
LOAD C:/ST/STM32CubeIDE_1.12.1/STM32CubeIDE/plugins/com.st.stm32cube.ide.mcu.externaltools.gnu-tools-for-stm32.12.3.rel1.win32_1.1.0.202410251130/tools/bin/../lib/gcc/arm-none-eabi/12.3.1/thumb/v7e-m+fp/hard/crtn.o
                0x2001c000                        _estack = (ORIGIN (RAM) + LENGTH (RAM))
                0x00000200                        _Min_Heap_Size = 0x200
                0x00000400                        _Min_Stack_Size = 0x400

.isr_vector     0x08000000      0x1d8
                0x08000000                        . = ALIGN (0x4)
 *(.isr_vector)
 .isr_vector    0x08000000      0x1d8 ./Core/Startup/startup_stm32g491retx.o
                0x08000000                g_pfnVectors
                0x080001d8                        . = ALIGN (0x4)

.text           0x080001e0    0x11a64
                0x080001e0                        . = ALIGN (0x4)
 *(.text)
 .text          0x080001e0       0x40 C:/ST/STM32CubeIDE_1.12.1/STM32CubeIDE/plugins/com.st.stm32cube.ide.mcu.externaltools.gnu-tools-for-stm32.12.3.rel1.win32_1.1.0.202410251130/tools/bin/../lib/gcc/arm-none-eabi/12.3.1/thumb/v7e-m+fp/hard/crtbegin.o
 .text          0x08000220       0xa0 C:/ST/STM32CubeIDE_1.12.1/STM32CubeIDE/plugins/com.st.stm32cube.ide.mcu.externaltools.gnu-tools-for-stm32.12.3.rel1.win32_1.1.0.202410251130/tools/bin/../lib/gcc/arm-none-eabi/12.3.1/../../../../arm-none-eabi/lib/thumb/v7e-m+fp/hard\libc_nano.a(libc_a-memchr.o)
                0x08000220                memchr
 .text          0x080002c0      0x378 C:/ST/STM32CubeIDE_1.12.1/STM32CubeIDE/plugins/com.st.stm32cube.ide.mcu.externaltools.gnu-tools-for-stm32.12.3.rel1.win32_1.1.0.202410251130/tools/bin/../lib/gcc/arm-none-eabi/12.3.1/thumb/v7e-m+fp/hard\libgcc.a(_arm_addsubdf3.o)
                0x080002c0                __aeabi_drsub
                0x080002c8                __aeabi_dsub
                0x080002c8                __subdf3
                0x080002cc                __aeabi_dadd
                0x080002cc                __adddf3
                0x08000544                __floatunsidf
                0x08000544                __aeabi_ui2d
                0x08000564                __floatsidf
                0x08000564                __aeabi_i2d
                0x08000588                __aeabi_f2d
                0x08000588                __extendsfdf2
                0x080005cc                __floatundidf
                0x080005cc                __aeabi_ul2d
                0x080005dc                __floatdidf
                0x080005dc                __aeabi_l2d
 .text          0x08000638      0x424 C:/ST/STM32CubeIDE_1.12.1/STM32CubeIDE/plugins/com.st.stm32cube.ide.mcu.externaltools.gnu-tools-for-stm32.12.3.rel1.win32_1.1.0.202410251130/tools/bin/../lib/gcc/arm-none-eabi/12.3.1/thumb/v7e-m+fp/hard\libgcc.a(_arm_muldivdf3.o)
                0x08000638                __aeabi_dmul
                0x08000638                __muldf3
                0x0800088c                __divdf3
                0x0800088c                __aeabi_ddiv
 .text          0x08000a5c      0x110 C:/ST/STM32CubeIDE_1.12.1/STM32CubeIDE/plugins/com.st.stm32cube.ide.mcu.externaltools.gnu-tools-for-stm32.12.3.rel1.win32_1.1.0.202410251130/tools/bin/../lib/gcc/arm-none-eabi/12.3.1/thumb/v7e-m+fp/hard\libgcc.a(_arm_cmpdf2.o)
                0x08000a5c                __gtdf2
                0x08000a5c                __gedf2
                0x08000a64                __ltdf2
                0x08000a64                __ledf2
                0x08000a6c                __nedf2
                0x08000a6c                __eqdf2
                0x08000a6c                __cmpdf2
                0x08000ae8                __aeabi_cdrcmple
                0x08000af8                __aeabi_cdcmpeq
                0x08000af8                __aeabi_cdcmple
                0x08000b08                __aeabi_dcmpeq
                0x08000b1c                __aeabi_dcmplt
                0x08000b30                __aeabi_dcmple
                0x08000b44                __aeabi_dcmpge
                0x08000b58                __aeabi_dcmpgt
 .text          0x08000b6c       0x2c C:/ST/STM32CubeIDE_1.12.1/STM32CubeIDE/plugins/com.st.stm32cube.ide.mcu.externaltools.gnu-tools-for-stm32.12.3.rel1.win32_1.1.0.202410251130/tools/bin/../lib/gcc/arm-none-eabi/12.3.1/thumb/v7e-m+fp/hard\libgcc.a(_arm_unorddf2.o)
                0x08000b6c                __unorddf2
                0x08000b6c                __aeabi_dcmpun
 .text          0x08000b98       0x50 C:/ST/STM32CubeIDE_1.12.1/STM32CubeIDE/plugins/com.st.stm32cube.ide.mcu.externaltools.gnu-tools-for-stm32.12.3.rel1.win32_1.1.0.202410251130/tools/bin/../lib/gcc/arm-none-eabi/12.3.1/thumb/v7e-m+fp/hard\libgcc.a(_arm_fixdfsi.o)
                0x08000b98                __aeabi_d2iz
                0x08000b98                __fixdfsi
 .text          0x08000be8       0xa0 C:/ST/STM32CubeIDE_1.12.1/STM32CubeIDE/plugins/com.st.stm32cube.ide.mcu.externaltools.gnu-tools-for-stm32.12.3.rel1.win32_1.1.0.202410251130/tools/bin/../lib/gcc/arm-none-eabi/12.3.1/thumb/v7e-m+fp/hard\libgcc.a(_arm_truncdfsf2.o)
                0x08000be8                __truncdfsf2
                0x08000be8                __aeabi_d2f
 .text          0x08000c88       0x30 C:/ST/STM32CubeIDE_1.12.1/STM32CubeIDE/plugins/com.st.stm32cube.ide.mcu.externaltools.gnu-tools-for-stm32.12.3.rel1.win32_1.1.0.202410251130/tools/bin/../lib/gcc/arm-none-eabi/12.3.1/thumb/v7e-m+fp/hard\libgcc.a(_aeabi_uldivmod.o)
                0x08000c88                __aeabi_uldivmod
 .text          0x08000cb8      0x2bc C:/ST/STM32CubeIDE_1.12.1/STM32CubeIDE/plugins/com.st.stm32cube.ide.mcu.externaltools.gnu-tools-for-stm32.12.3.rel1.win32_1.1.0.202410251130/tools/bin/../lib/gcc/arm-none-eabi/12.3.1/thumb/v7e-m+fp/hard\libgcc.a(_udivmoddi4.o)
                0x08000cb8                __udivmoddi4
 .text          0x08000f74        0x4 C:/ST/STM32CubeIDE_1.12.1/STM32CubeIDE/plugins/com.st.stm32cube.ide.mcu.externaltools.gnu-tools-for-stm32.12.3.rel1.win32_1.1.0.202410251130/tools/bin/../lib/gcc/arm-none-eabi/12.3.1/thumb/v7e-m+fp/hard\libgcc.a(_dvmd_tls.o)
                0x08000f74                __aeabi_idiv0
                0x08000f74                __aeabi_ldiv0
 *(.text*)
 .text.main     0x08000f78       0x22 ./Core/Src/main.o
                0x08000f78                main
 .text.SystemClock_Config
                0x08000f9a       0x96 ./Core/Src/main.o
                0x08000f9a                SystemClock_Config
 .text.MX_DMA_Init
                0x08001030       0xa0 ./Core/Src/main.o
 .text.MX_USART1_UART_Init
                0x080010d0       0x78 ./Core/Src/main.o
 .text.MX_GPIO_Init
                0x08001148       0x78 ./Core/Src/main.o
 .text.Error_Handler
                0x080011c0        0xc ./Core/Src/main.o
                0x080011c0                Error_Handler
 .text.HAL_MspInit
                0x080011cc       0x48 ./Core/Src/stm32g4xx_hal_msp.o
                0x080011cc                HAL_MspInit
 .text.NMI_Handler
                0x08001214        0x8 ./Core/Src/stm32g4xx_it.o
                0x08001214                NMI_Handler
 .text.HardFault_Handler
                0x0800121c        0x8 ./Core/Src/stm32g4xx_it.o
                0x0800121c                HardFault_Handler
 .text.MemManage_Handler
                0x08001224        0x8 ./Core/Src/stm32g4xx_it.o
                0x08001224                MemManage_Handler
 .text.BusFault_Handler
                0x0800122c        0x8 ./Core/Src/stm32g4xx_it.o
                0x0800122c                BusFault_Handler
 .text.UsageFault_Handler
                0x08001234        0x8 ./Core/Src/stm32g4xx_it.o
                0x08001234                UsageFault_Handler
 .text.SVC_Handler
                0x0800123c        0xe ./Core/Src/stm32g4xx_it.o
                0x0800123c                SVC_Handler
 .text.DebugMon_Handler
                0x0800124a        0xe ./Core/Src/stm32g4xx_it.o
                0x0800124a                DebugMon_Handler
 .text.PendSV_Handler
                0x08001258        0xe ./Core/Src/stm32g4xx_it.o
                0x08001258                PendSV_Handler
 .text.SysTick_Handler
                0x08001266        0xc ./Core/Src/stm32g4xx_it.o
                0x08001266                SysTick_Handler
 *fill*         0x08001272        0x2 
 .text.DMA1_Channel1_IRQHandler
                0x08001274       0x14 ./Core/Src/stm32g4xx_it.o
                0x08001274                DMA1_Channel1_IRQHandler
 .text.BSP_I2C1_Init
                0x08001288       0x7c ./Core/Src/stm32g4xx_nucleo_bus.o
                0x08001288                BSP_I2C1_Init
 .text.BSP_I2C1_DeInit
                0x08001304       0x50 ./Core/Src/stm32g4xx_nucleo_bus.o
                0x08001304                BSP_I2C1_DeInit
 .text.BSP_I2C1_WriteReg
                0x08001354       0x64 ./Core/Src/stm32g4xx_nucleo_bus.o
                0x08001354                BSP_I2C1_WriteReg
 .text.BSP_I2C1_ReadReg
                0x080013b8       0x64 ./Core/Src/stm32g4xx_nucleo_bus.o
                0x080013b8                BSP_I2C1_ReadReg
 .text.BSP_I2C1_Send
                0x0800141c       0x54 ./Core/Src/stm32g4xx_nucleo_bus.o
                0x0800141c                BSP_I2C1_Send
 .text.BSP_I2C1_Recv
                0x08001470       0x54 ./Core/Src/stm32g4xx_nucleo_bus.o
                0x08001470                BSP_I2C1_Recv
 .text.BSP_GetTick
                0x080014c4        0xe ./Core/Src/stm32g4xx_nucleo_bus.o
                0x080014c4                BSP_GetTick
 *fill*         0x080014d2        0x2 
 .text.MX_I2C1_Init
                0x080014d4       0x88 ./Core/Src/stm32g4xx_nucleo_bus.o
                0x080014d4                MX_I2C1_Init
 .text.I2C1_MspInit
                0x0800155c       0xac ./Core/Src/stm32g4xx_nucleo_bus.o
 .text.I2C1_MspDeInit
                0x08001608       0x38 ./Core/Src/stm32g4xx_nucleo_bus.o
 .text._read    0x08001640       0x3a ./Core/Src/syscalls.o
                0x08001640                _read
 .text._write   0x0800167a       0x38 ./Core/Src/syscalls.o
                0x0800167a                _write
 .text._close   0x080016b2       0x18 ./Core/Src/syscalls.o
                0x080016b2                _close
 .text._fstat   0x080016ca       0x20 ./Core/Src/syscalls.o
                0x080016ca                _fstat
 .text._isatty  0x080016ea       0x16 ./Core/Src/syscalls.o
                0x080016ea                _isatty
 .text._lseek   0x08001700       0x1a ./Core/Src/syscalls.o
                0x08001700                _lseek
 *fill*         0x0800171a        0x2 
 .text._sbrk    0x0800171c       0x6c ./Core/Src/sysmem.o
                0x0800171c                _sbrk
 .text.SystemInit
                0x08001788       0x24 ./Core/Src/system_stm32g4xx.o
                0x08001788                SystemInit
 .text.Reset_Handler
                0x080017ac       0x50 ./Core/Startup/startup_stm32g491retx.o
                0x080017ac                Reset_Handler
 .text.Default_Handler
                0x080017fc        0x2 ./Core/Startup/startup_stm32g491retx.o
                0x080017fc                RTC_Alarm_IRQHandler
                0x080017fc                EXTI2_IRQHandler
                0x080017fc                TIM8_TRG_COM_IRQHandler
                0x080017fc                TIM8_CC_IRQHandler
                0x080017fc                TIM1_CC_IRQHandler
                0x080017fc                USB_HP_IRQHandler
                0x080017fc                CORDIC_IRQHandler
                0x080017fc                DMA2_Channel8_IRQHandler
                0x080017fc                EXTI3_IRQHandler
                0x080017fc                I2C3_ER_IRQHandler
                0x080017fc                EXTI0_IRQHandler
                0x080017fc                I2C2_EV_IRQHandler
                0x080017fc                FPU_IRQHandler
                0x080017fc                FDCAN1_IT1_IRQHandler
                0x080017fc                TIM1_UP_TIM16_IRQHandler
                0x080017fc                ADC1_2_IRQHandler
                0x080017fc                SPI1_IRQHandler
                0x080017fc                TIM6_DAC_IRQHandler
                0x080017fc                TIM8_UP_IRQHandler
                0x080017fc                DMA2_Channel2_IRQHandler
                0x080017fc                DMA1_Channel4_IRQHandler
                0x080017fc                TIM20_TRG_COM_IRQHandler
                0x080017fc                USART3_IRQHandler
                0x080017fc                DMA1_Channel7_IRQHandler
                0x080017fc                UART5_IRQHandler
                0x080017fc                ADC3_IRQHandler
                0x080017fc                TIM4_IRQHandler
                0x080017fc                DMA2_Channel1_IRQHandler
                0x080017fc                QUADSPI_IRQHandler
                0x080017fc                I2C1_EV_IRQHandler
                0x080017fc                DMA1_Channel6_IRQHandler
                0x080017fc                UART4_IRQHandler
                0x080017fc                DMA2_Channel4_IRQHandler
                0x080017fc                TIM3_IRQHandler
                0x080017fc                RCC_IRQHandler
                0x080017fc                TIM20_UP_IRQHandler
                0x080017fc                Default_Handler
                0x080017fc                DMA2_Channel7_IRQHandler
                0x080017fc                RTC_TAMP_LSECSS_IRQHandler
                0x080017fc                FMAC_IRQHandler
                0x080017fc                EXTI15_10_IRQHandler
                0x080017fc                DMA1_Channel8_IRQHandler
                0x080017fc                TIM7_IRQHandler
                0x080017fc                UCPD1_IRQHandler
                0x080017fc                I2C3_EV_IRQHandler
                0x080017fc                EXTI9_5_IRQHandler
                0x080017fc                RTC_WKUP_IRQHandler
                0x080017fc                PVD_PVM_IRQHandler
                0x080017fc                SPI2_IRQHandler
                0x080017fc                DMA2_Channel5_IRQHandler
                0x080017fc                CRS_IRQHandler
                0x080017fc                DMA1_Channel5_IRQHandler
                0x080017fc                USB_LP_IRQHandler
                0x080017fc                EXTI4_IRQHandler
                0x080017fc                RNG_IRQHandler
                0x080017fc                TIM1_TRG_COM_TIM17_IRQHandler
                0x080017fc                FDCAN2_IT1_IRQHandler
                0x080017fc                DMA1_Channel3_IRQHandler
                0x080017fc                WWDG_IRQHandler
                0x080017fc                FDCAN2_IT0_IRQHandler
                0x080017fc                LPUART1_IRQHandler
                0x080017fc                DMA2_Channel6_IRQHandler
                0x080017fc                FDCAN1_IT0_IRQHandler
                0x080017fc                TIM2_IRQHandler
                0x080017fc                COMP1_2_3_IRQHandler
                0x080017fc                EXTI1_IRQHandler
                0x080017fc                USART2_IRQHandler
                0x080017fc                TIM20_BRK_IRQHandler
                0x080017fc                I2C2_ER_IRQHandler
                0x080017fc                DMA1_Channel2_IRQHandler
                0x080017fc                TIM8_BRK_IRQHandler
                0x080017fc                FLASH_IRQHandler
                0x080017fc                TIM20_CC_IRQHandler
                0x080017fc                USART1_IRQHandler
                0x080017fc                SPI3_IRQHandler
                0x080017fc                I2C1_ER_IRQHandler
                0x080017fc                LPTIM1_IRQHandler
                0x080017fc                DMAMUX_OVR_IRQHandler
                0x080017fc                USBWakeUp_IRQHandler
                0x080017fc                SAI1_IRQHandler
                0x080017fc                DMA2_Channel3_IRQHandler
                0x080017fc                COMP4_IRQHandler
                0x080017fc                TIM1_BRK_TIM15_IRQHandler
 *fill*         0x080017fe        0x2 
 .text.LIS2DUXS12_RegisterBusIO
                0x08001800      0x138 ./Drivers/BSP/Components/lis2duxs12/lis2duxs12.o
                0x08001800                LIS2DUXS12_RegisterBusIO
 .text.LIS2DUXS12_Init
                0x08001938       0xf4 ./Drivers/BSP/Components/lis2duxs12/lis2duxs12.o
                0x08001938                LIS2DUXS12_Init
 .text.LIS2DUXS12_DeInit
                0x08001a2c       0x3c ./Drivers/BSP/Components/lis2duxs12/lis2duxs12.o
                0x08001a2c                LIS2DUXS12_DeInit
 .text.LIS2DUXS12_ExitDeepPowerDownI2C
                0x08001a68       0x2a ./Drivers/BSP/Components/lis2duxs12/lis2duxs12.o
                0x08001a68                LIS2DUXS12_ExitDeepPowerDownI2C
 .text.LIS2DUXS12_ExitDeepPowerDownSPI
                0x08001a92       0x24 ./Drivers/BSP/Components/lis2duxs12/lis2duxs12.o
                0x08001a92                LIS2DUXS12_ExitDeepPowerDownSPI
 .text.LIS2DUXS12_ReadID
                0x08001ab6       0x36 ./Drivers/BSP/Components/lis2duxs12/lis2duxs12.o
                0x08001ab6                LIS2DUXS12_ReadID
 .text.LIS2DUXS12_GetCapabilities
                0x08001aec       0x5c ./Drivers/BSP/Components/lis2duxs12/lis2duxs12.o
                0x08001aec                LIS2DUXS12_GetCapabilities
 .text.LIS2DUXS12_ACC_Enable
                0x08001b48       0x4c ./Drivers/BSP/Components/lis2duxs12/lis2duxs12.o
                0x08001b48                LIS2DUXS12_ACC_Enable
 .text.LIS2DUXS12_ACC_Disable
                0x08001b94       0xb4 ./Drivers/BSP/Components/lis2duxs12/lis2duxs12.o
                0x08001b94                LIS2DUXS12_ACC_Disable
 .text.LIS2DUXS12_ACC_GetSensitivity
                0x08001c48       0x94 ./Drivers/BSP/Components/lis2duxs12/lis2duxs12.o
                0x08001c48                LIS2DUXS12_ACC_GetSensitivity
 .text.LIS2DUXS12_ACC_GetOutputDataRate
                0x08001cdc      0x198 ./Drivers/BSP/Components/lis2duxs12/lis2duxs12.o
                0x08001cdc                LIS2DUXS12_ACC_GetOutputDataRate
 .text.LIS2DUXS12_ACC_SetOutputDataRate
                0x08001e74       0x22 ./Drivers/BSP/Components/lis2duxs12/lis2duxs12.o
                0x08001e74                LIS2DUXS12_ACC_SetOutputDataRate
 .text.LIS2DUXS12_ACC_SetOutputDataRate_With_Mode
                0x08001e96       0x44 ./Drivers/BSP/Components/lis2duxs12/lis2duxs12.o
                0x08001e96                LIS2DUXS12_ACC_SetOutputDataRate_With_Mode
 *fill*         0x08001eda        0x2 
 .text.LIS2DUXS12_ACC_GetFullScale
                0x08001edc       0x84 ./Drivers/BSP/Components/lis2duxs12/lis2duxs12.o
                0x08001edc                LIS2DUXS12_ACC_GetFullScale
 .text.LIS2DUXS12_ACC_SetFullScale
                0x08001f60       0x6e ./Drivers/BSP/Components/lis2duxs12/lis2duxs12.o
                0x08001f60                LIS2DUXS12_ACC_SetFullScale
 .text.LIS2DUXS12_ACC_GetAxesRaw
                0x08001fce       0x66 ./Drivers/BSP/Components/lis2duxs12/lis2duxs12.o
                0x08001fce                LIS2DUXS12_ACC_GetAxesRaw
 .text.LIS2DUXS12_ACC_GetAxes
                0x08002034       0x7e ./Drivers/BSP/Components/lis2duxs12/lis2duxs12.o
                0x08002034                LIS2DUXS12_ACC_GetAxes
 .text.LIS2DUXS12_Write_Reg
                0x080020b2       0x36 ./Drivers/BSP/Components/lis2duxs12/lis2duxs12.o
                0x080020b2                LIS2DUXS12_Write_Reg
 .text.LIS2DUXS12_Set_Mem_Bank
                0x080020e8       0x42 ./Drivers/BSP/Components/lis2duxs12/lis2duxs12.o
                0x080020e8                LIS2DUXS12_Set_Mem_Bank
 *fill*         0x0800212a        0x2 
 .text.LIS2DUXS12_ACC_SetOutputDataRate_When_Enabled
                0x0800212c      0x2fc ./Drivers/BSP/Components/lis2duxs12/lis2duxs12.o
 .text.LIS2DUXS12_ACC_SetOutputDataRate_When_Disabled
                0x08002428      0x144 ./Drivers/BSP/Components/lis2duxs12/lis2duxs12.o
 .text.ReadRegWrap
                0x0800256c       0x36 ./Drivers/BSP/Components/lis2duxs12/lis2duxs12.o
 .text.WriteRegWrap
                0x080025a2       0x36 ./Drivers/BSP/Components/lis2duxs12/lis2duxs12.o
 .text.lis2duxs12_read_reg
                0x080025d8       0x3a ./Drivers/BSP/Components/lis2duxs12/lis2duxs12_reg.o
                0x080025d8                lis2duxs12_read_reg
 .text.lis2duxs12_write_reg
                0x08002612       0x3a ./Drivers/BSP/Components/lis2duxs12/lis2duxs12_reg.o
                0x08002612                lis2duxs12_write_reg
 .text.lis2duxs12_from_fs2g_to_mg
                0x0800264c       0x30 ./Drivers/BSP/Components/lis2duxs12/lis2duxs12_reg.o
                0x0800264c                lis2duxs12_from_fs2g_to_mg
 .text.lis2duxs12_from_fs4g_to_mg
                0x0800267c       0x30 ./Drivers/BSP/Components/lis2duxs12/lis2duxs12_reg.o
                0x0800267c                lis2duxs12_from_fs4g_to_mg
 .text.lis2duxs12_from_fs8g_to_mg
                0x080026ac       0x30 ./Drivers/BSP/Components/lis2duxs12/lis2duxs12_reg.o
                0x080026ac                lis2duxs12_from_fs8g_to_mg
 .text.lis2duxs12_from_fs16g_to_mg
                0x080026dc       0x30 ./Drivers/BSP/Components/lis2duxs12/lis2duxs12_reg.o
                0x080026dc                lis2duxs12_from_fs16g_to_mg
 .text.lis2duxs12_device_id_get
                0x0800270c       0x22 ./Drivers/BSP/Components/lis2duxs12/lis2duxs12_reg.o
                0x0800270c                lis2duxs12_device_id_get
 *fill*         0x0800272e        0x2 
 .text.lis2duxs12_init_set
                0x08002730      0x214 ./Drivers/BSP/Components/lis2duxs12/lis2duxs12_reg.o
                0x08002730                lis2duxs12_init_set
 .text.lis2duxs12_status_get
                0x08002944       0x86 ./Drivers/BSP/Components/lis2duxs12/lis2duxs12_reg.o
                0x08002944                lis2duxs12_status_get
 *fill*         0x080029ca        0x2 
 .text.lis2duxs12_mode_set
                0x080029cc      0x178 ./Drivers/BSP/Components/lis2duxs12/lis2duxs12_reg.o
                0x080029cc                lis2duxs12_mode_set
 .text.lis2duxs12_mode_get
                0x08002b44      0x220 ./Drivers/BSP/Components/lis2duxs12/lis2duxs12_reg.o
                0x08002b44                lis2duxs12_mode_get
 .text.lis2duxs12_exit_deep_power_down
                0x08002d64       0x3e ./Drivers/BSP/Components/lis2duxs12/lis2duxs12_reg.o
                0x08002d64                lis2duxs12_exit_deep_power_down
 *fill*         0x08002da2        0x2 
 .text.lis2duxs12_xl_data_get
                0x08002da4      0x158 ./Drivers/BSP/Components/lis2duxs12/lis2duxs12_reg.o
                0x08002da4                lis2duxs12_xl_data_get
 .text.lis2duxs12_i3c_configure_set
                0x08002efc       0x70 ./Drivers/BSP/Components/lis2duxs12/lis2duxs12_reg.o
                0x08002efc                lis2duxs12_i3c_configure_set
 .text.lis2duxs12_i3c_configure_get
                0x08002f6c       0x7e ./Drivers/BSP/Components/lis2duxs12/lis2duxs12_reg.o
                0x08002f6c                lis2duxs12_i3c_configure_get
 .text.lis2duxs12_mem_bank_set
                0x08002fea       0x4c ./Drivers/BSP/Components/lis2duxs12/lis2duxs12_reg.o
                0x08002fea                lis2duxs12_mem_bank_set
 .text.lis2duxs12_fifo_mode_set
                0x08003036      0x174 ./Drivers/BSP/Components/lis2duxs12/lis2duxs12_reg.o
                0x08003036                lis2duxs12_fifo_mode_set
 *fill*         0x080031aa        0x2 
 .text.LIS2MDL_RegisterBusIO
                0x080031ac      0x100 ./Drivers/BSP/Components/lis2mdl/lis2mdl.o
                0x080031ac                LIS2MDL_RegisterBusIO
 .text.LIS2MDL_Init
                0x080032ac      0x10c ./Drivers/BSP/Components/lis2mdl/lis2mdl.o
                0x080032ac                LIS2MDL_Init
 .text.LIS2MDL_DeInit
                0x080033b8       0x2c ./Drivers/BSP/Components/lis2mdl/lis2mdl.o
                0x080033b8                LIS2MDL_DeInit
 .text.LIS2MDL_ReadID
                0x080033e4       0x4c ./Drivers/BSP/Components/lis2mdl/lis2mdl.o
                0x080033e4                LIS2MDL_ReadID
 .text.LIS2MDL_GetCapabilities
                0x08003430       0x5c ./Drivers/BSP/Components/lis2mdl/lis2mdl.o
                0x08003430                LIS2MDL_GetCapabilities
 .text.LIS2MDL_MAG_Enable
                0x0800348c       0x84 ./Drivers/BSP/Components/lis2mdl/lis2mdl.o
                0x0800348c                LIS2MDL_MAG_Enable
 .text.LIS2MDL_MAG_Disable
                0x08003510       0x86 ./Drivers/BSP/Components/lis2mdl/lis2mdl.o
                0x08003510                LIS2MDL_MAG_Disable
 .text.LIS2MDL_MAG_GetSensitivity
                0x08003596       0x20 ./Drivers/BSP/Components/lis2mdl/lis2mdl.o
                0x08003596                LIS2MDL_MAG_GetSensitivity
 *fill*         0x080035b6        0x2 
 .text.LIS2MDL_MAG_GetOutputDataRate
                0x080035b8       0x8c ./Drivers/BSP/Components/lis2mdl/lis2mdl.o
                0x080035b8                LIS2MDL_MAG_GetOutputDataRate
 .text.LIS2MDL_MAG_SetOutputDataRate
                0x08003644       0xc8 ./Drivers/BSP/Components/lis2mdl/lis2mdl.o
                0x08003644                LIS2MDL_MAG_SetOutputDataRate
 .text.LIS2MDL_MAG_GetFullScale
                0x0800370c       0x1e ./Drivers/BSP/Components/lis2mdl/lis2mdl.o
                0x0800370c                LIS2MDL_MAG_GetFullScale
 .text.LIS2MDL_MAG_SetFullScale
                0x0800372a       0x18 ./Drivers/BSP/Components/lis2mdl/lis2mdl.o
                0x0800372a                LIS2MDL_MAG_SetFullScale
 .text.LIS2MDL_MAG_GetAxesRaw
                0x08003742       0x48 ./Drivers/BSP/Components/lis2mdl/lis2mdl.o
                0x08003742                LIS2MDL_MAG_GetAxesRaw
 .text.LIS2MDL_MAG_GetAxes
                0x0800378a      0x114 ./Drivers/BSP/Components/lis2mdl/lis2mdl.o
                0x0800378a                LIS2MDL_MAG_GetAxes
 .text.LIS2MDL_Write_Reg
                0x0800389e       0x56 ./Drivers/BSP/Components/lis2mdl/lis2mdl.o
                0x0800389e                LIS2MDL_Write_Reg
 .text.ReadMagRegWrap
                0x080038f4       0x82 ./Drivers/BSP/Components/lis2mdl/lis2mdl.o
 .text.WriteMagRegWrap
                0x08003976       0x82 ./Drivers/BSP/Components/lis2mdl/lis2mdl.o
 .text.LSM6DSOX_SENSORHUB_LIS2MDL_ReadShData
                0x080039f8      0x27e ./Drivers/BSP/Components/lis2mdl/lis2mdl.o
 .text.LSM6DSOX_SENSORHUB_LIS2MDL_WriteShData
                0x08003c76      0x23c ./Drivers/BSP/Components/lis2mdl/lis2mdl.o
 .text.lis2mdl_read_reg
                0x08003eb2       0x3c ./Drivers/BSP/Components/lis2mdl/lis2mdl_reg.o
                0x08003eb2                lis2mdl_read_reg
 .text.lis2mdl_write_reg
                0x08003eee       0x3c ./Drivers/BSP/Components/lis2mdl/lis2mdl_reg.o
                0x08003eee                lis2mdl_write_reg
 .text.lis2mdl_operating_mode_set
                0x08003f2a       0x4c ./Drivers/BSP/Components/lis2mdl/lis2mdl_reg.o
                0x08003f2a                lis2mdl_operating_mode_set
 .text.lis2mdl_data_rate_set
                0x08003f76       0x4c ./Drivers/BSP/Components/lis2mdl/lis2mdl_reg.o
                0x08003f76                lis2mdl_data_rate_set
 *fill*         0x08003fc2        0x2 
 .text.lis2mdl_data_rate_get
                0x08003fc4       0x70 ./Drivers/BSP/Components/lis2mdl/lis2mdl_reg.o
                0x08003fc4                lis2mdl_data_rate_get
 .text.lis2mdl_block_data_update_set
                0x08004034       0x4c ./Drivers/BSP/Components/lis2mdl/lis2mdl_reg.o
                0x08004034                lis2mdl_block_data_update_set
 .text.lis2mdl_magnetic_raw_get
                0x08004080       0x90 ./Drivers/BSP/Components/lis2mdl/lis2mdl_reg.o
                0x08004080                lis2mdl_magnetic_raw_get
 .text.lis2mdl_device_id_get
                0x08004110       0x22 ./Drivers/BSP/Components/lis2mdl/lis2mdl_reg.o
                0x08004110                lis2mdl_device_id_get
 .text.lis2mdl_self_test_set
                0x08004132       0x4c ./Drivers/BSP/Components/lis2mdl/lis2mdl_reg.o
                0x08004132                lis2mdl_self_test_set
 .text.lis2mdl_i2c_interface_set
                0x0800417e       0x4c ./Drivers/BSP/Components/lis2mdl/lis2mdl_reg.o
                0x0800417e                lis2mdl_i2c_interface_set
 *fill*         0x080041ca        0x2 
 .text.LPS22DF_RegisterBusIO
                0x080041cc       0xd4 ./Drivers/BSP/Components/lps22df/lps22df.o
                0x080041cc                LPS22DF_RegisterBusIO
 .text.LPS22DF_Init
                0x080042a0       0x36 ./Drivers/BSP/Components/lps22df/lps22df.o
                0x080042a0                LPS22DF_Init
 .text.LPS22DF_DeInit
                0x080042d6       0x48 ./Drivers/BSP/Components/lps22df/lps22df.o
                0x080042d6                LPS22DF_DeInit
 .text.LPS22DF_ReadID
                0x0800431e       0x36 ./Drivers/BSP/Components/lps22df/lps22df.o
                0x0800431e                LPS22DF_ReadID
 .text.LPS22DF_GetCapabilities
                0x08004354       0x58 ./Drivers/BSP/Components/lps22df/lps22df.o
                0x08004354                LPS22DF_GetCapabilities
 .text.LPS22DF_PRESS_Enable
                0x080043ac       0x46 ./Drivers/BSP/Components/lps22df/lps22df.o
                0x080043ac                LPS22DF_PRESS_Enable
 .text.LPS22DF_PRESS_Disable
                0x080043f2       0x80 ./Drivers/BSP/Components/lps22df/lps22df.o
                0x080043f2                LPS22DF_PRESS_Disable
 .text.LPS22DF_PRESS_GetOutputDataRate
                0x08004472       0x1c ./Drivers/BSP/Components/lps22df/lps22df.o
                0x08004472                LPS22DF_PRESS_GetOutputDataRate
 .text.LPS22DF_PRESS_SetOutputDataRate
                0x0800448e       0x38 ./Drivers/BSP/Components/lps22df/lps22df.o
                0x0800448e                LPS22DF_PRESS_SetOutputDataRate
 .text.LPS22DF_PRESS_GetPressure
                0x080044c6       0x42 ./Drivers/BSP/Components/lps22df/lps22df.o
                0x080044c6                LPS22DF_PRESS_GetPressure
 .text.LPS22DF_TEMP_Enable
                0x08004508       0x46 ./Drivers/BSP/Components/lps22df/lps22df.o
                0x08004508                LPS22DF_TEMP_Enable
 .text.LPS22DF_TEMP_Disable
                0x0800454e       0x80 ./Drivers/BSP/Components/lps22df/lps22df.o
                0x0800454e                LPS22DF_TEMP_Disable
 .text.LPS22DF_TEMP_GetOutputDataRate
                0x080045ce       0x1c ./Drivers/BSP/Components/lps22df/lps22df.o
                0x080045ce                LPS22DF_TEMP_GetOutputDataRate
 .text.LPS22DF_TEMP_SetOutputDataRate
                0x080045ea       0x38 ./Drivers/BSP/Components/lps22df/lps22df.o
                0x080045ea                LPS22DF_TEMP_SetOutputDataRate
 .text.LPS22DF_TEMP_GetTemperature
                0x08004622       0x44 ./Drivers/BSP/Components/lps22df/lps22df.o
                0x08004622                LPS22DF_TEMP_GetTemperature
 .text.LPS22DF_Write_Reg
                0x08004666       0x36 ./Drivers/BSP/Components/lps22df/lps22df.o
                0x08004666                LPS22DF_Write_Reg
 .text.LPS22DF_GetOutputDataRate
                0x0800469c       0xd4 ./Drivers/BSP/Components/lps22df/lps22df.o
 .text.LPS22DF_SetOutputDataRate_When_Enabled
                0x08004770      0x118 ./Drivers/BSP/Components/lps22df/lps22df.o
 .text.LPS22DF_SetOutputDataRate_When_Disabled
                0x08004888       0xc8 ./Drivers/BSP/Components/lps22df/lps22df.o
 .text.LPS22DF_Initialize
                0x08004950       0xb8 ./Drivers/BSP/Components/lps22df/lps22df.o
 .text.ReadRegWrap
                0x08004a08       0x36 ./Drivers/BSP/Components/lps22df/lps22df.o
 .text.WriteRegWrap
                0x08004a3e       0x36 ./Drivers/BSP/Components/lps22df/lps22df.o
 .text.lps22df_read_reg
                0x08004a74       0x3c ./Drivers/BSP/Components/lps22df/lps22df_reg.o
                0x08004a74                lps22df_read_reg
 .text.lps22df_write_reg
                0x08004ab0       0x3c ./Drivers/BSP/Components/lps22df/lps22df_reg.o
                0x08004ab0                lps22df_write_reg
 .text.bytecpy  0x08004aec       0x2a ./Drivers/BSP/Components/lps22df/lps22df_reg.o
 *fill*         0x08004b16        0x2 
 .text.lps22df_from_lsb_to_hPa
                0x08004b18       0x30 ./Drivers/BSP/Components/lps22df/lps22df_reg.o
                0x08004b18                lps22df_from_lsb_to_hPa
 .text.lps22df_from_lsb_to_celsius
                0x08004b48       0x34 ./Drivers/BSP/Components/lps22df/lps22df_reg.o
                0x08004b48                lps22df_from_lsb_to_celsius
 .text.lps22df_id_get
                0x08004b7c       0x2a ./Drivers/BSP/Components/lps22df/lps22df_reg.o
                0x08004b7c                lps22df_id_get
 .text.lps22df_bus_mode_set
                0x08004ba6       0xc4 ./Drivers/BSP/Components/lps22df/lps22df_reg.o
                0x08004ba6                lps22df_bus_mode_set
 .text.lps22df_init_set
                0x08004c6a      0x1c4 ./Drivers/BSP/Components/lps22df/lps22df_reg.o
                0x08004c6a                lps22df_init_set
 .text.lps22df_status_get
                0x08004e2e      0x10a ./Drivers/BSP/Components/lps22df/lps22df_reg.o
                0x08004e2e                lps22df_status_get
 .text.lps22df_mode_set
                0x08004f38       0xbc ./Drivers/BSP/Components/lps22df/lps22df_reg.o
                0x08004f38                lps22df_mode_set
 .text.lps22df_mode_get
                0x08004ff4      0x198 ./Drivers/BSP/Components/lps22df/lps22df_reg.o
                0x08004ff4                lps22df_mode_get
 .text.lps22df_pressure_raw_get
                0x0800518c       0x52 ./Drivers/BSP/Components/lps22df/lps22df_reg.o
                0x0800518c                lps22df_pressure_raw_get
 .text.lps22df_temperature_raw_get
                0x080051de       0x44 ./Drivers/BSP/Components/lps22df/lps22df_reg.o
                0x080051de                lps22df_temperature_raw_get
 *fill*         0x08005222        0x2 
 .text.LSM6DSO16IS_RegisterBusIO
                0x08005224       0xcc ./Drivers/BSP/Components/lsm6dso16is/lsm6dso16is.o
                0x08005224                LSM6DSO16IS_RegisterBusIO
 .text.LSM6DSO16IS_Init
                0x080052f0       0xd8 ./Drivers/BSP/Components/lsm6dso16is/lsm6dso16is.o
                0x080052f0                LSM6DSO16IS_Init
 .text.LSM6DSO16IS_DeInit
                0x080053c8       0x58 ./Drivers/BSP/Components/lsm6dso16is/lsm6dso16is.o
                0x080053c8                LSM6DSO16IS_DeInit
 .text.LSM6DSO16IS_ReadID
                0x08005420       0x30 ./Drivers/BSP/Components/lsm6dso16is/lsm6dso16is.o
                0x08005420                LSM6DSO16IS_ReadID
 .text.LSM6DSO16IS_GetCapabilities
                0x08005450       0x5c ./Drivers/BSP/Components/lsm6dso16is/lsm6dso16is.o
                0x08005450                LSM6DSO16IS_GetCapabilities
 .text.LSM6DSO16IS_ACC_Enable
                0x080054ac       0x4e ./Drivers/BSP/Components/lsm6dso16is/lsm6dso16is.o
                0x080054ac                LSM6DSO16IS_ACC_Enable
 .text.LSM6DSO16IS_ACC_Disable
                0x080054fa       0x64 ./Drivers/BSP/Components/lsm6dso16is/lsm6dso16is.o
                0x080054fa                LSM6DSO16IS_ACC_Disable
 *fill*         0x0800555e        0x2 
 .text.LSM6DSO16IS_ACC_GetSensitivity
                0x08005560       0x8c ./Drivers/BSP/Components/lsm6dso16is/lsm6dso16is.o
                0x08005560                LSM6DSO16IS_ACC_GetSensitivity
 .text.LSM6DSO16IS_ACC_GetOutputDataRate
                0x080055ec      0x148 ./Drivers/BSP/Components/lsm6dso16is/lsm6dso16is.o
                0x080055ec                LSM6DSO16IS_ACC_GetOutputDataRate
 .text.LSM6DSO16IS_ACC_SetOutputDataRate
                0x08005734       0x3a ./Drivers/BSP/Components/lsm6dso16is/lsm6dso16is.o
                0x08005734                LSM6DSO16IS_ACC_SetOutputDataRate
 *fill*         0x0800576e        0x2 
 .text.LSM6DSO16IS_ACC_GetFullScale
                0x08005770       0x7c ./Drivers/BSP/Components/lsm6dso16is/lsm6dso16is.o
                0x08005770                LSM6DSO16IS_ACC_GetFullScale
 .text.LSM6DSO16IS_ACC_SetFullScale
                0x080057ec       0x54 ./Drivers/BSP/Components/lsm6dso16is/lsm6dso16is.o
                0x080057ec                LSM6DSO16IS_ACC_SetFullScale
 .text.LSM6DSO16IS_ACC_GetAxesRaw
                0x08005840       0x4c ./Drivers/BSP/Components/lsm6dso16is/lsm6dso16is.o
                0x08005840                LSM6DSO16IS_ACC_GetAxesRaw
 .text.LSM6DSO16IS_ACC_GetAxes
                0x0800588c       0xb2 ./Drivers/BSP/Components/lsm6dso16is/lsm6dso16is.o
                0x0800588c                LSM6DSO16IS_ACC_GetAxes
 .text.LSM6DSO16IS_GYRO_Enable
                0x0800593e       0x4e ./Drivers/BSP/Components/lsm6dso16is/lsm6dso16is.o
                0x0800593e                LSM6DSO16IS_GYRO_Enable
 .text.LSM6DSO16IS_GYRO_Disable
                0x0800598c       0x64 ./Drivers/BSP/Components/lsm6dso16is/lsm6dso16is.o
                0x0800598c                LSM6DSO16IS_GYRO_Disable
 .text.LSM6DSO16IS_GYRO_GetSensitivity
                0x080059f0       0xcc ./Drivers/BSP/Components/lsm6dso16is/lsm6dso16is.o
                0x080059f0                LSM6DSO16IS_GYRO_GetSensitivity
 .text.LSM6DSO16IS_GYRO_GetOutputDataRate
                0x08005abc      0x138 ./Drivers/BSP/Components/lsm6dso16is/lsm6dso16is.o
                0x08005abc                LSM6DSO16IS_GYRO_GetOutputDataRate
 .text.LSM6DSO16IS_GYRO_SetOutputDataRate
                0x08005bf4       0x3a ./Drivers/BSP/Components/lsm6dso16is/lsm6dso16is.o
                0x08005bf4                LSM6DSO16IS_GYRO_SetOutputDataRate
 *fill*         0x08005c2e        0x2 
 .text.LSM6DSO16IS_GYRO_GetFullScale
                0x08005c30       0xbc ./Drivers/BSP/Components/lsm6dso16is/lsm6dso16is.o
                0x08005c30                LSM6DSO16IS_GYRO_GetFullScale
 .text.LSM6DSO16IS_GYRO_SetFullScale
                0x08005cec       0x62 ./Drivers/BSP/Components/lsm6dso16is/lsm6dso16is.o
                0x08005cec                LSM6DSO16IS_GYRO_SetFullScale
 .text.LSM6DSO16IS_GYRO_GetAxesRaw
                0x08005d4e       0x4c ./Drivers/BSP/Components/lsm6dso16is/lsm6dso16is.o
                0x08005d4e                LSM6DSO16IS_GYRO_GetAxesRaw
 .text.LSM6DSO16IS_GYRO_GetAxes
                0x08005d9a       0xb2 ./Drivers/BSP/Components/lsm6dso16is/lsm6dso16is.o
                0x08005d9a                LSM6DSO16IS_GYRO_GetAxes
 .text.LSM6DSO16IS_Write_Reg
                0x08005e4c       0x3a ./Drivers/BSP/Components/lsm6dso16is/lsm6dso16is.o
                0x08005e4c                LSM6DSO16IS_Write_Reg
 .text.LSM6DSO16IS_Set_Mem_Bank
                0x08005e86       0x4c ./Drivers/BSP/Components/lsm6dso16is/lsm6dso16is.o
                0x08005e86                LSM6DSO16IS_Set_Mem_Bank
 *fill*         0x08005ed2        0x2 
 .text.LSM6DSO16IS_ACC_SetOutputDataRate_When_Enabled
                0x08005ed4      0x11c ./Drivers/BSP/Components/lsm6dso16is/lsm6dso16is.o
 .text.LSM6DSO16IS_ACC_SetOutputDataRate_When_Disabled
                0x08005ff0      0x104 ./Drivers/BSP/Components/lsm6dso16is/lsm6dso16is.o
 .text.LSM6DSO16IS_GYRO_SetOutputDataRate_When_Enabled
                0x080060f4      0x11c ./Drivers/BSP/Components/lsm6dso16is/lsm6dso16is.o
 .text.LSM6DSO16IS_GYRO_SetOutputDataRate_When_Disabled
                0x08006210      0x104 ./Drivers/BSP/Components/lsm6dso16is/lsm6dso16is.o
 .text.ReadRegWrap
                0x08006314       0x36 ./Drivers/BSP/Components/lsm6dso16is/lsm6dso16is.o
 .text.WriteRegWrap
                0x0800634a       0x36 ./Drivers/BSP/Components/lsm6dso16is/lsm6dso16is.o
 .text.lsm6dso16is_read_reg
                0x08006380       0x3c ./Drivers/BSP/Components/lsm6dso16is/lsm6dso16is_reg.o
                0x08006380                lsm6dso16is_read_reg
 .text.lsm6dso16is_write_reg
                0x080063bc       0x3c ./Drivers/BSP/Components/lsm6dso16is/lsm6dso16is_reg.o
                0x080063bc                lsm6dso16is_write_reg
 .text.lsm6dso16is_mem_bank_set
                0x080063f8       0x52 ./Drivers/BSP/Components/lsm6dso16is/lsm6dso16is_reg.o
                0x080063f8                lsm6dso16is_mem_bank_set
 .text.lsm6dso16is_device_id_get
                0x0800644a       0x22 ./Drivers/BSP/Components/lsm6dso16is/lsm6dso16is_reg.o
                0x0800644a                lsm6dso16is_device_id_get
 .text.lsm6dso16is_xl_hm_mode_set
                0x0800646c       0x4c ./Drivers/BSP/Components/lsm6dso16is/lsm6dso16is_reg.o
                0x0800646c                lsm6dso16is_xl_hm_mode_set
 .text.lsm6dso16is_xl_full_scale_set
                0x080064b8       0x4c ./Drivers/BSP/Components/lsm6dso16is/lsm6dso16is_reg.o
                0x080064b8                lsm6dso16is_xl_full_scale_set
 .text.lsm6dso16is_xl_full_scale_get
                0x08006504       0x70 ./Drivers/BSP/Components/lsm6dso16is/lsm6dso16is_reg.o
                0x08006504                lsm6dso16is_xl_full_scale_get
 .text.lsm6dso16is_xl_data_rate_set
                0x08006574       0x7e ./Drivers/BSP/Components/lsm6dso16is/lsm6dso16is_reg.o
                0x08006574                lsm6dso16is_xl_data_rate_set
 *fill*         0x080065f2        0x2 
 .text.lsm6dso16is_xl_data_rate_get
                0x080065f4      0x184 ./Drivers/BSP/Components/lsm6dso16is/lsm6dso16is_reg.o
                0x080065f4                lsm6dso16is_xl_data_rate_get
 .text.lsm6dso16is_gy_hm_mode_set
                0x08006778       0x4c ./Drivers/BSP/Components/lsm6dso16is/lsm6dso16is_reg.o
                0x08006778                lsm6dso16is_gy_hm_mode_set
 .text.lsm6dso16is_gy_full_scale_set
                0x080067c4       0x60 ./Drivers/BSP/Components/lsm6dso16is/lsm6dso16is_reg.o
                0x080067c4                lsm6dso16is_gy_full_scale_set
 .text.lsm6dso16is_gy_full_scale_get
                0x08006824       0xb8 ./Drivers/BSP/Components/lsm6dso16is/lsm6dso16is_reg.o
                0x08006824                lsm6dso16is_gy_full_scale_get
 .text.lsm6dso16is_gy_data_rate_set
                0x080068dc       0x7e ./Drivers/BSP/Components/lsm6dso16is/lsm6dso16is_reg.o
                0x080068dc                lsm6dso16is_gy_data_rate_set
 *fill*         0x0800695a        0x2 
 .text.lsm6dso16is_gy_data_rate_get
                0x0800695c      0x178 ./Drivers/BSP/Components/lsm6dso16is/lsm6dso16is_reg.o
                0x0800695c                lsm6dso16is_gy_data_rate_get
 .text.lsm6dso16is_auto_increment_set
                0x08006ad4       0x4c ./Drivers/BSP/Components/lsm6dso16is/lsm6dso16is_reg.o
                0x08006ad4                lsm6dso16is_auto_increment_set
 .text.lsm6dso16is_block_data_update_set
                0x08006b20       0x4c ./Drivers/BSP/Components/lsm6dso16is/lsm6dso16is_reg.o
                0x08006b20                lsm6dso16is_block_data_update_set
 .text.lsm6dso16is_angular_rate_raw_get
                0x08006b6c       0x90 ./Drivers/BSP/Components/lsm6dso16is/lsm6dso16is_reg.o
                0x08006b6c                lsm6dso16is_angular_rate_raw_get
 .text.lsm6dso16is_acceleration_raw_get
                0x08006bfc       0x90 ./Drivers/BSP/Components/lsm6dso16is/lsm6dso16is_reg.o
                0x08006bfc                lsm6dso16is_acceleration_raw_get
 .text.LSM6DSV16X_RegisterBusIO
                0x08006c8c       0xec ./Drivers/BSP/Components/lsm6dsv16x/lsm6dsv16x.o
                0x08006c8c                LSM6DSV16X_RegisterBusIO
 .text.LSM6DSV16X_Init
                0x08006d78      0x106 ./Drivers/BSP/Components/lsm6dsv16x/lsm6dsv16x.o
                0x08006d78                LSM6DSV16X_Init
 .text.LSM6DSV16X_DeInit
                0x08006e7e       0x6e ./Drivers/BSP/Components/lsm6dsv16x/lsm6dsv16x.o
                0x08006e7e                LSM6DSV16X_DeInit
 .text.LSM6DSV16X_ReadID
                0x08006eec       0x2c ./Drivers/BSP/Components/lsm6dsv16x/lsm6dsv16x.o
                0x08006eec                LSM6DSV16X_ReadID
 .text.LSM6DSV16X_GetCapabilities
                0x08006f18       0x5c ./Drivers/BSP/Components/lsm6dsv16x/lsm6dsv16x.o
                0x08006f18                LSM6DSV16X_GetCapabilities
 .text.LSM6DSV16X_ACC_Enable
                0x08006f74       0x48 ./Drivers/BSP/Components/lsm6dsv16x/lsm6dsv16x.o
                0x08006f74                LSM6DSV16X_ACC_Enable
 .text.LSM6DSV16X_ACC_Disable
                0x08006fbc       0x5e ./Drivers/BSP/Components/lsm6dsv16x/lsm6dsv16x.o
                0x08006fbc                LSM6DSV16X_ACC_Disable
 *fill*         0x0800701a        0x2 
 .text.LSM6DSV16X_ACC_GetSensitivity
                0x0800701c       0x8c ./Drivers/BSP/Components/lsm6dsv16x/lsm6dsv16x.o
                0x0800701c                LSM6DSV16X_ACC_GetSensitivity
 .text.LSM6DSV16X_ACC_GetOutputDataRate
                0x080070a8      0x288 ./Drivers/BSP/Components/lsm6dsv16x/lsm6dsv16x.o
                0x080070a8                LSM6DSV16X_ACC_GetOutputDataRate
 .text.LSM6DSV16X_ACC_SetOutputDataRate
                0x08007330       0x38 ./Drivers/BSP/Components/lsm6dsv16x/lsm6dsv16x.o
                0x08007330                LSM6DSV16X_ACC_SetOutputDataRate
 .text.LSM6DSV16X_ACC_GetFullScale
                0x08007368       0x7c ./Drivers/BSP/Components/lsm6dsv16x/lsm6dsv16x.o
                0x08007368                LSM6DSV16X_ACC_GetFullScale
 .text.LSM6DSV16X_ACC_SetFullScale
                0x080073e4       0x50 ./Drivers/BSP/Components/lsm6dsv16x/lsm6dsv16x.o
                0x080073e4                LSM6DSV16X_ACC_SetFullScale
 .text.LSM6DSV16X_ACC_GetAxesRaw
                0x08007434       0x48 ./Drivers/BSP/Components/lsm6dsv16x/lsm6dsv16x.o
                0x08007434                LSM6DSV16X_ACC_GetAxesRaw
 .text.LSM6DSV16X_ACC_GetAxes
                0x0800747c       0xae ./Drivers/BSP/Components/lsm6dsv16x/lsm6dsv16x.o
                0x0800747c                LSM6DSV16X_ACC_GetAxes
 .text.LSM6DSV16X_GYRO_Enable
                0x0800752a       0x48 ./Drivers/BSP/Components/lsm6dsv16x/lsm6dsv16x.o
                0x0800752a                LSM6DSV16X_GYRO_Enable
 .text.LSM6DSV16X_GYRO_Disable
                0x08007572       0x5e ./Drivers/BSP/Components/lsm6dsv16x/lsm6dsv16x.o
                0x08007572                LSM6DSV16X_GYRO_Disable
 .text.LSM6DSV16X_GYRO_GetSensitivity
                0x080075d0       0xc8 ./Drivers/BSP/Components/lsm6dsv16x/lsm6dsv16x.o
                0x080075d0                LSM6DSV16X_GYRO_GetSensitivity
 .text.LSM6DSV16X_GYRO_GetOutputDataRate
                0x08007698      0x288 ./Drivers/BSP/Components/lsm6dsv16x/lsm6dsv16x.o
                0x08007698                LSM6DSV16X_GYRO_GetOutputDataRate
 .text.LSM6DSV16X_GYRO_SetOutputDataRate
                0x08007920       0x38 ./Drivers/BSP/Components/lsm6dsv16x/lsm6dsv16x.o
                0x08007920                LSM6DSV16X_GYRO_SetOutputDataRate
 .text.LSM6DSV16X_GYRO_GetFullScale
                0x08007958       0xb8 ./Drivers/BSP/Components/lsm6dsv16x/lsm6dsv16x.o
                0x08007958                LSM6DSV16X_GYRO_GetFullScale
 .text.LSM6DSV16X_GYRO_SetFullScale
                0x08007a10       0x6a ./Drivers/BSP/Components/lsm6dsv16x/lsm6dsv16x.o
                0x08007a10                LSM6DSV16X_GYRO_SetFullScale
 .text.LSM6DSV16X_GYRO_GetAxesRaw
                0x08007a7a       0x48 ./Drivers/BSP/Components/lsm6dsv16x/lsm6dsv16x.o
                0x08007a7a                LSM6DSV16X_GYRO_GetAxesRaw
 .text.LSM6DSV16X_GYRO_GetAxes
                0x08007ac2       0xae ./Drivers/BSP/Components/lsm6dsv16x/lsm6dsv16x.o
                0x08007ac2                LSM6DSV16X_GYRO_GetAxes
 .text.LSM6DSV16X_Write_Reg
                0x08007b70       0x36 ./Drivers/BSP/Components/lsm6dsv16x/lsm6dsv16x.o
                0x08007b70                LSM6DSV16X_Write_Reg
 .text.LSM6DSV16X_Set_Mem_Bank
                0x08007ba6       0x4c ./Drivers/BSP/Components/lsm6dsv16x/lsm6dsv16x.o
                0x08007ba6                LSM6DSV16X_Set_Mem_Bank
 *fill*         0x08007bf2        0x2 
 .text.LSM6DSV16X_ACC_SetOutputDataRate_When_Enabled
                0x08007bf4      0x144 ./Drivers/BSP/Components/lsm6dsv16x/lsm6dsv16x.o
 .text.LSM6DSV16X_ACC_SetOutputDataRate_When_Disabled
                0x08007d38      0x130 ./Drivers/BSP/Components/lsm6dsv16x/lsm6dsv16x.o
 .text.LSM6DSV16X_GYRO_SetOutputDataRate_When_Enabled
                0x08007e68      0x12c ./Drivers/BSP/Components/lsm6dsv16x/lsm6dsv16x.o
 .text.LSM6DSV16X_GYRO_SetOutputDataRate_When_Disabled
                0x08007f94      0x11c ./Drivers/BSP/Components/lsm6dsv16x/lsm6dsv16x.o
 .text.ReadRegWrap
                0x080080b0       0x36 ./Drivers/BSP/Components/lsm6dsv16x/lsm6dsv16x.o
 .text.WriteRegWrap
                0x080080e6       0x36 ./Drivers/BSP/Components/lsm6dsv16x/lsm6dsv16x.o
 .text.lsm6dsv16x_read_reg
                0x0800811c       0x3c ./Drivers/BSP/Components/lsm6dsv16x/lsm6dsv16x_reg.o
                0x0800811c                lsm6dsv16x_read_reg
 .text.lsm6dsv16x_write_reg
                0x08008158       0x3c ./Drivers/BSP/Components/lsm6dsv16x/lsm6dsv16x_reg.o
                0x08008158                lsm6dsv16x_write_reg
 .text.lsm6dsv16x_mem_bank_set
                0x08008194       0x62 ./Drivers/BSP/Components/lsm6dsv16x/lsm6dsv16x_reg.o
                0x08008194                lsm6dsv16x_mem_bank_set
 .text.lsm6dsv16x_device_id_get
                0x080081f6       0x22 ./Drivers/BSP/Components/lsm6dsv16x/lsm6dsv16x_reg.o
                0x080081f6                lsm6dsv16x_device_id_get
 .text.lsm6dsv16x_xl_data_rate_set
                0x08008218       0xa2 ./Drivers/BSP/Components/lsm6dsv16x/lsm6dsv16x_reg.o
                0x08008218                lsm6dsv16x_xl_data_rate_set
 *fill*         0x080082ba        0x2 
 .text.lsm6dsv16x_xl_data_rate_get
                0x080082bc      0x220 ./Drivers/BSP/Components/lsm6dsv16x/lsm6dsv16x_reg.o
                0x080082bc                lsm6dsv16x_xl_data_rate_get
 .text.lsm6dsv16x_gy_data_rate_set
                0x080084dc       0x9e ./Drivers/BSP/Components/lsm6dsv16x/lsm6dsv16x_reg.o
                0x080084dc                lsm6dsv16x_gy_data_rate_set
 *fill*         0x0800857a        0x2 
 .text.lsm6dsv16x_gy_data_rate_get
                0x0800857c      0x220 ./Drivers/BSP/Components/lsm6dsv16x/lsm6dsv16x_reg.o
                0x0800857c                lsm6dsv16x_gy_data_rate_get
 .text.lsm6dsv16x_auto_increment_set
                0x0800879c       0x4c ./Drivers/BSP/Components/lsm6dsv16x/lsm6dsv16x_reg.o
                0x0800879c                lsm6dsv16x_auto_increment_set
 .text.lsm6dsv16x_block_data_update_set
                0x080087e8       0x4c ./Drivers/BSP/Components/lsm6dsv16x/lsm6dsv16x_reg.o
                0x080087e8                lsm6dsv16x_block_data_update_set
 .text.lsm6dsv16x_gy_full_scale_set
                0x08008834       0x4c ./Drivers/BSP/Components/lsm6dsv16x/lsm6dsv16x_reg.o
                0x08008834                lsm6dsv16x_gy_full_scale_set
 .text.lsm6dsv16x_gy_full_scale_get
                0x08008880       0xb0 ./Drivers/BSP/Components/lsm6dsv16x/lsm6dsv16x_reg.o
                0x08008880                lsm6dsv16x_gy_full_scale_get
 .text.lsm6dsv16x_xl_full_scale_set
                0x08008930       0x4c ./Drivers/BSP/Components/lsm6dsv16x/lsm6dsv16x_reg.o
                0x08008930                lsm6dsv16x_xl_full_scale_set
 .text.lsm6dsv16x_xl_full_scale_get
                0x0800897c       0x7c ./Drivers/BSP/Components/lsm6dsv16x/lsm6dsv16x_reg.o
                0x0800897c                lsm6dsv16x_xl_full_scale_get
 .text.lsm6dsv16x_angular_rate_raw_get
                0x080089f8       0x9a ./Drivers/BSP/Components/lsm6dsv16x/lsm6dsv16x_reg.o
                0x080089f8                lsm6dsv16x_angular_rate_raw_get
 .text.lsm6dsv16x_acceleration_raw_get
                0x08008a92       0x9a ./Drivers/BSP/Components/lsm6dsv16x/lsm6dsv16x_reg.o
                0x08008a92                lsm6dsv16x_acceleration_raw_get
 .text.lsm6dsv16x_fifo_mode_set
                0x08008b2c       0x4c ./Drivers/BSP/Components/lsm6dsv16x/lsm6dsv16x_reg.o
                0x08008b2c                lsm6dsv16x_fifo_mode_set
 .text.lsm6dsv16x_ah_qvar_mode_set
                0x08008b78       0x4a ./Drivers/BSP/Components/lsm6dsv16x/lsm6dsv16x_reg.o
                0x08008b78                lsm6dsv16x_ah_qvar_mode_set
 *fill*         0x08008bc2        0x2 
 .text.SHT40AD1B_RegisterBusIO
                0x08008bc4       0x94 ./Drivers/BSP/Components/sht40ad1b/sht40ad1b.o
                0x08008bc4                SHT40AD1B_RegisterBusIO
 .text.SHT40AD1B_Init
                0x08008c58       0x2e ./Drivers/BSP/Components/sht40ad1b/sht40ad1b.o
                0x08008c58                SHT40AD1B_Init
 .text.SHT40AD1B_DeInit
                0x08008c86       0x1e ./Drivers/BSP/Components/sht40ad1b/sht40ad1b.o
                0x08008c86                SHT40AD1B_DeInit
 .text.SHT40AD1B_ReadID
                0x08008ca4       0x20 ./Drivers/BSP/Components/sht40ad1b/sht40ad1b.o
                0x08008ca4                SHT40AD1B_ReadID
 .text.SHT40AD1B_GetCapabilities
                0x08008cc4       0x56 ./Drivers/BSP/Components/sht40ad1b/sht40ad1b.o
                0x08008cc4                SHT40AD1B_GetCapabilities
 .text.SHT40AD1B_HUM_Enable
                0x08008d1a       0x2c ./Drivers/BSP/Components/sht40ad1b/sht40ad1b.o
                0x08008d1a                SHT40AD1B_HUM_Enable
 .text.SHT40AD1B_HUM_Disable
                0x08008d46       0x2c ./Drivers/BSP/Components/sht40ad1b/sht40ad1b.o
                0x08008d46                SHT40AD1B_HUM_Disable
 .text.SHT40AD1B_HUM_GetOutputDataRate
                0x08008d72       0x20 ./Drivers/BSP/Components/sht40ad1b/sht40ad1b.o
                0x08008d72                SHT40AD1B_HUM_GetOutputDataRate
 .text.SHT40AD1B_HUM_SetOutputDataRate
                0x08008d92       0x1a ./Drivers/BSP/Components/sht40ad1b/sht40ad1b.o
                0x08008d92                SHT40AD1B_HUM_SetOutputDataRate
 .text.SHT40AD1B_HUM_GetHumidity
                0x08008dac       0x2e ./Drivers/BSP/Components/sht40ad1b/sht40ad1b.o
                0x08008dac                SHT40AD1B_HUM_GetHumidity
 .text.SHT40AD1B_TEMP_Enable
                0x08008dda       0x2c ./Drivers/BSP/Components/sht40ad1b/sht40ad1b.o
                0x08008dda                SHT40AD1B_TEMP_Enable
 .text.SHT40AD1B_TEMP_Disable
                0x08008e06       0x2c ./Drivers/BSP/Components/sht40ad1b/sht40ad1b.o
                0x08008e06                SHT40AD1B_TEMP_Disable
 .text.SHT40AD1B_TEMP_GetOutputDataRate
                0x08008e32       0x20 ./Drivers/BSP/Components/sht40ad1b/sht40ad1b.o
                0x08008e32                SHT40AD1B_TEMP_GetOutputDataRate
 .text.SHT40AD1B_TEMP_SetOutputDataRate
                0x08008e52       0x1a ./Drivers/BSP/Components/sht40ad1b/sht40ad1b.o
                0x08008e52                SHT40AD1B_TEMP_SetOutputDataRate
 .text.SHT40AD1B_TEMP_GetTemperature
                0x08008e6c       0x2e ./Drivers/BSP/Components/sht40ad1b/sht40ad1b.o
                0x08008e6c                SHT40AD1B_TEMP_GetTemperature
 .text.GetData  0x08008e9a       0x3a ./Drivers/BSP/Components/sht40ad1b/sht40ad1b.o
 .text.ReadRegWrap
                0x08008ed4       0x40 ./Drivers/BSP/Components/sht40ad1b/sht40ad1b.o
 .text.WriteRegWrap
                0x08008f14       0x40 ./Drivers/BSP/Components/sht40ad1b/sht40ad1b.o
 .text.sht40ad1b_read_reg
                0x08008f54       0x30 ./Drivers/BSP/Components/sht40ad1b/sht40ad1b_reg.o
                0x08008f54                sht40ad1b_read_reg
 .text.sht40ad1b_write_reg
                0x08008f84       0x30 ./Drivers/BSP/Components/sht40ad1b/sht40ad1b_reg.o
                0x08008f84                sht40ad1b_write_reg
 .text.sht40ad1b_data_get
                0x08008fb4      0x14c ./Drivers/BSP/Components/sht40ad1b/sht40ad1b_reg.o
                0x08008fb4                sht40ad1b_data_get
 .text.sht40ad1b_device_id_get
                0x08009100       0x1e ./Drivers/BSP/Components/sht40ad1b/sht40ad1b_reg.o
                0x08009100                sht40ad1b_device_id_get
 .text.crc_calculate
                0x0800911e       0x78 ./Drivers/BSP/Components/sht40ad1b/sht40ad1b_reg.o
 .text.crc_check
                0x08009196       0x32 ./Drivers/BSP/Components/sht40ad1b/sht40ad1b_reg.o
 .text.STTS22H_RegisterBusIO
                0x080091c8       0x94 ./Drivers/BSP/Components/stts22h/stts22h.o
                0x080091c8                STTS22H_RegisterBusIO
 .text.STTS22H_Init
                0x0800925c       0x74 ./Drivers/BSP/Components/stts22h/stts22h.o
                0x0800925c                STTS22H_Init
 .text.STTS22H_DeInit
                0x080092d0       0x36 ./Drivers/BSP/Components/stts22h/stts22h.o
                0x080092d0                STTS22H_DeInit
 .text.STTS22H_ReadID
                0x08009306       0x36 ./Drivers/BSP/Components/stts22h/stts22h.o
                0x08009306                STTS22H_ReadID
 .text.STTS22H_GetCapabilities
                0x0800933c       0x58 ./Drivers/BSP/Components/stts22h/stts22h.o
                0x0800933c                STTS22H_GetCapabilities
 .text.STTS22H_TEMP_Enable
                0x08009394       0x44 ./Drivers/BSP/Components/stts22h/stts22h.o
                0x08009394                STTS22H_TEMP_Enable
 .text.STTS22H_TEMP_Disable
                0x080093d8       0x58 ./Drivers/BSP/Components/stts22h/stts22h.o
                0x080093d8                STTS22H_TEMP_Disable
 .text.STTS22H_TEMP_GetOutputDataRate
                0x08009430      0x15c ./Drivers/BSP/Components/stts22h/stts22h.o
                0x08009430                STTS22H_TEMP_GetOutputDataRate
 .text.STTS22H_TEMP_SetOutputDataRate
                0x0800958c       0x94 ./Drivers/BSP/Components/stts22h/stts22h.o
                0x0800958c                STTS22H_TEMP_SetOutputDataRate
 .text.STTS22H_TEMP_GetTemperature
                0x08009620       0x44 ./Drivers/BSP/Components/stts22h/stts22h.o
                0x08009620                STTS22H_TEMP_GetTemperature
 .text.ReadRegWrap
                0x08009664       0x6e ./Drivers/BSP/Components/stts22h/stts22h.o
 .text.WriteRegWrap
                0x080096d2       0x6e ./Drivers/BSP/Components/stts22h/stts22h.o
 .text.stts22h_read_reg
                0x08009740       0x3c ./Drivers/BSP/Components/stts22h/stts22h_reg.o
                0x08009740                stts22h_read_reg
 .text.stts22h_write_reg
                0x0800977c       0x3c ./Drivers/BSP/Components/stts22h/stts22h_reg.o
                0x0800977c                stts22h_write_reg
 .text.stts22h_from_lsb_to_celsius
                0x080097b8       0x34 ./Drivers/BSP/Components/stts22h/stts22h_reg.o
                0x080097b8                stts22h_from_lsb_to_celsius
 .text.stts22h_temp_data_rate_set
                0x080097ec       0x82 ./Drivers/BSP/Components/stts22h/stts22h_reg.o
                0x080097ec                stts22h_temp_data_rate_set
 *fill*         0x0800986e        0x2 
 .text.stts22h_temp_data_rate_get
                0x08009870      0x16c ./Drivers/BSP/Components/stts22h/stts22h_reg.o
                0x08009870                stts22h_temp_data_rate_get
 .text.stts22h_block_data_update_set
                0x080099dc       0x4c ./Drivers/BSP/Components/stts22h/stts22h_reg.o
                0x080099dc                stts22h_block_data_update_set
 .text.stts22h_temperature_raw_get
                0x08009a28       0x44 ./Drivers/BSP/Components/stts22h/stts22h_reg.o
                0x08009a28                stts22h_temperature_raw_get
 .text.stts22h_dev_id_get
                0x08009a6c       0x22 ./Drivers/BSP/Components/stts22h/stts22h_reg.o
                0x08009a6c                stts22h_dev_id_get
 .text.stts22h_auto_increment_set
                0x08009a8e       0x4c ./Drivers/BSP/Components/stts22h/stts22h_reg.o
                0x08009a8e                stts22h_auto_increment_set
 *fill*         0x08009ada        0x2 
 .text.IKS4A1_ENV_SENSOR_Init
                0x08009adc      0x21c ./Drivers/BSP/IKS4A1/iks4a1_env_sensors.o
                0x08009adc                IKS4A1_ENV_SENSOR_Init
 .text.IKS4A1_ENV_SENSOR_GetCapabilities
                0x08009cf8       0x54 ./Drivers/BSP/IKS4A1/iks4a1_env_sensors.o
                0x08009cf8                IKS4A1_ENV_SENSOR_GetCapabilities
 .text.IKS4A1_ENV_SENSOR_ReadID
                0x08009d4c       0x54 ./Drivers/BSP/IKS4A1/iks4a1_env_sensors.o
                0x08009d4c                IKS4A1_ENV_SENSOR_ReadID
 .text.IKS4A1_ENV_SENSOR_GetOutputDataRate
                0x08009da0       0x84 ./Drivers/BSP/IKS4A1/iks4a1_env_sensors.o
                0x08009da0                IKS4A1_ENV_SENSOR_GetOutputDataRate
 .text.IKS4A1_ENV_SENSOR_GetValue
                0x08009e24       0x84 ./Drivers/BSP/IKS4A1/iks4a1_env_sensors.o
                0x08009e24                IKS4A1_ENV_SENSOR_GetValue
 .text.STTS22H_0_Probe
                0x08009ea8      0x16c ./Drivers/BSP/IKS4A1/iks4a1_env_sensors.o
 .text.LPS22DF_0_Probe
                0x0800a014      0x1a0 ./Drivers/BSP/IKS4A1/iks4a1_env_sensors.o
 .text.SHT40AD1B_0_Probe
                0x0800a1b4      0x1a0 ./Drivers/BSP/IKS4A1/iks4a1_env_sensors.o
 .text.IKS4A1_MOTION_SENSOR_Init
                0x0800a354      0x264 ./Drivers/BSP/IKS4A1/iks4a1_motion_sensors.o
                0x0800a354                IKS4A1_MOTION_SENSOR_Init
 .text.IKS4A1_MOTION_SENSOR_GetCapabilities
                0x0800a5b8       0x54 ./Drivers/BSP/IKS4A1/iks4a1_motion_sensors.o
                0x0800a5b8                IKS4A1_MOTION_SENSOR_GetCapabilities
 .text.IKS4A1_MOTION_SENSOR_ReadID
                0x0800a60c       0x54 ./Drivers/BSP/IKS4A1/iks4a1_motion_sensors.o
                0x0800a60c                IKS4A1_MOTION_SENSOR_ReadID
 .text.IKS4A1_MOTION_SENSOR_GetAxes
                0x0800a660       0x88 ./Drivers/BSP/IKS4A1/iks4a1_motion_sensors.o
                0x0800a660                IKS4A1_MOTION_SENSOR_GetAxes
 .text.IKS4A1_MOTION_SENSOR_GetOutputDataRate
                0x0800a6e8       0x88 ./Drivers/BSP/IKS4A1/iks4a1_motion_sensors.o
                0x0800a6e8                IKS4A1_MOTION_SENSOR_GetOutputDataRate
 .text.IKS4A1_MOTION_SENSOR_GetFullScale
                0x0800a770       0x88 ./Drivers/BSP/IKS4A1/iks4a1_motion_sensors.o
                0x0800a770                IKS4A1_MOTION_SENSOR_GetFullScale
 .text.LIS2MDL_0_Probe
                0x0800a7f8      0x150 ./Drivers/BSP/IKS4A1/iks4a1_motion_sensors.o
 .text.LSM6DSV16X_0_Probe
                0x0800a948      0x198 ./Drivers/BSP/IKS4A1/iks4a1_motion_sensors.o
 .text.LIS2DUXS12_0_Probe
                0x0800aae0      0x16c ./Drivers/BSP/IKS4A1/iks4a1_motion_sensors.o
 .text.LSM6DSO16IS_0_Probe
                0x0800ac4c      0x198 ./Drivers/BSP/IKS4A1/iks4a1_motion_sensors.o
 .text.BSP_LED_Init
                0x0800ade4       0x6c ./Drivers/BSP/STM32G4xx_Nucleo/stm32g4xx_nucleo.o
                0x0800ade4                BSP_LED_Init
 .text.BSP_PB_Init
                0x0800ae50       0xdc ./Drivers/BSP/STM32G4xx_Nucleo/stm32g4xx_nucleo.o
                0x0800ae50                BSP_PB_Init
 .text.BSP_PB_GetState
                0x0800af2c       0x2c ./Drivers/BSP/STM32G4xx_Nucleo/stm32g4xx_nucleo.o
                0x0800af2c                BSP_PB_GetState
 .text.BSP_COM_Init
                0x0800af58       0x60 ./Drivers/BSP/STM32G4xx_Nucleo/stm32g4xx_nucleo.o
                0x0800af58                BSP_COM_Init
 .text.MX_LPUART1_Init
                0x0800afb8       0x64 ./Drivers/BSP/STM32G4xx_Nucleo/stm32g4xx_nucleo.o
                0x0800afb8                MX_LPUART1_Init
 .text.__io_putchar
                0x0800b01c       0x38 ./Drivers/BSP/STM32G4xx_Nucleo/stm32g4xx_nucleo.o
                0x0800b01c                __io_putchar
 .text.BUTTON_USER_EXTI_Callback
                0x0800b054        0xe ./Drivers/BSP/STM32G4xx_Nucleo/stm32g4xx_nucleo.o
 *fill*         0x0800b062        0x2 
 .text.COM1_MspInit
                0x0800b064       0x98 ./Drivers/BSP/STM32G4xx_Nucleo/stm32g4xx_nucleo.o
 .text.HAL_Init
                0x0800b0fc       0x30 ./Drivers/STM32G4xx_HAL_Driver/Src/stm32g4xx_hal.o
                0x0800b0fc                HAL_Init
 .text.HAL_InitTick
                0x0800b12c       0x74 ./Drivers/STM32G4xx_HAL_Driver/Src/stm32g4xx_hal.o
                0x0800b12c                HAL_InitTick
 .text.HAL_IncTick
                0x0800b1a0       0x24 ./Drivers/STM32G4xx_HAL_Driver/Src/stm32g4xx_hal.o
                0x0800b1a0                HAL_IncTick
 .text.HAL_GetTick
                0x0800b1c4       0x18 ./Drivers/STM32G4xx_HAL_Driver/Src/stm32g4xx_hal.o
                0x0800b1c4                HAL_GetTick
 .text.HAL_Delay
                0x0800b1dc       0x44 ./Drivers/STM32G4xx_HAL_Driver/Src/stm32g4xx_hal.o
                0x0800b1dc                HAL_Delay
 .text.__NVIC_SetPriorityGrouping
                0x0800b220       0x48 ./Drivers/STM32G4xx_HAL_Driver/Src/stm32g4xx_hal_cortex.o
 .text.__NVIC_GetPriorityGrouping
                0x0800b268       0x1c ./Drivers/STM32G4xx_HAL_Driver/Src/stm32g4xx_hal_cortex.o
 .text.__NVIC_EnableIRQ
                0x0800b284       0x3c ./Drivers/STM32G4xx_HAL_Driver/Src/stm32g4xx_hal_cortex.o
 .text.__NVIC_SetPriority
                0x0800b2c0       0x54 ./Drivers/STM32G4xx_HAL_Driver/Src/stm32g4xx_hal_cortex.o
 .text.NVIC_EncodePriority
                0x0800b314       0x66 ./Drivers/STM32G4xx_HAL_Driver/Src/stm32g4xx_hal_cortex.o
 *fill*         0x0800b37a        0x2 
 .text.SysTick_Config
                0x0800b37c       0x44 ./Drivers/STM32G4xx_HAL_Driver/Src/stm32g4xx_hal_cortex.o
 .text.HAL_NVIC_SetPriorityGrouping
                0x0800b3c0       0x16 ./Drivers/STM32G4xx_HAL_Driver/Src/stm32g4xx_hal_cortex.o
                0x0800b3c0                HAL_NVIC_SetPriorityGrouping
 .text.HAL_NVIC_SetPriority
                0x0800b3d6       0x34 ./Drivers/STM32G4xx_HAL_Driver/Src/stm32g4xx_hal_cortex.o
                0x0800b3d6                HAL_NVIC_SetPriority
 .text.HAL_NVIC_EnableIRQ
                0x0800b40a       0x1c ./Drivers/STM32G4xx_HAL_Driver/Src/stm32g4xx_hal_cortex.o
                0x0800b40a                HAL_NVIC_EnableIRQ
 .text.HAL_SYSTICK_Config
                0x0800b426       0x18 ./Drivers/STM32G4xx_HAL_Driver/Src/stm32g4xx_hal_cortex.o
                0x0800b426                HAL_SYSTICK_Config
 *fill*         0x0800b43e        0x2 
 .text.HAL_DMA_Init
                0x0800b440      0x150 ./Drivers/STM32G4xx_HAL_Driver/Src/stm32g4xx_hal_dma.o
                0x0800b440                HAL_DMA_Init
 .text.HAL_DMA_IRQHandler
                0x0800b590      0x15e ./Drivers/STM32G4xx_HAL_Driver/Src/stm32g4xx_hal_dma.o
                0x0800b590                HAL_DMA_IRQHandler
 *fill*         0x0800b6ee        0x2 
 .text.DMA_CalcDMAMUXChannelBaseAndMask
                0x0800b6f0       0x7c ./Drivers/STM32G4xx_HAL_Driver/Src/stm32g4xx_hal_dma.o
 .text.DMA_CalcDMAMUXRequestGenBaseAndMask
                0x0800b76c       0x48 ./Drivers/STM32G4xx_HAL_Driver/Src/stm32g4xx_hal_dma.o
 .text.HAL_EXTI_RegisterCallback
                0x0800b7b4       0x3a ./Drivers/STM32G4xx_HAL_Driver/Src/stm32g4xx_hal_exti.o
                0x0800b7b4                HAL_EXTI_RegisterCallback
 .text.HAL_EXTI_GetHandle
                0x0800b7ee       0x28 ./Drivers/STM32G4xx_HAL_Driver/Src/stm32g4xx_hal_exti.o
                0x0800b7ee                HAL_EXTI_GetHandle
 *fill*         0x0800b816        0x2 
 .text.HAL_GPIO_Init
                0x0800b818      0x304 ./Drivers/STM32G4xx_HAL_Driver/Src/stm32g4xx_hal_gpio.o
                0x0800b818                HAL_GPIO_Init
 .text.HAL_GPIO_DeInit
                0x0800bb1c      0x1c4 ./Drivers/STM32G4xx_HAL_Driver/Src/stm32g4xx_hal_gpio.o
                0x0800bb1c                HAL_GPIO_DeInit
 .text.HAL_GPIO_ReadPin
                0x0800bce0       0x30 ./Drivers/STM32G4xx_HAL_Driver/Src/stm32g4xx_hal_gpio.o
                0x0800bce0                HAL_GPIO_ReadPin
 .text.HAL_GPIO_WritePin
                0x0800bd10       0x30 ./Drivers/STM32G4xx_HAL_Driver/Src/stm32g4xx_hal_gpio.o
                0x0800bd10                HAL_GPIO_WritePin
 .text.HAL_I2C_Init
                0x0800bd40      0x136 ./Drivers/STM32G4xx_HAL_Driver/Src/stm32g4xx_hal_i2c.o
                0x0800bd40                HAL_I2C_Init
 .text.HAL_I2C_DeInit
                0x0800be76       0x5e ./Drivers/STM32G4xx_HAL_Driver/Src/stm32g4xx_hal_i2c.o
                0x0800be76                HAL_I2C_DeInit
 .text.HAL_I2C_MspInit
                0x0800bed4       0x14 ./Drivers/STM32G4xx_HAL_Driver/Src/stm32g4xx_hal_i2c.o
                0x0800bed4                HAL_I2C_MspInit
 .text.HAL_I2C_MspDeInit
                0x0800bee8       0x14 ./Drivers/STM32G4xx_HAL_Driver/Src/stm32g4xx_hal_i2c.o
                0x0800bee8                HAL_I2C_MspDeInit
 .text.HAL_I2C_Master_Transmit
                0x0800befc      0x230 ./Drivers/STM32G4xx_HAL_Driver/Src/stm32g4xx_hal_i2c.o
                0x0800befc                HAL_I2C_Master_Transmit
 .text.HAL_I2C_Master_Receive
                0x0800c12c      0x1ec ./Drivers/STM32G4xx_HAL_Driver/Src/stm32g4xx_hal_i2c.o
                0x0800c12c                HAL_I2C_Master_Receive
 .text.HAL_I2C_Mem_Write
                0x0800c318      0x228 ./Drivers/STM32G4xx_HAL_Driver/Src/stm32g4xx_hal_i2c.o
                0x0800c318                HAL_I2C_Mem_Write
 .text.HAL_I2C_Mem_Read
                0x0800c540      0x234 ./Drivers/STM32G4xx_HAL_Driver/Src/stm32g4xx_hal_i2c.o
                0x0800c540                HAL_I2C_Mem_Read
 .text.HAL_I2C_GetState
                0x0800c774       0x1c ./Drivers/STM32G4xx_HAL_Driver/Src/stm32g4xx_hal_i2c.o
                0x0800c774                HAL_I2C_GetState
 .text.HAL_I2C_GetError
                0x0800c790       0x18 ./Drivers/STM32G4xx_HAL_Driver/Src/stm32g4xx_hal_i2c.o
                0x0800c790                HAL_I2C_GetError
 .text.I2C_RequestMemoryWrite
                0x0800c7a8       0xa8 ./Drivers/STM32G4xx_HAL_Driver/Src/stm32g4xx_hal_i2c.o
 .text.I2C_RequestMemoryRead
                0x0800c850       0xa8 ./Drivers/STM32G4xx_HAL_Driver/Src/stm32g4xx_hal_i2c.o
 .text.I2C_Flush_TXDR
                0x0800c8f8       0x48 ./Drivers/STM32G4xx_HAL_Driver/Src/stm32g4xx_hal_i2c.o
 .text.I2C_WaitOnFlagUntilTimeout
                0x0800c940       0xb2 ./Drivers/STM32G4xx_HAL_Driver/Src/stm32g4xx_hal_i2c.o
 .text.I2C_WaitOnTXISFlagUntilTimeout
                0x0800c9f2       0x8e ./Drivers/STM32G4xx_HAL_Driver/Src/stm32g4xx_hal_i2c.o
 .text.I2C_WaitOnSTOPFlagUntilTimeout
                0x0800ca80       0x86 ./Drivers/STM32G4xx_HAL_Driver/Src/stm32g4xx_hal_i2c.o
 *fill*         0x0800cb06        0x2 
 .text.I2C_WaitOnRXNEFlagUntilTimeout
                0x0800cb08      0x118 ./Drivers/STM32G4xx_HAL_Driver/Src/stm32g4xx_hal_i2c.o
 .text.I2C_IsErrorOccurred
                0x0800cc20      0x1c0 ./Drivers/STM32G4xx_HAL_Driver/Src/stm32g4xx_hal_i2c.o
 .text.I2C_TransferConfig
                0x0800cde0       0x64 ./Drivers/STM32G4xx_HAL_Driver/Src/stm32g4xx_hal_i2c.o
 .text.HAL_I2CEx_ConfigAnalogFilter
                0x0800ce44       0x96 ./Drivers/STM32G4xx_HAL_Driver/Src/stm32g4xx_hal_i2c_ex.o
                0x0800ce44                HAL_I2CEx_ConfigAnalogFilter
 .text.HAL_I2CEx_ConfigDigitalFilter
                0x0800ceda       0x98 ./Drivers/STM32G4xx_HAL_Driver/Src/stm32g4xx_hal_i2c_ex.o
                0x0800ceda                HAL_I2CEx_ConfigDigitalFilter
 *fill*         0x0800cf72        0x2 
 .text.HAL_PWREx_ControlVoltageScaling
                0x0800cf74      0x148 ./Drivers/STM32G4xx_HAL_Driver/Src/stm32g4xx_hal_pwr_ex.o
                0x0800cf74                HAL_PWREx_ControlVoltageScaling
 .text.HAL_PWREx_DisableUCPDDeadBattery
                0x0800d0bc       0x20 ./Drivers/STM32G4xx_HAL_Driver/Src/stm32g4xx_hal_pwr_ex.o
                0x0800d0bc                HAL_PWREx_DisableUCPDDeadBattery
 .text.HAL_RCC_OscConfig
                0x0800d0dc      0x624 ./Drivers/STM32G4xx_HAL_Driver/Src/stm32g4xx_hal_rcc.o
                0x0800d0dc                HAL_RCC_OscConfig
 .text.HAL_RCC_ClockConfig
                0x0800d700      0x278 ./Drivers/STM32G4xx_HAL_Driver/Src/stm32g4xx_hal_rcc.o
                0x0800d700                HAL_RCC_ClockConfig
 .text.HAL_RCC_GetSysClockFreq
                0x0800d978       0xc4 ./Drivers/STM32G4xx_HAL_Driver/Src/stm32g4xx_hal_rcc.o
                0x0800d978                HAL_RCC_GetSysClockFreq
 .text.HAL_RCC_GetHCLKFreq
                0x0800da3c       0x18 ./Drivers/STM32G4xx_HAL_Driver/Src/stm32g4xx_hal_rcc.o
                0x0800da3c                HAL_RCC_GetHCLKFreq
 .text.HAL_RCC_GetPCLK1Freq
                0x0800da54       0x2c ./Drivers/STM32G4xx_HAL_Driver/Src/stm32g4xx_hal_rcc.o
                0x0800da54                HAL_RCC_GetPCLK1Freq
 .text.HAL_RCC_GetPCLK2Freq
                0x0800da80       0x2c ./Drivers/STM32G4xx_HAL_Driver/Src/stm32g4xx_hal_rcc.o
                0x0800da80                HAL_RCC_GetPCLK2Freq
 .text.RCC_GetSysClockFreqFromPLLSource
                0x0800daac       0x8c ./Drivers/STM32G4xx_HAL_Driver/Src/stm32g4xx_hal_rcc.o
 .text.HAL_RCCEx_PeriphCLKConfig
                0x0800db38      0x478 ./Drivers/STM32G4xx_HAL_Driver/Src/stm32g4xx_hal_rcc_ex.o
                0x0800db38                HAL_RCCEx_PeriphCLKConfig
 .text.HAL_UART_Init
                0x0800dfb0       0xa0 ./Drivers/STM32G4xx_HAL_Driver/Src/stm32g4xx_hal_uart.o
                0x0800dfb0                HAL_UART_Init
 .text.HAL_UART_MspInit
                0x0800e050       0x14 ./Drivers/STM32G4xx_HAL_Driver/Src/stm32g4xx_hal_uart.o
                0x0800e050                HAL_UART_MspInit
 .text.HAL_UART_Transmit
                0x0800e064      0x11c ./Drivers/STM32G4xx_HAL_Driver/Src/stm32g4xx_hal_uart.o
                0x0800e064                HAL_UART_Transmit
 .text.UART_SetConfig
                0x0800e180      0x5f8 ./Drivers/STM32G4xx_HAL_Driver/Src/stm32g4xx_hal_uart.o
                0x0800e180                UART_SetConfig
 .text.UART_AdvFeatureConfig
                0x0800e778      0x144 ./Drivers/STM32G4xx_HAL_Driver/Src/stm32g4xx_hal_uart.o
                0x0800e778                UART_AdvFeatureConfig
 .text.UART_CheckIdleState
                0x0800e8bc      0x154 ./Drivers/STM32G4xx_HAL_Driver/Src/stm32g4xx_hal_uart.o
                0x0800e8bc                UART_CheckIdleState
 .text.UART_WaitOnFlagUntilTimeout
                0x0800ea10       0xda ./Drivers/STM32G4xx_HAL_Driver/Src/stm32g4xx_hal_uart.o
                0x0800ea10                UART_WaitOnFlagUntilTimeout
 .text.UART_EndRxTransfer
                0x0800eaea       0xcc ./Drivers/STM32G4xx_HAL_Driver/Src/stm32g4xx_hal_uart.o
 .text.MX_MEMS_Init
                0x0800ebb6        0xc ./MEMS/App/app_mems.o
                0x0800ebb6                MX_MEMS_Init
 .text.MX_MEMS_Process
                0x0800ebc2        0xc ./MEMS/App/app_mems.o
                0x0800ebc2                MX_MEMS_Process
 *fill*         0x0800ebce        0x2 
 .text.MX_IKS4A1_DataLogTerminal_Init
                0x0800ebd0      0x420 ./MEMS/App/app_mems.o
 .text.BSP_PB_Callback
                0x0800eff0       0x20 ./MEMS/App/app_mems.o
                0x0800eff0                BSP_PB_Callback
 .text.MX_IKS4A1_DataLogTerminal_Process
                0x0800f010      0x150 ./MEMS/App/app_mems.o
 .text.floatToInt
                0x0800f160      0x114 ./MEMS/App/app_mems.o
 .text.Accelero_Sensor_Handler
                0x0800f274      0x180 ./MEMS/App/app_mems.o
 .text.Gyro_Sensor_Handler
                0x0800f3f4      0x180 ./MEMS/App/app_mems.o
 .text.Magneto_Sensor_Handler
                0x0800f574      0x180 ./MEMS/App/app_mems.o
 .text.Temp_Sensor_Handler
                0x0800f6f4      0x150 ./MEMS/App/app_mems.o
 .text.Press_Sensor_Handler
                0x0800f844      0x140 ./MEMS/App/app_mems.o
 .text.Hum_Sensor_Handler
                0x0800f984      0x140 ./MEMS/App/app_mems.o
 .text.std      0x0800fac4       0x6c C:/ST/STM32CubeIDE_1.12.1/STM32CubeIDE/plugins/com.st.stm32cube.ide.mcu.externaltools.gnu-tools-for-stm32.12.3.rel1.win32_1.1.0.202410251130/tools/bin/../lib/gcc/arm-none-eabi/12.3.1/../../../../arm-none-eabi/lib/thumb/v7e-m+fp/hard\libc_nano.a(libc_a-findfp.o)
 .text.stdio_exit_handler
                0x0800fb30       0x18 C:/ST/STM32CubeIDE_1.12.1/STM32CubeIDE/plugins/com.st.stm32cube.ide.mcu.externaltools.gnu-tools-for-stm32.12.3.rel1.win32_1.1.0.202410251130/tools/bin/../lib/gcc/arm-none-eabi/12.3.1/../../../../arm-none-eabi/lib/thumb/v7e-m+fp/hard\libc_nano.a(libc_a-findfp.o)
 .text.cleanup_stdio
                0x0800fb48       0x40 C:/ST/STM32CubeIDE_1.12.1/STM32CubeIDE/plugins/com.st.stm32cube.ide.mcu.externaltools.gnu-tools-for-stm32.12.3.rel1.win32_1.1.0.202410251130/tools/bin/../lib/gcc/arm-none-eabi/12.3.1/../../../../arm-none-eabi/lib/thumb/v7e-m+fp/hard\libc_nano.a(libc_a-findfp.o)
 .text.global_stdio_init.part.0
                0x0800fb88       0x3c C:/ST/STM32CubeIDE_1.12.1/STM32CubeIDE/plugins/com.st.stm32cube.ide.mcu.externaltools.gnu-tools-for-stm32.12.3.rel1.win32_1.1.0.202410251130/tools/bin/../lib/gcc/arm-none-eabi/12.3.1/../../../../arm-none-eabi/lib/thumb/v7e-m+fp/hard\libc_nano.a(libc_a-findfp.o)
 .text.__sfp_lock_acquire
                0x0800fbc4        0xc C:/ST/STM32CubeIDE_1.12.1/STM32CubeIDE/plugins/com.st.stm32cube.ide.mcu.externaltools.gnu-tools-for-stm32.12.3.rel1.win32_1.1.0.202410251130/tools/bin/../lib/gcc/arm-none-eabi/12.3.1/../../../../arm-none-eabi/lib/thumb/v7e-m+fp/hard\libc_nano.a(libc_a-findfp.o)
                0x0800fbc4                __sfp_lock_acquire
 .text.__sfp_lock_release
                0x0800fbd0        0xc C:/ST/STM32CubeIDE_1.12.1/STM32CubeIDE/plugins/com.st.stm32cube.ide.mcu.externaltools.gnu-tools-for-stm32.12.3.rel1.win32_1.1.0.202410251130/tools/bin/../lib/gcc/arm-none-eabi/12.3.1/../../../../arm-none-eabi/lib/thumb/v7e-m+fp/hard\libc_nano.a(libc_a-findfp.o)
                0x0800fbd0                __sfp_lock_release
 .text.__sinit  0x0800fbdc       0x30 C:/ST/STM32CubeIDE_1.12.1/STM32CubeIDE/plugins/com.st.stm32cube.ide.mcu.externaltools.gnu-tools-for-stm32.12.3.rel1.win32_1.1.0.202410251130/tools/bin/../lib/gcc/arm-none-eabi/12.3.1/../../../../arm-none-eabi/lib/thumb/v7e-m+fp/hard\libc_nano.a(libc_a-findfp.o)
                0x0800fbdc                __sinit
 .text._fwalk_sglue
                0x0800fc0c       0x3c C:/ST/STM32CubeIDE_1.12.1/STM32CubeIDE/plugins/com.st.stm32cube.ide.mcu.externaltools.gnu-tools-for-stm32.12.3.rel1.win32_1.1.0.202410251130/tools/bin/../lib/gcc/arm-none-eabi/12.3.1/../../../../arm-none-eabi/lib/thumb/v7e-m+fp/hard\libc_nano.a(libc_a-fwalk.o)
                0x0800fc0c                _fwalk_sglue
 .text.printf   0x0800fc48       0x24 C:/ST/STM32CubeIDE_1.12.1/STM32CubeIDE/plugins/com.st.stm32cube.ide.mcu.externaltools.gnu-tools-for-stm32.12.3.rel1.win32_1.1.0.202410251130/tools/bin/../lib/gcc/arm-none-eabi/12.3.1/../../../../arm-none-eabi/lib/thumb/v7e-m+fp/hard\libc_nano.a(libc_a-printf.o)
                0x0800fc48                iprintf
                0x0800fc48                printf
 .text.snprintf
                0x0800fc6c       0x68 C:/ST/STM32CubeIDE_1.12.1/STM32CubeIDE/plugins/com.st.stm32cube.ide.mcu.externaltools.gnu-tools-for-stm32.12.3.rel1.win32_1.1.0.202410251130/tools/bin/../lib/gcc/arm-none-eabi/12.3.1/../../../../arm-none-eabi/lib/thumb/v7e-m+fp/hard\libc_nano.a(libc_a-snprintf.o)
                0x0800fc6c                sniprintf
                0x0800fc6c                snprintf
 .text.__sread  0x0800fcd4       0x22 C:/ST/STM32CubeIDE_1.12.1/STM32CubeIDE/plugins/com.st.stm32cube.ide.mcu.externaltools.gnu-tools-for-stm32.12.3.rel1.win32_1.1.0.202410251130/tools/bin/../lib/gcc/arm-none-eabi/12.3.1/../../../../arm-none-eabi/lib/thumb/v7e-m+fp/hard\libc_nano.a(libc_a-stdio.o)
                0x0800fcd4                __sread
 .text.__swrite
                0x0800fcf6       0x38 C:/ST/STM32CubeIDE_1.12.1/STM32CubeIDE/plugins/com.st.stm32cube.ide.mcu.externaltools.gnu-tools-for-stm32.12.3.rel1.win32_1.1.0.202410251130/tools/bin/../lib/gcc/arm-none-eabi/12.3.1/../../../../arm-none-eabi/lib/thumb/v7e-m+fp/hard\libc_nano.a(libc_a-stdio.o)
                0x0800fcf6                __swrite
 .text.__sseek  0x0800fd2e       0x24 C:/ST/STM32CubeIDE_1.12.1/STM32CubeIDE/plugins/com.st.stm32cube.ide.mcu.externaltools.gnu-tools-for-stm32.12.3.rel1.win32_1.1.0.202410251130/tools/bin/../lib/gcc/arm-none-eabi/12.3.1/../../../../arm-none-eabi/lib/thumb/v7e-m+fp/hard\libc_nano.a(libc_a-stdio.o)
                0x0800fd2e                __sseek
 .text.__sclose
                0x0800fd52        0x8 C:/ST/STM32CubeIDE_1.12.1/STM32CubeIDE/plugins/com.st.stm32cube.ide.mcu.externaltools.gnu-tools-for-stm32.12.3.rel1.win32_1.1.0.202410251130/tools/bin/../lib/gcc/arm-none-eabi/12.3.1/../../../../arm-none-eabi/lib/thumb/v7e-m+fp/hard\libc_nano.a(libc_a-stdio.o)
                0x0800fd52                __sclose
 .text.memset   0x0800fd5a       0x10 C:/ST/STM32CubeIDE_1.12.1/STM32CubeIDE/plugins/com.st.stm32cube.ide.mcu.externaltools.gnu-tools-for-stm32.12.3.rel1.win32_1.1.0.202410251130/tools/bin/../lib/gcc/arm-none-eabi/12.3.1/../../../../arm-none-eabi/lib/thumb/v7e-m+fp/hard\libc_nano.a(libc_a-memset.o)
                0x0800fd5a                memset
 *fill*         0x0800fd6a        0x2 
 .text._close_r
                0x0800fd6c       0x20 C:/ST/STM32CubeIDE_1.12.1/STM32CubeIDE/plugins/com.st.stm32cube.ide.mcu.externaltools.gnu-tools-for-stm32.12.3.rel1.win32_1.1.0.202410251130/tools/bin/../lib/gcc/arm-none-eabi/12.3.1/../../../../arm-none-eabi/lib/thumb/v7e-m+fp/hard\libc_nano.a(libc_a-closer.o)
                0x0800fd6c                _close_r
 .text._lseek_r
                0x0800fd8c       0x24 C:/ST/STM32CubeIDE_1.12.1/STM32CubeIDE/plugins/com.st.stm32cube.ide.mcu.externaltools.gnu-tools-for-stm32.12.3.rel1.win32_1.1.0.202410251130/tools/bin/../lib/gcc/arm-none-eabi/12.3.1/../../../../arm-none-eabi/lib/thumb/v7e-m+fp/hard\libc_nano.a(libc_a-lseekr.o)
                0x0800fd8c                _lseek_r
 .text._read_r  0x0800fdb0       0x24 C:/ST/STM32CubeIDE_1.12.1/STM32CubeIDE/plugins/com.st.stm32cube.ide.mcu.externaltools.gnu-tools-for-stm32.12.3.rel1.win32_1.1.0.202410251130/tools/bin/../lib/gcc/arm-none-eabi/12.3.1/../../../../arm-none-eabi/lib/thumb/v7e-m+fp/hard\libc_nano.a(libc_a-readr.o)
                0x0800fdb0                _read_r
 .text._write_r
                0x0800fdd4       0x24 C:/ST/STM32CubeIDE_1.12.1/STM32CubeIDE/plugins/com.st.stm32cube.ide.mcu.externaltools.gnu-tools-for-stm32.12.3.rel1.win32_1.1.0.202410251130/tools/bin/../lib/gcc/arm-none-eabi/12.3.1/../../../../arm-none-eabi/lib/thumb/v7e-m+fp/hard\libc_nano.a(libc_a-writer.o)
                0x0800fdd4                _write_r
 .text.__errno  0x0800fdf8        0xc C:/ST/STM32CubeIDE_1.12.1/STM32CubeIDE/plugins/com.st.stm32cube.ide.mcu.externaltools.gnu-tools-for-stm32.12.3.rel1.win32_1.1.0.202410251130/tools/bin/../lib/gcc/arm-none-eabi/12.3.1/../../../../arm-none-eabi/lib/thumb/v7e-m+fp/hard\libc_nano.a(libc_a-errno.o)
                0x0800fdf8                __errno
 .text.__libc_init_array
                0x0800fe04       0x48 C:/ST/STM32CubeIDE_1.12.1/STM32CubeIDE/plugins/com.st.stm32cube.ide.mcu.externaltools.gnu-tools-for-stm32.12.3.rel1.win32_1.1.0.202410251130/tools/bin/../lib/gcc/arm-none-eabi/12.3.1/../../../../arm-none-eabi/lib/thumb/v7e-m+fp/hard\libc_nano.a(libc_a-init.o)
                0x0800fe04                __libc_init_array
 .text.__retarget_lock_init_recursive
                0x0800fe4c        0x2 C:/ST/STM32CubeIDE_1.12.1/STM32CubeIDE/plugins/com.st.stm32cube.ide.mcu.externaltools.gnu-tools-for-stm32.12.3.rel1.win32_1.1.0.202410251130/tools/bin/../lib/gcc/arm-none-eabi/12.3.1/../../../../arm-none-eabi/lib/thumb/v7e-m+fp/hard\libc_nano.a(libc_a-lock.o)
                0x0800fe4c                __retarget_lock_init_recursive
 .text.__retarget_lock_acquire_recursive
                0x0800fe4e        0x2 C:/ST/STM32CubeIDE_1.12.1/STM32CubeIDE/plugins/com.st.stm32cube.ide.mcu.externaltools.gnu-tools-for-stm32.12.3.rel1.win32_1.1.0.202410251130/tools/bin/../lib/gcc/arm-none-eabi/12.3.1/../../../../arm-none-eabi/lib/thumb/v7e-m+fp/hard\libc_nano.a(libc_a-lock.o)
                0x0800fe4e                __retarget_lock_acquire_recursive
 .text.__retarget_lock_release_recursive
                0x0800fe50        0x2 C:/ST/STM32CubeIDE_1.12.1/STM32CubeIDE/plugins/com.st.stm32cube.ide.mcu.externaltools.gnu-tools-for-stm32.12.3.rel1.win32_1.1.0.202410251130/tools/bin/../lib/gcc/arm-none-eabi/12.3.1/../../../../arm-none-eabi/lib/thumb/v7e-m+fp/hard\libc_nano.a(libc_a-lock.o)
                0x0800fe50                __retarget_lock_release_recursive
 *fill*         0x0800fe52        0x2 
 .text._free_r  0x0800fe54       0x94 C:/ST/STM32CubeIDE_1.12.1/STM32CubeIDE/plugins/com.st.stm32cube.ide.mcu.externaltools.gnu-tools-for-stm32.12.3.rel1.win32_1.1.0.202410251130/tools/bin/../lib/gcc/arm-none-eabi/12.3.1/../../../../arm-none-eabi/lib/thumb/v7e-m+fp/hard\libc_nano.a(libc_a-freer.o)
                0x0800fe54                _free_r
 .text.sbrk_aligned
                0x0800fee8       0x44 C:/ST/STM32CubeIDE_1.12.1/STM32CubeIDE/plugins/com.st.stm32cube.ide.mcu.externaltools.gnu-tools-for-stm32.12.3.rel1.win32_1.1.0.202410251130/tools/bin/../lib/gcc/arm-none-eabi/12.3.1/../../../../arm-none-eabi/lib/thumb/v7e-m+fp/hard\libc_nano.a(libc_a-mallocr.o)
 .text._malloc_r
                0x0800ff2c      0x100 C:/ST/STM32CubeIDE_1.12.1/STM32CubeIDE/plugins/com.st.stm32cube.ide.mcu.externaltools.gnu-tools-for-stm32.12.3.rel1.win32_1.1.0.202410251130/tools/bin/../lib/gcc/arm-none-eabi/12.3.1/../../../../arm-none-eabi/lib/thumb/v7e-m+fp/hard\libc_nano.a(libc_a-mallocr.o)
                0x0800ff2c                _malloc_r
 .text.__malloc_lock
                0x0801002c        0xc C:/ST/STM32CubeIDE_1.12.1/STM32CubeIDE/plugins/com.st.stm32cube.ide.mcu.externaltools.gnu-tools-for-stm32.12.3.rel1.win32_1.1.0.202410251130/tools/bin/../lib/gcc/arm-none-eabi/12.3.1/../../../../arm-none-eabi/lib/thumb/v7e-m+fp/hard\libc_nano.a(libc_a-mlock.o)
                0x0801002c                __malloc_lock
 .text.__malloc_unlock
                0x08010038        0xc C:/ST/STM32CubeIDE_1.12.1/STM32CubeIDE/plugins/com.st.stm32cube.ide.mcu.externaltools.gnu-tools-for-stm32.12.3.rel1.win32_1.1.0.202410251130/tools/bin/../lib/gcc/arm-none-eabi/12.3.1/../../../../arm-none-eabi/lib/thumb/v7e-m+fp/hard\libc_nano.a(libc_a-mlock.o)
                0x08010038                __malloc_unlock
 .text.__ssputs_r
                0x08010044       0xb6 C:/ST/STM32CubeIDE_1.12.1/STM32CubeIDE/plugins/com.st.stm32cube.ide.mcu.externaltools.gnu-tools-for-stm32.12.3.rel1.win32_1.1.0.202410251130/tools/bin/../lib/gcc/arm-none-eabi/12.3.1/../../../../arm-none-eabi/lib/thumb/v7e-m+fp/hard\libc_nano.a(libc_a-nano-svfprintf.o)
                0x08010044                __ssputs_r
 *fill*         0x080100fa        0x2 
 .text._svfprintf_r
                0x080100fc      0x1f8 C:/ST/STM32CubeIDE_1.12.1/STM32CubeIDE/plugins/com.st.stm32cube.ide.mcu.externaltools.gnu-tools-for-stm32.12.3.rel1.win32_1.1.0.202410251130/tools/bin/../lib/gcc/arm-none-eabi/12.3.1/../../../../arm-none-eabi/lib/thumb/v7e-m+fp/hard\libc_nano.a(libc_a-nano-svfprintf.o)
                0x080100fc                _svfiprintf_r
                0x080100fc                _svfprintf_r
 .text.__sfputc_r