../Drivers/BSP/Components/lis2duxs12/lis2duxs12_reg.c:48:16:lis2duxs12_read_reg	32	static
../Drivers/BSP/Components/lis2duxs12/lis2duxs12_reg.c:69:16:lis2duxs12_write_reg	32	static
../Drivers/BSP/Components/lis2duxs12/lis2duxs12_reg.c:92:9:lis2duxs12_from_fs2g_to_mg	16	static
../Drivers/BSP/Components/lis2duxs12/lis2duxs12_reg.c:97:9:lis2duxs12_from_fs4g_to_mg	16	static
../Drivers/BSP/Components/lis2duxs12/lis2duxs12_reg.c:102:9:lis2duxs12_from_fs8g_to_mg	16	static
../Drivers/BSP/Components/lis2duxs12/lis2duxs12_reg.c:107:9:lis2duxs12_from_fs16g_to_mg	16	static
../Drivers/BSP/Components/lis2duxs12/lis2duxs12_reg.c:112:9:lis2duxs12_from_lsb_to_celsius	16	static
../Drivers/BSP/Components/lis2duxs12/lis2duxs12_reg.c:117:9:lis2duxs12_from_lsb_to_mv	16	static
../Drivers/BSP/Components/lis2duxs12/lis2duxs12_reg.c:141:9:lis2duxs12_device_id_get	24	static
../Drivers/BSP/Components/lis2duxs12/lis2duxs12_reg.c:158:9:lis2duxs12_init_set	40	static
../Drivers/BSP/Components/lis2duxs12/lis2duxs12_reg.c:268:9:lis2duxs12_status_get	32	static
../Drivers/BSP/Components/lis2duxs12/lis2duxs12_reg.c:295:9:lis2duxs12_embedded_status_get	24	static
../Drivers/BSP/Components/lis2duxs12/lis2duxs12_reg.c:319:9:lis2duxs12_data_ready_mode_set	24	static
../Drivers/BSP/Components/lis2duxs12/lis2duxs12_reg.c:343:9:lis2duxs12_data_ready_mode_get	24	static
../Drivers/BSP/Components/lis2duxs12/lis2duxs12_reg.c:375:9:lis2duxs12_mode_set	32	static
../Drivers/BSP/Components/lis2duxs12/lis2duxs12_reg.c:497:9:lis2duxs12_mode_get	32	static
../Drivers/BSP/Components/lis2duxs12/lis2duxs12_reg.c:604:9:lis2duxs12_t_ah_qvar_dis_set	24	static
../Drivers/BSP/Components/lis2duxs12/lis2duxs12_reg.c:628:9:lis2duxs12_t_ah_qvar_dis_get	24	static
../Drivers/BSP/Components/lis2duxs12/lis2duxs12_reg.c:647:9:lis2duxs12_enter_deep_power_down	24	static
../Drivers/BSP/Components/lis2duxs12/lis2duxs12_reg.c:671:9:lis2duxs12_exit_deep_power_down	24	static
../Drivers/BSP/Components/lis2duxs12/lis2duxs12_reg.c:695:9:lis2duxs12_trigger_sw	24	static
../Drivers/BSP/Components/lis2duxs12/lis2duxs12_reg.c:712:9:lis2duxs12_all_sources_get	40	static
../Drivers/BSP/Components/lis2duxs12/lis2duxs12_reg.c:763:9:lis2duxs12_xl_data_get	48	static
../Drivers/BSP/Components/lis2duxs12/lis2duxs12_reg.c:812:9:lis2duxs12_outt_data_get	24	static
../Drivers/BSP/Components/lis2duxs12/lis2duxs12_reg.c:837:9:lis2duxs12_ah_qvar_data_get	24	static
../Drivers/BSP/Components/lis2duxs12/lis2duxs12_reg.c:860:9:lis2duxs12_self_test_sign_set	32	static
../Drivers/BSP/Components/lis2duxs12/lis2duxs12_reg.c:904:9:lis2duxs12_self_test_start	24	static
../Drivers/BSP/Components/lis2duxs12/lis2duxs12_reg.c:930:9:lis2duxs12_self_test_stop	24	static
../Drivers/BSP/Components/lis2duxs12/lis2duxs12_reg.c:952:9:lis2duxs12_i3c_configure_set	24	static
../Drivers/BSP/Components/lis2duxs12/lis2duxs12_reg.c:977:13:lis2duxs12_i3c_configure_get	24	static
../Drivers/BSP/Components/lis2duxs12/lis2duxs12_reg.c:1018:9:lis2duxs12_mem_bank_set	24	static
../Drivers/BSP/Components/lis2duxs12/lis2duxs12_reg.c:1042:9:lis2duxs12_mem_bank_get	24	static
../Drivers/BSP/Components/lis2duxs12/lis2duxs12_reg.c:1077:9:lis2duxs12_ln_pg_write	48	static
../Drivers/BSP/Components/lis2duxs12/lis2duxs12_reg.c:1160:9:lis2duxs12_ln_pg_read	48	static
../Drivers/BSP/Components/lis2duxs12/lis2duxs12_reg.c:1262:9:lis2duxs12_ext_clk_en_set	24	static
../Drivers/BSP/Components/lis2duxs12/lis2duxs12_reg.c:1282:9:lis2duxs12_ext_clk_en_get	24	static
../Drivers/BSP/Components/lis2duxs12/lis2duxs12_reg.c:1301:9:lis2duxs12_pin_conf_set	24	static
../Drivers/BSP/Components/lis2duxs12/lis2duxs12_reg.c:1331:9:lis2duxs12_pin_conf_get	24	static
../Drivers/BSP/Components/lis2duxs12/lis2duxs12_reg.c:1356:9:lis2duxs12_int_pin_polarity_set	24	static
../Drivers/BSP/Components/lis2duxs12/lis2duxs12_reg.c:1380:9:lis2duxs12_int_pin_polarity_get	24	static
../Drivers/BSP/Components/lis2duxs12/lis2duxs12_reg.c:1412:9:lis2duxs12_spi_mode_set	24	static
../Drivers/BSP/Components/lis2duxs12/lis2duxs12_reg.c:1436:9:lis2duxs12_spi_mode_get	24	static
../Drivers/BSP/Components/lis2duxs12/lis2duxs12_reg.c:1468:9:lis2duxs12_pin_int1_route_set	32	static
../Drivers/BSP/Components/lis2duxs12/lis2duxs12_reg.c:1530:9:lis2duxs12_pin_int1_route_get	32	static
../Drivers/BSP/Components/lis2duxs12/lis2duxs12_reg.c:1569:9:lis2duxs12_emb_pin_int1_route_set	32	static
../Drivers/BSP/Components/lis2duxs12/lis2duxs12_reg.c:1611:9:lis2duxs12_emb_pin_int1_route_get	24	static
../Drivers/BSP/Components/lis2duxs12/lis2duxs12_reg.c:1643:9:lis2duxs12_pin_int2_route_set	32	static
../Drivers/BSP/Components/lis2duxs12/lis2duxs12_reg.c:1692:9:lis2duxs12_pin_int2_route_get	32	static
../Drivers/BSP/Components/lis2duxs12/lis2duxs12_reg.c:1728:9:lis2duxs12_emb_pin_int2_route_set	32	static
../Drivers/BSP/Components/lis2duxs12/lis2duxs12_reg.c:1770:9:lis2duxs12_emb_pin_int2_route_get	24	static
../Drivers/BSP/Components/lis2duxs12/lis2duxs12_reg.c:1802:9:lis2duxs12_int_config_set	24	static
../Drivers/BSP/Components/lis2duxs12/lis2duxs12_reg.c:1846:9:lis2duxs12_int_config_get	24	static
../Drivers/BSP/Components/lis2duxs12/lis2duxs12_reg.c:1883:9:lis2duxs12_embedded_int_cfg_set	24	static
../Drivers/BSP/Components/lis2duxs12/lis2duxs12_reg.c:1922:9:lis2duxs12_embedded_int_cfg_get	24	static
../Drivers/BSP/Components/lis2duxs12/lis2duxs12_reg.c:1968:9:lis2duxs12_fifo_mode_set	48	static
../Drivers/BSP/Components/lis2duxs12/lis2duxs12_reg.c:2033:9:lis2duxs12_fifo_mode_get	40	static
../Drivers/BSP/Components/lis2duxs12/lis2duxs12_reg.c:2084:9:lis2duxs12_fifo_data_level_get	24	static
../Drivers/BSP/Components/lis2duxs12/lis2duxs12_reg.c:2096:9:lis2duxs12_fifo_wtm_flag_get	24	static
../Drivers/BSP/Components/lis2duxs12/lis2duxs12_reg.c:2108:9:lis2duxs12_fifo_sensor_tag_get	24	static
../Drivers/BSP/Components/lis2duxs12/lis2duxs12_reg.c:2120:9:lis2duxs12_fifo_out_raw_get	24	static
../Drivers/BSP/Components/lis2duxs12/lis2duxs12_reg.c:2129:9:lis2duxs12_fifo_data_get	48	static
../Drivers/BSP/Components/lis2duxs12/lis2duxs12_reg.c:2259:9:lis2duxs12_ah_qvar_mode_set	24	static
../Drivers/BSP/Components/lis2duxs12/lis2duxs12_reg.c:2287:9:lis2duxs12_ah_qvar_mode_get	24	static
../Drivers/BSP/Components/lis2duxs12/lis2duxs12_reg.c:2367:9:lis2duxs12_stpcnt_mode_set	40	static
../Drivers/BSP/Components/lis2duxs12/lis2duxs12_reg.c:2414:9:lis2duxs12_stpcnt_mode_get	32	static
../Drivers/BSP/Components/lis2duxs12/lis2duxs12_reg.c:2440:9:lis2duxs12_stpcnt_steps_get	24	static
../Drivers/BSP/Components/lis2duxs12/lis2duxs12_reg.c:2463:9:lis2duxs12_stpcnt_rst_step_set	24	static
../Drivers/BSP/Components/lis2duxs12/lis2duxs12_reg.c:2489:9:lis2duxs12_stpcnt_debounce_set	24	static
../Drivers/BSP/Components/lis2duxs12/lis2duxs12_reg.c:2509:9:lis2duxs12_stpcnt_debounce_get	24	static
../Drivers/BSP/Components/lis2duxs12/lis2duxs12_reg.c:2529:9:lis2duxs12_stpcnt_period_set	24	static
../Drivers/BSP/Components/lis2duxs12/lis2duxs12_reg.c:2551:9:lis2duxs12_stpcnt_period_get	24	static
../Drivers/BSP/Components/lis2duxs12/lis2duxs12_reg.c:2583:9:lis2duxs12_tilt_mode_set	24	static
../Drivers/BSP/Components/lis2duxs12/lis2duxs12_reg.c:2609:9:lis2duxs12_tilt_mode_get	24	static
../Drivers/BSP/Components/lis2duxs12/lis2duxs12_reg.c:2645:9:lis2duxs12_sigmot_mode_set	24	static
../Drivers/BSP/Components/lis2duxs12/lis2duxs12_reg.c:2671:9:lis2duxs12_sigmot_mode_get	24	static
../Drivers/BSP/Components/lis2duxs12/lis2duxs12_reg.c:2708:9:lis2duxs12_ff_duration_set	32	static
../Drivers/BSP/Components/lis2duxs12/lis2duxs12_reg.c:2740:9:lis2duxs12_ff_duration_get	32	static
../Drivers/BSP/Components/lis2duxs12/lis2duxs12_reg.c:2762:9:lis2duxs12_ff_thresholds_set	24	static
../Drivers/BSP/Components/lis2duxs12/lis2duxs12_reg.c:2782:9:lis2duxs12_ff_thresholds_get	24	static
../Drivers/BSP/Components/lis2duxs12/lis2duxs12_reg.c:2850:9:lis2duxs12_sixd_config_set	24	static
../Drivers/BSP/Components/lis2duxs12/lis2duxs12_reg.c:2875:9:lis2duxs12_sixd_config_get	24	static
../Drivers/BSP/Components/lis2duxs12/lis2duxs12_reg.c:2930:9:lis2duxs12_wakeup_config_set	56	static
../Drivers/BSP/Components/lis2duxs12/lis2duxs12_reg.c:2990:9:lis2duxs12_wakeup_config_get	40	static
../Drivers/BSP/Components/lis2duxs12/lis2duxs12_reg.c:3046:9:lis2duxs12_tap_config_set	56	static
../Drivers/BSP/Components/lis2duxs12/lis2duxs12_reg.c:3096:9:lis2duxs12_tap_config_get	48	static
../Drivers/BSP/Components/lis2duxs12/lis2duxs12_reg.c:3158:9:lis2duxs12_timestamp_set	24	static
../Drivers/BSP/Components/lis2duxs12/lis2duxs12_reg.c:3182:9:lis2duxs12_timestamp_get	24	static
../Drivers/BSP/Components/lis2duxs12/lis2duxs12_reg.c:3203:9:lis2duxs12_timestamp_raw_get	24	static
../Drivers/BSP/Components/lis2duxs12/lis2duxs12_reg.c:3239:9:lis2duxs12_long_cnt_flag_data_ready_get	24	static
../Drivers/BSP/Components/lis2duxs12/lis2duxs12_reg.c:3268:9:lis2duxs12_emb_fsm_en_set	24	static
../Drivers/BSP/Components/lis2duxs12/lis2duxs12_reg.c:3299:9:lis2duxs12_emb_fsm_en_get	24	static
../Drivers/BSP/Components/lis2duxs12/lis2duxs12_reg.c:3330:9:lis2duxs12_fsm_enable_set	24	static
../Drivers/BSP/Components/lis2duxs12/lis2duxs12_reg.c:3382:9:lis2duxs12_fsm_enable_get	24	static
../Drivers/BSP/Components/lis2duxs12/lis2duxs12_reg.c:3409:9:lis2duxs12_long_cnt_set	24	static
../Drivers/BSP/Components/lis2duxs12/lis2duxs12_reg.c:3437:9:lis2duxs12_long_cnt_get	24	static
../Drivers/BSP/Components/lis2duxs12/lis2duxs12_reg.c:3463:9:lis2duxs12_fsm_status_get	16	static
../Drivers/BSP/Components/lis2duxs12/lis2duxs12_reg.c:3478:9:lis2duxs12_fsm_out_get	24	static
../Drivers/BSP/Components/lis2duxs12/lis2duxs12_reg.c:3502:9:lis2duxs12_fsm_data_rate_set	24	static
../Drivers/BSP/Components/lis2duxs12/lis2duxs12_reg.c:3533:9:lis2duxs12_fsm_data_rate_get	24	static
../Drivers/BSP/Components/lis2duxs12/lis2duxs12_reg.c:3589:9:lis2duxs12_fsm_init_set	24	static
../Drivers/BSP/Components/lis2duxs12/lis2duxs12_reg.c:3620:9:lis2duxs12_fsm_init_get	24	static
../Drivers/BSP/Components/lis2duxs12/lis2duxs12_reg.c:3648:9:lis2duxs12_fsm_fifo_en_set	24	static
../Drivers/BSP/Components/lis2duxs12/lis2duxs12_reg.c:3675:9:lis2duxs12_fsm_fifo_en_get	24	static
../Drivers/BSP/Components/lis2duxs12/lis2duxs12_reg.c:3704:9:lis2duxs12_long_cnt_int_value_set	24	static
../Drivers/BSP/Components/lis2duxs12/lis2duxs12_reg.c:3728:9:lis2duxs12_long_cnt_int_value_get	24	static
../Drivers/BSP/Components/lis2duxs12/lis2duxs12_reg.c:3749:9:lis2duxs12_fsm_programs_num_set	24	static
../Drivers/BSP/Components/lis2duxs12/lis2duxs12_reg.c:3766:9:lis2duxs12_fsm_programs_num_get	24	static
../Drivers/BSP/Components/lis2duxs12/lis2duxs12_reg.c:3784:9:lis2duxs12_fsm_start_address_set	24	static
../Drivers/BSP/Components/lis2duxs12/lis2duxs12_reg.c:3806:9:lis2duxs12_fsm_start_address_get	24	static
../Drivers/BSP/Components/lis2duxs12/lis2duxs12_reg.c:3841:9:lis2duxs12_mlc_set	32	static
../Drivers/BSP/Components/lis2duxs12/lis2duxs12_reg.c:3891:9:lis2duxs12_mlc_get	32	static
../Drivers/BSP/Components/lis2duxs12/lis2duxs12_reg.c:3934:9:lis2duxs12_mlc_status_get	16	static
../Drivers/BSP/Components/lis2duxs12/lis2duxs12_reg.c:3948:9:lis2duxs12_mlc_out_get	24	static
../Drivers/BSP/Components/lis2duxs12/lis2duxs12_reg.c:3972:9:lis2duxs12_mlc_data_rate_set	24	static
../Drivers/BSP/Components/lis2duxs12/lis2duxs12_reg.c:4003:9:lis2duxs12_mlc_data_rate_get	24	static
../Drivers/BSP/Components/lis2duxs12/lis2duxs12_reg.c:4056:9:lis2duxs12_mlc_fifo_en_set	24	static
../Drivers/BSP/Components/lis2duxs12/lis2duxs12_reg.c:4083:9:lis2duxs12_mlc_fifo_en_get	24	static
